#
# There is insufficient memory for the Java Runtime Environment to continue.
# Native memory allocation (malloc) failed to allocate 1374576 bytes for Chunk::new
# Possible reasons:
#   The system is out of physical RAM or swap space
#   The process is running with CompressedOops enabled, and the Java Heap may be blocking the growth of the native heap
# Possible solutions:
#   Reduce memory load on the system
#   Increase physical memory or swap space
#   Check if swap backing store is full
#   Decrease Java heap size (-Xmx/-Xms)
#   Decrease number of Java threads
#   Decrease Java thread stack sizes (-Xss)
#   Set larger code cache with -XX:ReservedCodeCacheSize=
#   JVM is running with Unscaled Compressed Oops mode in which the Java heap is
#     placed in the first 4GB address space. The Java Heap base address is the
#     maximum limit for the native heap growth. Please use -XX:HeapBaseMinAddress
#     to set the Java Heap base and to place the Java Heap above 4GB virtual address.
# This output file may be truncated or incomplete.
#
#  Out of Memory Error (arena.cpp:168), pid=8452, tid=11488
#
# JRE version: Java(TM) SE Runtime Environment (21.0.10+8) (build 21.0.10+8-LTS-217)
# Java VM: Java HotSpot(TM) 64-Bit Server VM (21.0.10+8-LTS-217, mixed mode, sharing, tiered, compressed oops, compressed class ptrs, g1 gc, windows-amd64)
# No core dump will be written. Minidumps are not enabled by default on client versions of Windows
#

---------------  S U M M A R Y ------------

Command Line: --add-opens=java.base/java.util=ALL-UNNAMED --add-opens=java.base/java.lang=ALL-UNNAMED --add-opens=java.base/java.lang.invoke=ALL-UNNAMED --add-opens=java.prefs/java.util.prefs=ALL-UNNAMED --add-opens=java.base/java.nio.charset=ALL-UNNAMED --add-opens=java.base/java.net=ALL-UNNAMED --add-opens=java.base/java.util.concurrent.atomic=ALL-UNNAMED -XX:MaxMetaspaceSize=384m -XX:+HeapDumpOnOutOfMemoryError -Xms256m -Xmx512m -Dfile.encoding=UTF-8 -Duser.country=FR -Duser.language=fr -Duser.variant -javaagent:C:\Users\Sarobidy\.gradle\wrapper\dists\gradle-8.5-bin\5t9huq95ubn472n8rpzujfbqh\gradle-8.5\lib\agents\gradle-instrumentation-agent-8.5.jar org.gradle.launcher.daemon.bootstrap.GradleDaemon 8.5

Host: Intel(R) Core(TM) i5-3230M CPU @ 2.60GHz, 4 cores, 5G,  Windows 10 , 64 bit Build 19041 (10.0.19041.6807)
Time: Mon Jul 13 05:02:38 2026 Jordanie elapsed time: 294.480762 seconds (0d 0h 4m 54s)

---------------  T H R E A D  ---------------

Current thread (0x000001a47e37e880):  JavaThread "C2 CompilerThread1" daemon [_thread_in_native, id=11488, stack(0x0000000a77400000,0x0000000a77500000) (1024K)]


Current CompileTask:
C2: 294480 13918   !   4       com.google.common.reflect.TypeVisitor::visit (225 bytes)

Stack: [0x0000000a77400000,0x0000000a77500000]
Native frames: (J=compiled Java code, j=interpreted, Vv=VM code, C=native code)
V  [jvm.dll+0x6d0b59]
V  [jvm.dll+0x85fd56]
V  [jvm.dll+0x86224e]
V  [jvm.dll+0x862923]
V  [jvm.dll+0x282a16]
V  [jvm.dll+0xc662d]
V  [jvm.dll+0xc6b71]
V  [jvm.dll+0x3bbb21]
V  [jvm.dll+0x387fd2]
V  [jvm.dll+0x38741a]
V  [jvm.dll+0x24b370]
V  [jvm.dll+0x24a94f]
V  [jvm.dll+0x1cacfe]
V  [jvm.dll+0x25a629]
V  [jvm.dll+0x258bb5]
V  [jvm.dll+0x3f4da1]
V  [jvm.dll+0x80a83d]
V  [jvm.dll+0x6cf3fd]
C  [ucrtbase.dll+0x21bb2]
C  [KERNEL32.DLL+0x17374]
C  [ntdll.dll+0x4cc91]


---------------  P R O C E S S  ---------------

Threads class SMR info:
_java_thread_list=0x000001a41ca80370, length=45, elements={
0x000001a461e31960, 0x000001a47e367750, 0x000001a47e368020, 0x000001a47e36ced0,
0x000001a47e36d540, 0x000001a47e370360, 0x000001a47e378680, 0x000001a47e379f60,
0x000001a47e37e1b0, 0x000001a47e7aeeb0, 0x000001a47e7237c0, 0x000001a4198e0a90,
0x000001a47e5faf50, 0x000001a419be8200, 0x000001a419858d70, 0x000001a419859a90,
0x000001a41985ae40, 0x000001a41985b4d0, 0x000001a419f9d080, 0x000001a419f9dda0,
0x000001a419f9f150, 0x000001a419f9e430, 0x000001a41b913de0, 0x000001a41b915eb0,
0x000001a41b9123a0, 0x000001a41b90fc40, 0x000001a41b914470, 0x000001a41a5291c0,
0x000001a41a52d360, 0x000001a41a52b290, 0x000001a41a527e10, 0x000001a41a52ac00,
0x000001a41a528b30, 0x000001a41a52ccd0, 0x000001a41a52bfb0, 0x000001a41a52a570,
0x000001a41a52c640, 0x000001a41a52d9f0, 0x000001a41a52b920, 0x000001a41a52e080,
0x000001a41a5270f0, 0x000001a41a52e710, 0x000001a41a5284a0, 0x000001a41a527780,
0x000001a47e37e880
}

Java Threads: ( => current thread )
  0x000001a461e31960 JavaThread "main"                              [_thread_blocked, id=608, stack(0x0000000a74300000,0x0000000a74400000) (1024K)]
  0x000001a47e367750 JavaThread "Reference Handler"          daemon [_thread_blocked, id=5312, stack(0x0000000a74b00000,0x0000000a74c00000) (1024K)]
  0x000001a47e368020 JavaThread "Finalizer"                  daemon [_thread_blocked, id=10488, stack(0x0000000a74c00000,0x0000000a74d00000) (1024K)]
  0x000001a47e36ced0 JavaThread "Signal Dispatcher"          daemon [_thread_blocked, id=1056, stack(0x0000000a74d00000,0x0000000a74e00000) (1024K)]
  0x000001a47e36d540 JavaThread "Attach Listener"            daemon [_thread_blocked, id=8036, stack(0x0000000a74e00000,0x0000000a74f00000) (1024K)]
  0x000001a47e370360 JavaThread "Service Thread"             daemon [_thread_blocked, id=11664, stack(0x0000000a74f00000,0x0000000a75000000) (1024K)]
  0x000001a47e378680 JavaThread "Monitor Deflation Thread"   daemon [_thread_blocked, id=12004, stack(0x0000000a75000000,0x0000000a75100000) (1024K)]
  0x000001a47e379f60 JavaThread "C2 CompilerThread0"         daemon [_thread_in_native, id=9900, stack(0x0000000a75100000,0x0000000a75200000) (1024K)]
  0x000001a47e37e1b0 JavaThread "C1 CompilerThread0"         daemon [_thread_in_native, id=11440, stack(0x0000000a75200000,0x0000000a75300000) (1024K)]
  0x000001a47e7aeeb0 JavaThread "Common-Cleaner"             daemon [_thread_blocked, id=11652, stack(0x0000000a75300000,0x0000000a75400000) (1024K)]
  0x000001a47e7237c0 JavaThread "Notification Thread"        daemon [_thread_blocked, id=8596, stack(0x0000000a75400000,0x0000000a75500000) (1024K)]
  0x000001a4198e0a90 JavaThread "Daemon health stats"               [_thread_blocked, id=8076, stack(0x0000000a75800000,0x0000000a75900000) (1024K)]
  0x000001a47e5faf50 JavaThread "Incoming local TCP Connector on port 49188"        [_thread_in_native, id=7828, stack(0x0000000a75900000,0x0000000a75a00000) (1024K)]
  0x000001a419be8200 JavaThread "Daemon periodic checks"            [_thread_blocked, id=7396, stack(0x0000000a75a00000,0x0000000a75b00000) (1024K)]
  0x000001a419858d70 JavaThread "Cache worker for journal cache (C:\Users\Sarobidy\.gradle\caches\journal-1)"        [_thread_blocked, id=8316, stack(0x0000000a76200000,0x0000000a76300000) (1024K)]
  0x000001a419859a90 JavaThread "File lock request listener"        [_thread_in_native, id=4288, stack(0x0000000a76300000,0x0000000a76400000) (1024K)]
  0x000001a41985ae40 JavaThread "Cache worker for file hash cache (C:\Users\Sarobidy\.gradle\caches\8.5\fileHashes)"        [_thread_blocked, id=12076, stack(0x0000000a76400000,0x0000000a76500000) (1024K)]
  0x000001a41985b4d0 JavaThread "File watcher server"        daemon [_thread_in_native, id=8724, stack(0x0000000a76500000,0x0000000a76600000) (1024K)]
  0x000001a419f9d080 JavaThread "File watcher consumer"      daemon [_thread_blocked, id=10140, stack(0x0000000a76600000,0x0000000a76700000) (1024K)]
  0x000001a419f9dda0 JavaThread "Cache worker for file content cache (C:\Users\Sarobidy\.gradle\caches\8.5\fileContent)"        [_thread_blocked, id=692, stack(0x0000000a76b00000,0x0000000a76c00000) (1024K)]
  0x000001a419f9f150 JavaThread "Cache worker for execution history cache (C:\Users\Sarobidy\.gradle\caches\8.5\executionHistory)"        [_thread_blocked, id=12240, stack(0x0000000a76c00000,0x0000000a76d00000) (1024K)]
  0x000001a419f9e430 JavaThread "jar transforms"                    [_thread_blocked, id=7844, stack(0x0000000a76d00000,0x0000000a76e00000) (1024K)]
  0x000001a41b913de0 JavaThread "jar transforms Thread 2"           [_thread_blocked, id=5548, stack(0x0000000a76f00000,0x0000000a77000000) (1024K)]
  0x000001a41b915eb0 JavaThread "jar transforms Thread 3"           [_thread_in_native, id=11156, stack(0x0000000a77000000,0x0000000a77100000) (1024K)]
  0x000001a41b9123a0 JavaThread "jar transforms Thread 4"           [_thread_blocked, id=2412, stack(0x0000000a77100000,0x0000000a77200000) (1024K)]
  0x000001a41b90fc40 JavaThread "Memory manager"                    [_thread_blocked, id=1240, stack(0x0000000a77600000,0x0000000a77700000) (1024K)]
  0x000001a41b914470 JavaThread "Cache worker for Java compile cache (C:\Users\Sarobidy\.gradle\caches\8.5\javaCompile)"        [_thread_blocked, id=10100, stack(0x0000000a7a100000,0x0000000a7a200000) (1024K)]
  0x000001a41a5291c0 JavaThread "Daemon Thread 2"                   [_thread_blocked, id=4168, stack(0x0000000a74000000,0x0000000a74100000) (1024K)]
  0x000001a41a52d360 JavaThread "Handler for socket connection from /127.0.0.1:49188 to /127.0.0.1:49213"        [_thread_in_native, id=6180, stack(0x0000000a74100000,0x0000000a74200000) (1024K)]
  0x000001a41a52b290 JavaThread "Cancel handler"                    [_thread_blocked, id=3388, stack(0x0000000a74200000,0x0000000a74300000) (1024K)]
  0x000001a41a527e10 JavaThread "Daemon Thread 3"                   [_thread_blocked, id=11884, stack(0x0000000a75b00000,0x0000000a75c00000) (1024K)]
  0x000001a41a52ac00 JavaThread "Daemon worker Thread 2"            [_thread_blocked, id=9640, stack(0x0000000a75d00000,0x0000000a75e00000) (1024K)]
  0x000001a41a528b30 JavaThread "Asynchronous log dispatcher for DefaultDaemonConnection: socket connection from /127.0.0.1:49188 to /127.0.0.1:49213"        [_thread_blocked, id=10536, stack(0x0000000a75e00000,0x0000000a75f00000) (1024K)]
  0x000001a41a52ccd0 JavaThread "Stdin handler"                     [_thread_blocked, id=7548, stack(0x0000000a75f00000,0x0000000a76000000) (1024K)]
  0x000001a41a52bfb0 JavaThread "Daemon client event forwarder"        [_thread_blocked, id=7688, stack(0x0000000a76000000,0x0000000a76100000) (1024K)]
  0x000001a41a52a570 JavaThread "Cache worker for checksums cache (E:\L2\Exercice\Envoie_email\.gradle\8.5\checksums)"        [_thread_blocked, id=5988, stack(0x0000000a76100000,0x0000000a76200000) (1024K)]
  0x000001a41a52c640 JavaThread "Cache worker for file hash cache (E:\L2\Exercice\Envoie_email\.gradle\8.5\fileHashes)"        [_thread_blocked, id=7120, stack(0x0000000a76700000,0x0000000a76800000) (1024K)]
  0x000001a41a52d9f0 JavaThread "Cache worker for cache directory md-supplier (C:\Users\Sarobidy\.gradle\caches\8.5\md-supplier)"        [_thread_blocked, id=11300, stack(0x0000000a75c00000,0x0000000a75d00000) (1024K)]
  0x000001a41a52b920 JavaThread "Cache worker for cache directory md-rule (C:\Users\Sarobidy\.gradle\caches\8.5\md-rule)"        [_thread_blocked, id=5464, stack(0x0000000a76800000,0x0000000a76900000) (1024K)]
  0x000001a41a52e080 JavaThread "Cache worker for dependencies-accessors (E:\L2\Exercice\Envoie_email\.gradle\8.5\dependencies-accessors)"        [_thread_blocked, id=11980, stack(0x0000000a76a00000,0x0000000a76b00000) (1024K)]
  0x000001a41a5270f0 JavaThread "Cache worker for Build Output Cleanup Cache (E:\L2\Exercice\Envoie_email\.gradle\buildOutputCleanup)"        [_thread_blocked, id=6376, stack(0x0000000a76e00000,0x0000000a76f00000) (1024K)]
  0x000001a41a52e710 JavaThread "Unconstrained build operations"        [_thread_blocked, id=11936, stack(0x0000000a76900000,0x0000000a76a00000) (1024K)]
  0x000001a41a5284a0 JavaThread "Unconstrained build operations Thread 2"        [_thread_blocked, id=6836, stack(0x0000000a77200000,0x0000000a77300000) (1024K)]
  0x000001a41a527780 JavaThread "Unconstrained build operations Thread 3"        [_thread_blocked, id=6880, stack(0x0000000a77300000,0x0000000a77400000) (1024K)]
=>0x000001a47e37e880 JavaThread "C2 CompilerThread1"         daemon [_thread_in_native, id=11488, stack(0x0000000a77400000,0x0000000a77500000) (1024K)]
Total: 45

Other Threads:
  0x000001a47e34c220 VMThread "VM Thread"                           [id=1716, stack(0x0000000a74a00000,0x0000000a74b00000) (1024K)]
  0x000001a47e33be50 WatcherThread "VM Periodic Task Thread"        [id=8936, stack(0x0000000a74900000,0x0000000a74a00000) (1024K)]
  0x000001a463fd5070 WorkerThread "GC Thread#0"                     [id=9796, stack(0x0000000a74400000,0x0000000a74500000) (1024K)]
  0x000001a47e886fe0 WorkerThread "GC Thread#1"                     [id=4348, stack(0x0000000a75500000,0x0000000a75600000) (1024K)]
  0x000001a47e9ff160 WorkerThread "GC Thread#2"                     [id=7212, stack(0x0000000a75600000,0x0000000a75700000) (1024K)]
  0x000001a47e9ff510 WorkerThread "GC Thread#3"                     [id=12008, stack(0x0000000a75700000,0x0000000a75800000) (1024K)]
  0x000001a463fda120 ConcurrentGCThread "G1 Main Marker"            [id=2856, stack(0x0000000a74500000,0x0000000a74600000) (1024K)]
  0x000001a463fdb2e0 WorkerThread "G1 Conc#0"                       [id=4144, stack(0x0000000a74600000,0x0000000a74700000) (1024K)]
  0x000001a47e20e190 ConcurrentGCThread "G1 Refine#0"               [id=10252, stack(0x0000000a74700000,0x0000000a74800000) (1024K)]
  0x000001a47e2115f0 ConcurrentGCThread "G1 Service"                [id=2788, stack(0x0000000a74800000,0x0000000a74900000) (1024K)]
Total: 10

Threads with active compile tasks:
C2 CompilerThread0   295185 13865       4       org.gradle.cache.internal.btree.CachingBlockStore::read (56 bytes)
C1 CompilerThread0   295185 13982   !   3       org.apache.groovy.parser.antlr4.GroovyParser::expression (4043 bytes)
C2 CompilerThread1   295186 13918   !   4       com.google.common.reflect.TypeVisitor::visit (225 bytes)
Total: 3

VM state: not at safepoint (normal execution)

VM Mutex/Monitor currently owned by a thread: None

Heap address: 0x00000000e0000000, size: 512 MB, Compressed Oops mode: 32-bit

CDS archive(s) mapped at: [0x000001a400000000-0x000001a400c90000-0x000001a400c90000), size 13172736, SharedBaseAddress: 0x000001a400000000, ArchiveRelocationMode: 1.
Compressed class space mapped at: 0x000001a401000000-0x000001a415000000, reserved size: 335544320
Narrow klass base: 0x000001a400000000, Narrow klass shift: 0, Narrow klass range: 0x100000000

GC Precious Log:
 CardTable entry size: 512
 Card Set container configuration: InlinePtr #cards 5 size 8 Array Of Cards #cards 12 size 40 Howl #buckets 4 coarsen threshold 1843 Howl Bitmap #cards 512 size 80 coarsen threshold 460 Card regions per heap region 1 cards per card region 2048
 CPUs: 4 total, 4 available
 Memory: 6017M
 Large Page Support: Disabled
 NUMA Support: Disabled
 Compressed Oops: Enabled (32-bit)
 Heap Region Size: 1M
 Heap Min Capacity: 256M
 Heap Initial Capacity: 256M
 Heap Max Capacity: 512M
 Pre-touch: Disabled
 Parallel Workers: 4
 Concurrent Workers: 1
 Concurrent Refinement Workers: 4
 Periodic GC: Disabled

Heap:
 garbage-first heap   total 262144K, used 188133K [0x00000000e0000000, 0x0000000100000000)
  region size 1024K, 109 young (111616K), 7 survivors (7168K)
 Metaspace       used 78544K, committed 80768K, reserved 458752K
  class space    used 10730K, committed 11840K, reserved 327680K

Heap Regions: E=young(eden), S=young(survivor), O=old, HS=humongous(starts), HC=humongous(continues), CS=collection set, F=free, TAMS=top-at-mark-start, PB=parsable bottom
|   0|0x00000000e0000000, 0x00000000e0100000, 0x00000000e0100000|100%| O|  |TAMS 0x00000000e0000000| PB 0x00000000e0000000| Untracked 
|   1|0x00000000e0100000, 0x00000000e0200000, 0x00000000e0200000|100%|HS|  |TAMS 0x00000000e0100000| PB 0x00000000e0100000| Complete 
|   2|0x00000000e0200000, 0x00000000e0300000, 0x00000000e0300000|100%|HC|  |TAMS 0x00000000e0200000| PB 0x00000000e0200000| Complete 
|   3|0x00000000e0300000, 0x00000000e0400000, 0x00000000e0400000|100%|HC|  |TAMS 0x00000000e0300000| PB 0x00000000e0300000| Complete 
|   4|0x00000000e0400000, 0x00000000e0500000, 0x00000000e0500000|100%|HC|  |TAMS 0x00000000e0400000| PB 0x00000000e0400000| Complete 
|   5|0x00000000e0500000, 0x00000000e0600000, 0x00000000e0600000|100%| O|  |TAMS 0x00000000e0500000| PB 0x00000000e0500000| Untracked 
|   6|0x00000000e0600000, 0x00000000e0700000, 0x00000000e0700000|100%| O|  |TAMS 0x00000000e0600000| PB 0x00000000e0600000| Untracked 
|   7|0x00000000e0700000, 0x00000000e0800000, 0x00000000e0800000|100%| O|  |TAMS 0x00000000e0700000| PB 0x00000000e0700000| Untracked 
|   8|0x00000000e0800000, 0x00000000e0900000, 0x00000000e0900000|100%| O|  |TAMS 0x00000000e0800000| PB 0x00000000e0800000| Untracked 
|   9|0x00000000e0900000, 0x00000000e0a00000, 0x00000000e0a00000|100%| O|  |TAMS 0x00000000e0900000| PB 0x00000000e0900000| Untracked 
|  10|0x00000000e0a00000, 0x00000000e0b00000, 0x00000000e0b00000|100%| O|  |TAMS 0x00000000e0a00000| PB 0x00000000e0a00000| Untracked 
|  11|0x00000000e0b00000, 0x00000000e0c00000, 0x00000000e0c00000|100%| O|  |TAMS 0x00000000e0b00000| PB 0x00000000e0b00000| Untracked 
|  12|0x00000000e0c00000, 0x00000000e0d00000, 0x00000000e0d00000|100%| O|  |TAMS 0x00000000e0c00000| PB 0x00000000e0c00000| Untracked 
|  13|0x00000000e0d00000, 0x00000000e0e00000, 0x00000000e0e00000|100%| O|  |TAMS 0x00000000e0d00000| PB 0x00000000e0d00000| Untracked 
|  14|0x00000000e0e00000, 0x00000000e0f00000, 0x00000000e0f00000|100%| O|  |TAMS 0x00000000e0e00000| PB 0x00000000e0e00000| Untracked 
|  15|0x00000000e0f00000, 0x00000000e1000000, 0x00000000e1000000|100%| O|  |TAMS 0x00000000e0f00000| PB 0x00000000e0f00000| Untracked 
|  16|0x00000000e1000000, 0x00000000e1100000, 0x00000000e1100000|100%| O|  |TAMS 0x00000000e1000000| PB 0x00000000e1000000| Untracked 
|  17|0x00000000e1100000, 0x00000000e1200000, 0x00000000e1200000|100%| O|  |TAMS 0x00000000e1100000| PB 0x00000000e1100000| Untracked 
|  18|0x00000000e1200000, 0x00000000e1300000, 0x00000000e1300000|100%| O|  |TAMS 0x00000000e1200000| PB 0x00000000e1200000| Untracked 
|  19|0x00000000e1300000, 0x00000000e1400000, 0x00000000e1400000|100%| O|  |TAMS 0x00000000e1300000| PB 0x00000000e1300000| Untracked 
|  20|0x00000000e1400000, 0x00000000e1500000, 0x00000000e1500000|100%| O|  |TAMS 0x00000000e1400000| PB 0x00000000e1400000| Untracked 
|  21|0x00000000e1500000, 0x00000000e1600000, 0x00000000e1600000|100%| O|  |TAMS 0x00000000e1500000| PB 0x00000000e1500000| Untracked 
|  22|0x00000000e1600000, 0x00000000e1700000, 0x00000000e1700000|100%| O|  |TAMS 0x00000000e1600000| PB 0x00000000e1600000| Untracked 
|  23|0x00000000e1700000, 0x00000000e1800000, 0x00000000e1800000|100%| O|  |TAMS 0x00000000e1700000| PB 0x00000000e1700000| Untracked 
|  24|0x00000000e1800000, 0x00000000e1900000, 0x00000000e1900000|100%| O|  |TAMS 0x00000000e1800000| PB 0x00000000e1800000| Untracked 
|  25|0x00000000e1900000, 0x00000000e1a00000, 0x00000000e1a00000|100%| O|  |TAMS 0x00000000e1900000| PB 0x00000000e1900000| Untracked 
|  26|0x00000000e1a00000, 0x00000000e1b00000, 0x00000000e1b00000|100%| O|  |TAMS 0x00000000e1a00000| PB 0x00000000e1a00000| Untracked 
|  27|0x00000000e1b00000, 0x00000000e1c00000, 0x00000000e1c00000|100%| O|  |TAMS 0x00000000e1b00000| PB 0x00000000e1b00000| Untracked 
|  28|0x00000000e1c00000, 0x00000000e1d00000, 0x00000000e1d00000|100%| O|  |TAMS 0x00000000e1c00000| PB 0x00000000e1c00000| Untracked 
|  29|0x00000000e1d00000, 0x00000000e1e00000, 0x00000000e1e00000|100%| O|  |TAMS 0x00000000e1d00000| PB 0x00000000e1d00000| Untracked 
|  30|0x00000000e1e00000, 0x00000000e1f00000, 0x00000000e1f00000|100%| O|  |TAMS 0x00000000e1e00000| PB 0x00000000e1e00000| Untracked 
|  31|0x00000000e1f00000, 0x00000000e2000000, 0x00000000e2000000|100%| O|  |TAMS 0x00000000e1f00000| PB 0x00000000e1f00000| Untracked 
|  32|0x00000000e2000000, 0x00000000e2100000, 0x00000000e2100000|100%| O|  |TAMS 0x00000000e2000000| PB 0x00000000e2000000| Untracked 
|  33|0x00000000e2100000, 0x00000000e2200000, 0x00000000e2200000|100%| O|  |TAMS 0x00000000e2100000| PB 0x00000000e2100000| Untracked 
|  34|0x00000000e2200000, 0x00000000e2300000, 0x00000000e2300000|100%| O|  |TAMS 0x00000000e2200000| PB 0x00000000e2200000| Untracked 
|  35|0x00000000e2300000, 0x00000000e2400000, 0x00000000e2400000|100%| O|  |TAMS 0x00000000e2300000| PB 0x00000000e2300000| Untracked 
|  36|0x00000000e2400000, 0x00000000e2500000, 0x00000000e2500000|100%| O|  |TAMS 0x00000000e2400000| PB 0x00000000e2400000| Untracked 
|  37|0x00000000e2500000, 0x00000000e2600000, 0x00000000e2600000|100%| O|  |TAMS 0x00000000e2500000| PB 0x00000000e2500000| Untracked 
|  38|0x00000000e2600000, 0x00000000e2700000, 0x00000000e2700000|100%| O|  |TAMS 0x00000000e2600000| PB 0x00000000e2600000| Untracked 
|  39|0x00000000e2700000, 0x00000000e2800000, 0x00000000e2800000|100%| O|  |TAMS 0x00000000e2700000| PB 0x00000000e2700000| Untracked 
|  40|0x00000000e2800000, 0x00000000e2900000, 0x00000000e2900000|100%| O|  |TAMS 0x00000000e2800000| PB 0x00000000e2800000| Untracked 
|  41|0x00000000e2900000, 0x00000000e2a00000, 0x00000000e2a00000|100%| O|  |TAMS 0x00000000e2900000| PB 0x00000000e2900000| Untracked 
|  42|0x00000000e2a00000, 0x00000000e2a00000, 0x00000000e2b00000|  0%| F|  |TAMS 0x00000000e2a00000| PB 0x00000000e2a00000| Untracked 
|  43|0x00000000e2b00000, 0x00000000e2c00000, 0x00000000e2c00000|100%| O|  |TAMS 0x00000000e2b00000| PB 0x00000000e2b00000| Untracked 
|  44|0x00000000e2c00000, 0x00000000e2d00000, 0x00000000e2d00000|100%| O|  |TAMS 0x00000000e2c00000| PB 0x00000000e2c00000| Untracked 
|  45|0x00000000e2d00000, 0x00000000e2e00000, 0x00000000e2e00000|100%| O|  |TAMS 0x00000000e2d00000| PB 0x00000000e2d00000| Untracked 
|  46|0x00000000e2e00000, 0x00000000e2f00000, 0x00000000e2f00000|100%| O|  |TAMS 0x00000000e2e00000| PB 0x00000000e2e00000| Untracked 
|  47|0x00000000e2f00000, 0x00000000e3000000, 0x00000000e3000000|100%| O|  |TAMS 0x00000000e2f00000| PB 0x00000000e2f00000| Untracked 
|  48|0x00000000e3000000, 0x00000000e3100000, 0x00000000e3100000|100%| O|  |TAMS 0x00000000e3000000| PB 0x00000000e3000000| Untracked 
|  49|0x00000000e3100000, 0x00000000e3200000, 0x00000000e3200000|100%| O|  |TAMS 0x00000000e3100000| PB 0x00000000e3100000| Untracked 
|  50|0x00000000e3200000, 0x00000000e3300000, 0x00000000e3300000|100%| O|  |TAMS 0x00000000e3200000| PB 0x00000000e3200000| Untracked 
|  51|0x00000000e3300000, 0x00000000e3400000, 0x00000000e3400000|100%| O|  |TAMS 0x00000000e3300000| PB 0x00000000e3300000| Untracked 
|  52|0x00000000e3400000, 0x00000000e3500000, 0x00000000e3500000|100%| O|  |TAMS 0x00000000e3400000| PB 0x00000000e3400000| Untracked 
|  53|0x00000000e3500000, 0x00000000e3600000, 0x00000000e3600000|100%| O|  |TAMS 0x00000000e3500000| PB 0x00000000e3500000| Untracked 
|  54|0x00000000e3600000, 0x00000000e3700000, 0x00000000e3700000|100%|HS|  |TAMS 0x00000000e3600000| PB 0x00000000e3600000| Complete 
|  55|0x00000000e3700000, 0x00000000e3800000, 0x00000000e3800000|100%| O|  |TAMS 0x00000000e3700000| PB 0x00000000e3700000| Untracked 
|  56|0x00000000e3800000, 0x00000000e3900000, 0x00000000e3900000|100%| O|  |TAMS 0x00000000e3800000| PB 0x00000000e3800000| Untracked 
|  57|0x00000000e3900000, 0x00000000e3a00000, 0x00000000e3a00000|100%| O|  |TAMS 0x00000000e3900000| PB 0x00000000e3900000| Untracked 
|  58|0x00000000e3a00000, 0x00000000e3b00000, 0x00000000e3b00000|100%| O|  |TAMS 0x00000000e3a00000| PB 0x00000000e3a00000| Untracked 
|  59|0x00000000e3b00000, 0x00000000e3c00000, 0x00000000e3c00000|100%| O|  |TAMS 0x00000000e3b00000| PB 0x00000000e3b00000| Untracked 
|  60|0x00000000e3c00000, 0x00000000e3d00000, 0x00000000e3d00000|100%| O|  |TAMS 0x00000000e3c00000| PB 0x00000000e3c00000| Untracked 
|  61|0x00000000e3d00000, 0x00000000e3e00000, 0x00000000e3e00000|100%| O|  |TAMS 0x00000000e3d00000| PB 0x00000000e3d00000| Untracked 
|  62|0x00000000e3e00000, 0x00000000e3f00000, 0x00000000e3f00000|100%| O|  |TAMS 0x00000000e3e00000| PB 0x00000000e3e00000| Untracked 
|  63|0x00000000e3f00000, 0x00000000e4000000, 0x00000000e4000000|100%| O|  |TAMS 0x00000000e3f00000| PB 0x00000000e3f00000| Untracked 
|  64|0x00000000e4000000, 0x00000000e4100000, 0x00000000e4100000|100%| O|  |TAMS 0x00000000e4000000| PB 0x00000000e4000000| Untracked 
|  65|0x00000000e4100000, 0x00000000e4200000, 0x00000000e4200000|100%| O|  |TAMS 0x00000000e4100000| PB 0x00000000e4100000| Untracked 
|  66|0x00000000e4200000, 0x00000000e4300000, 0x00000000e4300000|100%| O|  |TAMS 0x00000000e4200000| PB 0x00000000e4200000| Untracked 
|  67|0x00000000e4300000, 0x00000000e4400000, 0x00000000e4400000|100%| O|  |TAMS 0x00000000e4300000| PB 0x00000000e4300000| Untracked 
|  68|0x00000000e4400000, 0x00000000e4500000, 0x00000000e4500000|100%| O|  |TAMS 0x00000000e4400000| PB 0x00000000e4400000| Untracked 
|  69|0x00000000e4500000, 0x00000000e4600000, 0x00000000e4600000|100%| O|  |TAMS 0x00000000e4500000| PB 0x00000000e4500000| Untracked 
|  70|0x00000000e4600000, 0x00000000e4700000, 0x00000000e4700000|100%| O|  |TAMS 0x00000000e4600000| PB 0x00000000e4600000| Untracked 
|  71|0x00000000e4700000, 0x00000000e4800000, 0x00000000e4800000|100%| O|  |TAMS 0x00000000e4700000| PB 0x00000000e4700000| Untracked 
|  72|0x00000000e4800000, 0x00000000e4900000, 0x00000000e4900000|100%| O|  |TAMS 0x00000000e4800000| PB 0x00000000e4800000| Untracked 
|  73|0x00000000e4900000, 0x00000000e4a00000, 0x00000000e4a00000|100%| O|  |TAMS 0x00000000e4900000| PB 0x00000000e4900000| Untracked 
|  74|0x00000000e4a00000, 0x00000000e4b00000, 0x00000000e4b00000|100%| O|  |TAMS 0x00000000e4a00000| PB 0x00000000e4a00000| Untracked 
|  75|0x00000000e4b00000, 0x00000000e4c00000, 0x00000000e4c00000|100%| O|  |TAMS 0x00000000e4b00000| PB 0x00000000e4b00000| Untracked 
|  76|0x00000000e4c00000, 0x00000000e4d00000, 0x00000000e4d00000|100%| O|  |TAMS 0x00000000e4c00000| PB 0x00000000e4c00000| Untracked 
|  77|0x00000000e4d00000, 0x00000000e4d80000, 0x00000000e4e00000| 50%| O|  |TAMS 0x00000000e4d00000| PB 0x00000000e4d00000| Untracked 
|  78|0x00000000e4e00000, 0x00000000e4e00000, 0x00000000e4f00000|  0%| F|  |TAMS 0x00000000e4e00000| PB 0x00000000e4e00000| Untracked 
|  79|0x00000000e4f00000, 0x00000000e4f00000, 0x00000000e5000000|  0%| F|  |TAMS 0x00000000e4f00000| PB 0x00000000e4f00000| Untracked 
|  80|0x00000000e5000000, 0x00000000e5000000, 0x00000000e5100000|  0%| F|  |TAMS 0x00000000e5000000| PB 0x00000000e5000000| Untracked 
|  81|0x00000000e5100000, 0x00000000e5100000, 0x00000000e5200000|  0%| F|  |TAMS 0x00000000e5100000| PB 0x00000000e5100000| Untracked 
|  82|0x00000000e5200000, 0x00000000e5200000, 0x00000000e5300000|  0%| F|  |TAMS 0x00000000e5200000| PB 0x00000000e5200000| Untracked 
|  83|0x00000000e5300000, 0x00000000e5300000, 0x00000000e5400000|  0%| F|  |TAMS 0x00000000e5300000| PB 0x00000000e5300000| Untracked 
|  84|0x00000000e5400000, 0x00000000e5400000, 0x00000000e5500000|  0%| F|  |TAMS 0x00000000e5400000| PB 0x00000000e5400000| Untracked 
|  85|0x00000000e5500000, 0x00000000e5500000, 0x00000000e5600000|  0%| F|  |TAMS 0x00000000e5500000| PB 0x00000000e5500000| Untracked 
|  86|0x00000000e5600000, 0x00000000e5600000, 0x00000000e5700000|  0%| F|  |TAMS 0x00000000e5600000| PB 0x00000000e5600000| Untracked 
|  87|0x00000000e5700000, 0x00000000e5700000, 0x00000000e5800000|  0%| F|  |TAMS 0x00000000e5700000| PB 0x00000000e5700000| Untracked 
|  88|0x00000000e5800000, 0x00000000e5800000, 0x00000000e5900000|  0%| F|  |TAMS 0x00000000e5800000| PB 0x00000000e5800000| Untracked 
|  89|0x00000000e5900000, 0x00000000e5900000, 0x00000000e5a00000|  0%| F|  |TAMS 0x00000000e5900000| PB 0x00000000e5900000| Untracked 
|  90|0x00000000e5a00000, 0x00000000e5a00000, 0x00000000e5b00000|  0%| F|  |TAMS 0x00000000e5a00000| PB 0x00000000e5a00000| Untracked 
|  91|0x00000000e5b00000, 0x00000000e5b00000, 0x00000000e5c00000|  0%| F|  |TAMS 0x00000000e5b00000| PB 0x00000000e5b00000| Untracked 
|  92|0x00000000e5c00000, 0x00000000e5c00000, 0x00000000e5d00000|  0%| F|  |TAMS 0x00000000e5c00000| PB 0x00000000e5c00000| Untracked 
|  93|0x00000000e5d00000, 0x00000000e5d00000, 0x00000000e5e00000|  0%| F|  |TAMS 0x00000000e5d00000| PB 0x00000000e5d00000| Untracked 
|  94|0x00000000e5e00000, 0x00000000e5e00000, 0x00000000e5f00000|  0%| F|  |TAMS 0x00000000e5e00000| PB 0x00000000e5e00000| Untracked 
|  95|0x00000000e5f00000, 0x00000000e5f00000, 0x00000000e6000000|  0%| F|  |TAMS 0x00000000e5f00000| PB 0x00000000e5f00000| Untracked 
|  96|0x00000000e6000000, 0x00000000e6000000, 0x00000000e6100000|  0%| F|  |TAMS 0x00000000e6000000| PB 0x00000000e6000000| Untracked 
|  97|0x00000000e6100000, 0x00000000e6100000, 0x00000000e6200000|  0%| F|  |TAMS 0x00000000e6100000| PB 0x00000000e6100000| Untracked 
|  98|0x00000000e6200000, 0x00000000e6200000, 0x00000000e6300000|  0%| F|  |TAMS 0x00000000e6200000| PB 0x00000000e6200000| Untracked 
|  99|0x00000000e6300000, 0x00000000e6300000, 0x00000000e6400000|  0%| F|  |TAMS 0x00000000e6300000| PB 0x00000000e6300000| Untracked 
| 100|0x00000000e6400000, 0x00000000e6400000, 0x00000000e6500000|  0%| F|  |TAMS 0x00000000e6400000| PB 0x00000000e6400000| Untracked 
| 101|0x00000000e6500000, 0x00000000e6500000, 0x00000000e6600000|  0%| F|  |TAMS 0x00000000e6500000| PB 0x00000000e6500000| Untracked 
| 102|0x00000000e6600000, 0x00000000e6600000, 0x00000000e6700000|  0%| F|  |TAMS 0x00000000e6600000| PB 0x00000000e6600000| Untracked 
| 103|0x00000000e6700000, 0x00000000e6700000, 0x00000000e6800000|  0%| F|  |TAMS 0x00000000e6700000| PB 0x00000000e6700000| Untracked 
| 104|0x00000000e6800000, 0x00000000e6800000, 0x00000000e6900000|  0%| F|  |TAMS 0x00000000e6800000| PB 0x00000000e6800000| Untracked 
| 105|0x00000000e6900000, 0x00000000e6900000, 0x00000000e6a00000|  0%| F|  |TAMS 0x00000000e6900000| PB 0x00000000e6900000| Untracked 
| 106|0x00000000e6a00000, 0x00000000e6a00000, 0x00000000e6b00000|  0%| F|  |TAMS 0x00000000e6a00000| PB 0x00000000e6a00000| Untracked 
| 107|0x00000000e6b00000, 0x00000000e6b00000, 0x00000000e6c00000|  0%| F|  |TAMS 0x00000000e6b00000| PB 0x00000000e6b00000| Untracked 
| 108|0x00000000e6c00000, 0x00000000e6c00000, 0x00000000e6d00000|  0%| F|  |TAMS 0x00000000e6c00000| PB 0x00000000e6c00000| Untracked 
| 109|0x00000000e6d00000, 0x00000000e6d00000, 0x00000000e6e00000|  0%| F|  |TAMS 0x00000000e6d00000| PB 0x00000000e6d00000| Untracked 
| 110|0x00000000e6e00000, 0x00000000e6e00000, 0x00000000e6f00000|  0%| F|  |TAMS 0x00000000e6e00000| PB 0x00000000e6e00000| Untracked 
| 111|0x00000000e6f00000, 0x00000000e6f00000, 0x00000000e7000000|  0%| F|  |TAMS 0x00000000e6f00000| PB 0x00000000e6f00000| Untracked 
| 112|0x00000000e7000000, 0x00000000e7000000, 0x00000000e7100000|  0%| F|  |TAMS 0x00000000e7000000| PB 0x00000000e7000000| Untracked 
| 113|0x00000000e7100000, 0x00000000e7100000, 0x00000000e7200000|  0%| F|  |TAMS 0x00000000e7100000| PB 0x00000000e7100000| Untracked 
| 114|0x00000000e7200000, 0x00000000e7200000, 0x00000000e7300000|  0%| F|  |TAMS 0x00000000e7200000| PB 0x00000000e7200000| Untracked 
| 115|0x00000000e7300000, 0x00000000e7300000, 0x00000000e7400000|  0%| F|  |TAMS 0x00000000e7300000| PB 0x00000000e7300000| Untracked 
| 116|0x00000000e7400000, 0x00000000e7400000, 0x00000000e7500000|  0%| F|  |TAMS 0x00000000e7400000| PB 0x00000000e7400000| Untracked 
| 117|0x00000000e7500000, 0x00000000e7500000, 0x00000000e7600000|  0%| F|  |TAMS 0x00000000e7500000| PB 0x00000000e7500000| Untracked 
| 118|0x00000000e7600000, 0x00000000e7639440, 0x00000000e7700000| 22%| S|CS|TAMS 0x00000000e7600000| PB 0x00000000e7600000| Complete 
| 119|0x00000000e7700000, 0x00000000e7800000, 0x00000000e7800000|100%| S|CS|TAMS 0x00000000e7700000| PB 0x00000000e7700000| Complete 
| 120|0x00000000e7800000, 0x00000000e7900000, 0x00000000e7900000|100%| S|CS|TAMS 0x00000000e7800000| PB 0x00000000e7800000| Complete 
| 121|0x00000000e7900000, 0x00000000e7a00000, 0x00000000e7a00000|100%| S|CS|TAMS 0x00000000e7900000| PB 0x00000000e7900000| Complete 
| 122|0x00000000e7a00000, 0x00000000e7b00000, 0x00000000e7b00000|100%| S|CS|TAMS 0x00000000e7a00000| PB 0x00000000e7a00000| Complete 
| 123|0x00000000e7b00000, 0x00000000e7c00000, 0x00000000e7c00000|100%| S|CS|TAMS 0x00000000e7b00000| PB 0x00000000e7b00000| Complete 
| 124|0x00000000e7c00000, 0x00000000e7d00000, 0x00000000e7d00000|100%| S|CS|TAMS 0x00000000e7c00000| PB 0x00000000e7c00000| Complete 
| 125|0x00000000e7d00000, 0x00000000e7d00000, 0x00000000e7e00000|  0%| F|  |TAMS 0x00000000e7d00000| PB 0x00000000e7d00000| Untracked 
| 126|0x00000000e7e00000, 0x00000000e7e00000, 0x00000000e7f00000|  0%| F|  |TAMS 0x00000000e7e00000| PB 0x00000000e7e00000| Untracked 
| 127|0x00000000e7f00000, 0x00000000e7f00000, 0x00000000e8000000|  0%| F|  |TAMS 0x00000000e7f00000| PB 0x00000000e7f00000| Untracked 
| 128|0x00000000e8000000, 0x00000000e8000000, 0x00000000e8100000|  0%| F|  |TAMS 0x00000000e8000000| PB 0x00000000e8000000| Untracked 
| 129|0x00000000e8100000, 0x00000000e8100000, 0x00000000e8200000|  0%| F|  |TAMS 0x00000000e8100000| PB 0x00000000e8100000| Untracked 
| 130|0x00000000e8200000, 0x00000000e8200000, 0x00000000e8300000|  0%| F|  |TAMS 0x00000000e8200000| PB 0x00000000e8200000| Untracked 
| 131|0x00000000e8300000, 0x00000000e8300000, 0x00000000e8400000|  0%| F|  |TAMS 0x00000000e8300000| PB 0x00000000e8300000| Untracked 
| 132|0x00000000e8400000, 0x00000000e8400000, 0x00000000e8500000|  0%| F|  |TAMS 0x00000000e8400000| PB 0x00000000e8400000| Untracked 
| 133|0x00000000e8500000, 0x00000000e8500000, 0x00000000e8600000|  0%| F|  |TAMS 0x00000000e8500000| PB 0x00000000e8500000| Untracked 
| 134|0x00000000e8600000, 0x00000000e8600000, 0x00000000e8700000|  0%| F|  |TAMS 0x00000000e8600000| PB 0x00000000e8600000| Untracked 
| 135|0x00000000e8700000, 0x00000000e8700000, 0x00000000e8800000|  0%| F|  |TAMS 0x00000000e8700000| PB 0x00000000e8700000| Untracked 
| 136|0x00000000e8800000, 0x00000000e8800000, 0x00000000e8900000|  0%| F|  |TAMS 0x00000000e8800000| PB 0x00000000e8800000| Untracked 
| 137|0x00000000e8900000, 0x00000000e8900000, 0x00000000e8a00000|  0%| F|  |TAMS 0x00000000e8900000| PB 0x00000000e8900000| Untracked 
| 138|0x00000000e8a00000, 0x00000000e8a00000, 0x00000000e8b00000|  0%| F|  |TAMS 0x00000000e8a00000| PB 0x00000000e8a00000| Untracked 
| 139|0x00000000e8b00000, 0x00000000e8b00000, 0x00000000e8c00000|  0%| F|  |TAMS 0x00000000e8b00000| PB 0x00000000e8b00000| Untracked 
| 140|0x00000000e8c00000, 0x00000000e8c00000, 0x00000000e8d00000|  0%| F|  |TAMS 0x00000000e8c00000| PB 0x00000000e8c00000| Untracked 
| 141|0x00000000e8d00000, 0x00000000e8d00000, 0x00000000e8e00000|  0%| F|  |TAMS 0x00000000e8d00000| PB 0x00000000e8d00000| Untracked 
| 142|0x00000000e8e00000, 0x00000000e8e00000, 0x00000000e8f00000|  0%| F|  |TAMS 0x00000000e8e00000| PB 0x00000000e8e00000| Untracked 
| 143|0x00000000e8f00000, 0x00000000e8f00000, 0x00000000e9000000|  0%| F|  |TAMS 0x00000000e8f00000| PB 0x00000000e8f00000| Untracked 
| 144|0x00000000e9000000, 0x00000000e9000000, 0x00000000e9100000|  0%| F|  |TAMS 0x00000000e9000000| PB 0x00000000e9000000| Untracked 
| 145|0x00000000e9100000, 0x00000000e9100000, 0x00000000e9200000|  0%| F|  |TAMS 0x00000000e9100000| PB 0x00000000e9100000| Untracked 
| 146|0x00000000e9200000, 0x00000000e9200000, 0x00000000e9300000|  0%| F|  |TAMS 0x00000000e9200000| PB 0x00000000e9200000| Untracked 
| 147|0x00000000e9300000, 0x00000000e9300000, 0x00000000e9400000|  0%| F|  |TAMS 0x00000000e9300000| PB 0x00000000e9300000| Untracked 
| 148|0x00000000e9400000, 0x00000000e9400000, 0x00000000e9500000|  0%| F|  |TAMS 0x00000000e9400000| PB 0x00000000e9400000| Untracked 
| 149|0x00000000e9500000, 0x00000000e9500000, 0x00000000e9600000|  0%| F|  |TAMS 0x00000000e9500000| PB 0x00000000e9500000| Untracked 
| 150|0x00000000e9600000, 0x00000000e9600000, 0x00000000e9700000|  0%| F|  |TAMS 0x00000000e9600000| PB 0x00000000e9600000| Untracked 
| 151|0x00000000e9700000, 0x00000000e9700000, 0x00000000e9800000|  0%| F|  |TAMS 0x00000000e9700000| PB 0x00000000e9700000| Untracked 
| 152|0x00000000e9800000, 0x00000000e9800000, 0x00000000e9900000|  0%| F|  |TAMS 0x00000000e9800000| PB 0x00000000e9800000| Untracked 
| 153|0x00000000e9900000, 0x00000000e9900000, 0x00000000e9a00000|  0%| F|  |TAMS 0x00000000e9900000| PB 0x00000000e9900000| Untracked 
| 154|0x00000000e9a00000, 0x00000000e9a76ed8, 0x00000000e9b00000| 46%| E|  |TAMS 0x00000000e9a00000| PB 0x00000000e9a00000| Complete 
| 155|0x00000000e9b00000, 0x00000000e9c00000, 0x00000000e9c00000|100%| E|CS|TAMS 0x00000000e9b00000| PB 0x00000000e9b00000| Complete 
| 156|0x00000000e9c00000, 0x00000000e9d00000, 0x00000000e9d00000|100%| E|CS|TAMS 0x00000000e9c00000| PB 0x00000000e9c00000| Complete 
| 157|0x00000000e9d00000, 0x00000000e9e00000, 0x00000000e9e00000|100%| E|CS|TAMS 0x00000000e9d00000| PB 0x00000000e9d00000| Complete 
| 158|0x00000000e9e00000, 0x00000000e9f00000, 0x00000000e9f00000|100%| E|CS|TAMS 0x00000000e9e00000| PB 0x00000000e9e00000| Complete 
| 159|0x00000000e9f00000, 0x00000000ea000000, 0x00000000ea000000|100%| E|CS|TAMS 0x00000000e9f00000| PB 0x00000000e9f00000| Complete 
| 160|0x00000000ea000000, 0x00000000ea100000, 0x00000000ea100000|100%| E|CS|TAMS 0x00000000ea000000| PB 0x00000000ea000000| Complete 
| 161|0x00000000ea100000, 0x00000000ea200000, 0x00000000ea200000|100%| E|CS|TAMS 0x00000000ea100000| PB 0x00000000ea100000| Complete 
| 162|0x00000000ea200000, 0x00000000ea300000, 0x00000000ea300000|100%| E|CS|TAMS 0x00000000ea200000| PB 0x00000000ea200000| Complete 
| 163|0x00000000ea300000, 0x00000000ea400000, 0x00000000ea400000|100%| E|CS|TAMS 0x00000000ea300000| PB 0x00000000ea300000| Complete 
| 164|0x00000000ea400000, 0x00000000ea500000, 0x00000000ea500000|100%| E|CS|TAMS 0x00000000ea400000| PB 0x00000000ea400000| Complete 
| 165|0x00000000ea500000, 0x00000000ea600000, 0x00000000ea600000|100%| E|CS|TAMS 0x00000000ea500000| PB 0x00000000ea500000| Complete 
| 166|0x00000000ea600000, 0x00000000ea700000, 0x00000000ea700000|100%| E|CS|TAMS 0x00000000ea600000| PB 0x00000000ea600000| Complete 
| 167|0x00000000ea700000, 0x00000000ea800000, 0x00000000ea800000|100%| E|CS|TAMS 0x00000000ea700000| PB 0x00000000ea700000| Complete 
| 168|0x00000000ea800000, 0x00000000ea900000, 0x00000000ea900000|100%| E|CS|TAMS 0x00000000ea800000| PB 0x00000000ea800000| Complete 
| 169|0x00000000ea900000, 0x00000000eaa00000, 0x00000000eaa00000|100%| E|CS|TAMS 0x00000000ea900000| PB 0x00000000ea900000| Complete 
| 170|0x00000000eaa00000, 0x00000000eab00000, 0x00000000eab00000|100%| E|CS|TAMS 0x00000000eaa00000| PB 0x00000000eaa00000| Complete 
| 171|0x00000000eab00000, 0x00000000eac00000, 0x00000000eac00000|100%| E|CS|TAMS 0x00000000eab00000| PB 0x00000000eab00000| Complete 
| 172|0x00000000eac00000, 0x00000000ead00000, 0x00000000ead00000|100%| E|CS|TAMS 0x00000000eac00000| PB 0x00000000eac00000| Complete 
| 173|0x00000000ead00000, 0x00000000eae00000, 0x00000000eae00000|100%| E|CS|TAMS 0x00000000ead00000| PB 0x00000000ead00000| Complete 
| 174|0x00000000eae00000, 0x00000000eaf00000, 0x00000000eaf00000|100%| E|CS|TAMS 0x00000000eae00000| PB 0x00000000eae00000| Complete 
| 175|0x00000000eaf00000, 0x00000000eb000000, 0x00000000eb000000|100%| E|CS|TAMS 0x00000000eaf00000| PB 0x00000000eaf00000| Complete 
| 176|0x00000000eb000000, 0x00000000eb100000, 0x00000000eb100000|100%| E|CS|TAMS 0x00000000eb000000| PB 0x00000000eb000000| Complete 
| 177|0x00000000eb100000, 0x00000000eb200000, 0x00000000eb200000|100%| E|CS|TAMS 0x00000000eb100000| PB 0x00000000eb100000| Complete 
| 178|0x00000000eb200000, 0x00000000eb300000, 0x00000000eb300000|100%| E|CS|TAMS 0x00000000eb200000| PB 0x00000000eb200000| Complete 
| 179|0x00000000eb300000, 0x00000000eb400000, 0x00000000eb400000|100%| E|CS|TAMS 0x00000000eb300000| PB 0x00000000eb300000| Complete 
| 180|0x00000000eb400000, 0x00000000eb500000, 0x00000000eb500000|100%| E|CS|TAMS 0x00000000eb400000| PB 0x00000000eb400000| Complete 
| 181|0x00000000eb500000, 0x00000000eb600000, 0x00000000eb600000|100%| E|CS|TAMS 0x00000000eb500000| PB 0x00000000eb500000| Complete 
| 182|0x00000000eb600000, 0x00000000eb700000, 0x00000000eb700000|100%| E|CS|TAMS 0x00000000eb600000| PB 0x00000000eb600000| Complete 
| 183|0x00000000eb700000, 0x00000000eb800000, 0x00000000eb800000|100%| E|CS|TAMS 0x00000000eb700000| PB 0x00000000eb700000| Complete 
| 184|0x00000000eb800000, 0x00000000eb900000, 0x00000000eb900000|100%| E|CS|TAMS 0x00000000eb800000| PB 0x00000000eb800000| Complete 
| 185|0x00000000eb900000, 0x00000000eba00000, 0x00000000eba00000|100%| E|CS|TAMS 0x00000000eb900000| PB 0x00000000eb900000| Complete 
| 186|0x00000000eba00000, 0x00000000ebb00000, 0x00000000ebb00000|100%| E|CS|TAMS 0x00000000eba00000| PB 0x00000000eba00000| Complete 
| 187|0x00000000ebb00000, 0x00000000ebc00000, 0x00000000ebc00000|100%| E|CS|TAMS 0x00000000ebb00000| PB 0x00000000ebb00000| Complete 
| 188|0x00000000ebc00000, 0x00000000ebd00000, 0x00000000ebd00000|100%| E|CS|TAMS 0x00000000ebc00000| PB 0x00000000ebc00000| Complete 
| 189|0x00000000ebd00000, 0x00000000ebe00000, 0x00000000ebe00000|100%| E|CS|TAMS 0x00000000ebd00000| PB 0x00000000ebd00000| Complete 
| 190|0x00000000ebe00000, 0x00000000ebf00000, 0x00000000ebf00000|100%| E|CS|TAMS 0x00000000ebe00000| PB 0x00000000ebe00000| Complete 
| 191|0x00000000ebf00000, 0x00000000ec000000, 0x00000000ec000000|100%| E|CS|TAMS 0x00000000ebf00000| PB 0x00000000ebf00000| Complete 
| 192|0x00000000ec000000, 0x00000000ec100000, 0x00000000ec100000|100%| E|CS|TAMS 0x00000000ec000000| PB 0x00000000ec000000| Complete 
| 193|0x00000000ec100000, 0x00000000ec200000, 0x00000000ec200000|100%| E|CS|TAMS 0x00000000ec100000| PB 0x00000000ec100000| Complete 
| 194|0x00000000ec200000, 0x00000000ec300000, 0x00000000ec300000|100%| E|CS|TAMS 0x00000000ec200000| PB 0x00000000ec200000| Complete 
| 195|0x00000000ec300000, 0x00000000ec400000, 0x00000000ec400000|100%| E|CS|TAMS 0x00000000ec300000| PB 0x00000000ec300000| Complete 
| 196|0x00000000ec400000, 0x00000000ec500000, 0x00000000ec500000|100%| E|CS|TAMS 0x00000000ec400000| PB 0x00000000ec400000| Complete 
| 197|0x00000000ec500000, 0x00000000ec600000, 0x00000000ec600000|100%| E|CS|TAMS 0x00000000ec500000| PB 0x00000000ec500000| Complete 
| 198|0x00000000ec600000, 0x00000000ec700000, 0x00000000ec700000|100%| E|CS|TAMS 0x00000000ec600000| PB 0x00000000ec600000| Complete 
| 199|0x00000000ec700000, 0x00000000ec800000, 0x00000000ec800000|100%| E|CS|TAMS 0x00000000ec700000| PB 0x00000000ec700000| Complete 
| 200|0x00000000ec800000, 0x00000000ec900000, 0x00000000ec900000|100%| E|CS|TAMS 0x00000000ec800000| PB 0x00000000ec800000| Complete 
| 201|0x00000000ec900000, 0x00000000eca00000, 0x00000000eca00000|100%| E|CS|TAMS 0x00000000ec900000| PB 0x00000000ec900000| Complete 
| 202|0x00000000eca00000, 0x00000000ecb00000, 0x00000000ecb00000|100%| E|CS|TAMS 0x00000000eca00000| PB 0x00000000eca00000| Complete 
| 203|0x00000000ecb00000, 0x00000000ecc00000, 0x00000000ecc00000|100%| E|CS|TAMS 0x00000000ecb00000| PB 0x00000000ecb00000| Complete 
| 204|0x00000000ecc00000, 0x00000000ecd00000, 0x00000000ecd00000|100%| E|CS|TAMS 0x00000000ecc00000| PB 0x00000000ecc00000| Complete 
| 205|0x00000000ecd00000, 0x00000000ece00000, 0x00000000ece00000|100%| E|CS|TAMS 0x00000000ecd00000| PB 0x00000000ecd00000| Complete 
| 206|0x00000000ece00000, 0x00000000ecf00000, 0x00000000ecf00000|100%| E|CS|TAMS 0x00000000ece00000| PB 0x00000000ece00000| Complete 
| 207|0x00000000ecf00000, 0x00000000ed000000, 0x00000000ed000000|100%| E|CS|TAMS 0x00000000ecf00000| PB 0x00000000ecf00000| Complete 
| 208|0x00000000ed000000, 0x00000000ed100000, 0x00000000ed100000|100%| E|CS|TAMS 0x00000000ed000000| PB 0x00000000ed000000| Complete 
| 209|0x00000000ed100000, 0x00000000ed200000, 0x00000000ed200000|100%| E|CS|TAMS 0x00000000ed100000| PB 0x00000000ed100000| Complete 
| 210|0x00000000ed200000, 0x00000000ed300000, 0x00000000ed300000|100%| E|CS|TAMS 0x00000000ed200000| PB 0x00000000ed200000| Complete 
| 211|0x00000000ed300000, 0x00000000ed400000, 0x00000000ed400000|100%| E|CS|TAMS 0x00000000ed300000| PB 0x00000000ed300000| Complete 
| 212|0x00000000ed400000, 0x00000000ed500000, 0x00000000ed500000|100%| E|CS|TAMS 0x00000000ed400000| PB 0x00000000ed400000| Complete 
| 213|0x00000000ed500000, 0x00000000ed600000, 0x00000000ed600000|100%| E|CS|TAMS 0x00000000ed500000| PB 0x00000000ed500000| Complete 
| 214|0x00000000ed600000, 0x00000000ed700000, 0x00000000ed700000|100%| E|CS|TAMS 0x00000000ed600000| PB 0x00000000ed600000| Complete 
| 215|0x00000000ed700000, 0x00000000ed800000, 0x00000000ed800000|100%| E|CS|TAMS 0x00000000ed700000| PB 0x00000000ed700000| Complete 
| 216|0x00000000ed800000, 0x00000000ed900000, 0x00000000ed900000|100%| E|CS|TAMS 0x00000000ed800000| PB 0x00000000ed800000| Complete 
| 217|0x00000000ed900000, 0x00000000eda00000, 0x00000000eda00000|100%| E|CS|TAMS 0x00000000ed900000| PB 0x00000000ed900000| Complete 
| 218|0x00000000eda00000, 0x00000000edb00000, 0x00000000edb00000|100%| E|CS|TAMS 0x00000000eda00000| PB 0x00000000eda00000| Complete 
| 219|0x00000000edb00000, 0x00000000edc00000, 0x00000000edc00000|100%| E|CS|TAMS 0x00000000edb00000| PB 0x00000000edb00000| Complete 
| 220|0x00000000edc00000, 0x00000000edd00000, 0x00000000edd00000|100%| E|CS|TAMS 0x00000000edc00000| PB 0x00000000edc00000| Complete 
| 221|0x00000000edd00000, 0x00000000ede00000, 0x00000000ede00000|100%| E|CS|TAMS 0x00000000edd00000| PB 0x00000000edd00000| Complete 
| 222|0x00000000ede00000, 0x00000000edf00000, 0x00000000edf00000|100%| E|CS|TAMS 0x00000000ede00000| PB 0x00000000ede00000| Complete 
| 223|0x00000000edf00000, 0x00000000ee000000, 0x00000000ee000000|100%| E|CS|TAMS 0x00000000edf00000| PB 0x00000000edf00000| Complete 
| 224|0x00000000ee000000, 0x00000000ee100000, 0x00000000ee100000|100%| E|CS|TAMS 0x00000000ee000000| PB 0x00000000ee000000| Complete 
| 225|0x00000000ee100000, 0x00000000ee200000, 0x00000000ee200000|100%| E|CS|TAMS 0x00000000ee100000| PB 0x00000000ee100000| Complete 
| 226|0x00000000ee200000, 0x00000000ee300000, 0x00000000ee300000|100%| E|CS|TAMS 0x00000000ee200000| PB 0x00000000ee200000| Complete 
| 227|0x00000000ee300000, 0x00000000ee400000, 0x00000000ee400000|100%| E|CS|TAMS 0x00000000ee300000| PB 0x00000000ee300000| Complete 
| 228|0x00000000ee400000, 0x00000000ee500000, 0x00000000ee500000|100%| E|CS|TAMS 0x00000000ee400000| PB 0x00000000ee400000| Complete 
| 229|0x00000000ee500000, 0x00000000ee600000, 0x00000000ee600000|100%| E|CS|TAMS 0x00000000ee500000| PB 0x00000000ee500000| Complete 
| 230|0x00000000ee600000, 0x00000000ee700000, 0x00000000ee700000|100%| E|CS|TAMS 0x00000000ee600000| PB 0x00000000ee600000| Complete 
| 231|0x00000000ee700000, 0x00000000ee800000, 0x00000000ee800000|100%| E|CS|TAMS 0x00000000ee700000| PB 0x00000000ee700000| Complete 
| 232|0x00000000ee800000, 0x00000000ee900000, 0x00000000ee900000|100%| E|CS|TAMS 0x00000000ee800000| PB 0x00000000ee800000| Complete 
| 233|0x00000000ee900000, 0x00000000eea00000, 0x00000000eea00000|100%| E|CS|TAMS 0x00000000ee900000| PB 0x00000000ee900000| Complete 
| 234|0x00000000eea00000, 0x00000000eeb00000, 0x00000000eeb00000|100%| E|CS|TAMS 0x00000000eea00000| PB 0x00000000eea00000| Complete 
| 235|0x00000000eeb00000, 0x00000000eec00000, 0x00000000eec00000|100%| E|CS|TAMS 0x00000000eeb00000| PB 0x00000000eeb00000| Complete 
| 236|0x00000000eec00000, 0x00000000eed00000, 0x00000000eed00000|100%| E|CS|TAMS 0x00000000eec00000| PB 0x00000000eec00000| Complete 
| 237|0x00000000eed00000, 0x00000000eee00000, 0x00000000eee00000|100%| E|CS|TAMS 0x00000000eed00000| PB 0x00000000eed00000| Complete 
| 238|0x00000000eee00000, 0x00000000eef00000, 0x00000000eef00000|100%| E|CS|TAMS 0x00000000eee00000| PB 0x00000000eee00000| Complete 
| 239|0x00000000eef00000, 0x00000000ef000000, 0x00000000ef000000|100%| E|CS|TAMS 0x00000000eef00000| PB 0x00000000eef00000| Complete 
| 240|0x00000000ef000000, 0x00000000ef100000, 0x00000000ef100000|100%| E|CS|TAMS 0x00000000ef000000| PB 0x00000000ef000000| Complete 
| 241|0x00000000ef100000, 0x00000000ef200000, 0x00000000ef200000|100%| E|CS|TAMS 0x00000000ef100000| PB 0x00000000ef100000| Complete 
| 242|0x00000000ef200000, 0x00000000ef300000, 0x00000000ef300000|100%| E|CS|TAMS 0x00000000ef200000| PB 0x00000000ef200000| Complete 
| 243|0x00000000ef300000, 0x00000000ef400000, 0x00000000ef400000|100%| E|CS|TAMS 0x00000000ef300000| PB 0x00000000ef300000| Complete 
| 244|0x00000000ef400000, 0x00000000ef500000, 0x00000000ef500000|100%| E|CS|TAMS 0x00000000ef400000| PB 0x00000000ef400000| Complete 
| 245|0x00000000ef500000, 0x00000000ef600000, 0x00000000ef600000|100%| E|CS|TAMS 0x00000000ef500000| PB 0x00000000ef500000| Complete 
| 246|0x00000000ef600000, 0x00000000ef700000, 0x00000000ef700000|100%| E|CS|TAMS 0x00000000ef600000| PB 0x00000000ef600000| Complete 
| 247|0x00000000ef700000, 0x00000000ef800000, 0x00000000ef800000|100%| E|CS|TAMS 0x00000000ef700000| PB 0x00000000ef700000| Complete 
| 248|0x00000000ef800000, 0x00000000ef900000, 0x00000000ef900000|100%| E|CS|TAMS 0x00000000ef800000| PB 0x00000000ef800000| Complete 
| 249|0x00000000ef900000, 0x00000000efa00000, 0x00000000efa00000|100%| E|CS|TAMS 0x00000000ef900000| PB 0x00000000ef900000| Complete 
| 250|0x00000000efa00000, 0x00000000efb00000, 0x00000000efb00000|100%| E|CS|TAMS 0x00000000efa00000| PB 0x00000000efa00000| Complete 
| 251|0x00000000efb00000, 0x00000000efc00000, 0x00000000efc00000|100%| E|CS|TAMS 0x00000000efb00000| PB 0x00000000efb00000| Complete 
| 252|0x00000000efc00000, 0x00000000efd00000, 0x00000000efd00000|100%| E|CS|TAMS 0x00000000efc00000| PB 0x00000000efc00000| Complete 
| 253|0x00000000efd00000, 0x00000000efe00000, 0x00000000efe00000|100%| E|CS|TAMS 0x00000000efd00000| PB 0x00000000efd00000| Complete 
| 254|0x00000000efe00000, 0x00000000eff00000, 0x00000000eff00000|100%| E|CS|TAMS 0x00000000efe00000| PB 0x00000000efe00000| Complete 
| 255|0x00000000eff00000, 0x00000000f0000000, 0x00000000f0000000|100%| E|CS|TAMS 0x00000000eff00000| PB 0x00000000eff00000| Complete 

Card table byte_map: [0x000001a47b460000,0x000001a47b560000] _byte_map_base: 0x000001a47ad60000

Marking Bits: (CMBitMap*) 0x000001a463fd5690
 Bits: [0x000001a47b560000, 0x000001a47bd60000)

Polling page: 0x000001a461df0000

Metaspace:

Usage:
  Non-class:     66.23 MB used.
      Class:     10.48 MB used.
       Both:     76.70 MB used.

Virtual space:
  Non-class space:      128.00 MB reserved,      67.31 MB ( 53%) committed,  2 nodes.
      Class space:      320.00 MB reserved,      11.56 MB (  4%) committed,  1 nodes.
             Both:      448.00 MB reserved,      78.88 MB ( 18%) committed. 

Chunk freelists:
   Non-Class:  12.09 MB
       Class:  4.29 MB
        Both:  16.38 MB

MaxMetaspaceSize: 384.00 MB
CompressedClassSpaceSize: 320.00 MB
Initial GC threshold: 21.00 MB
Current GC threshold: 99.81 MB
CDS: on
 - commit_granule_bytes: 65536.
 - commit_granule_words: 8192.
 - virtual_space_node_default_size: 8388608.
 - enlarge_chunks_in_place: 1.
 - use_allocation_guard: 0.


Internal statistics:

num_allocs_failed_limit: 12.
num_arena_births: 3888.
num_arena_deaths: 0.
num_vsnodes_births: 3.
num_vsnodes_deaths: 0.
num_space_committed: 1262.
num_space_uncommitted: 0.
num_chunks_returned_to_freelist: 12.
num_chunks_taken_from_freelist: 7625.
num_chunk_merges: 12.
num_chunk_splits: 4959.
num_chunks_enlarged: 3078.
num_inconsistent_stats: 0.

CodeHeap 'non-profiled nmethods': size=120000Kb used=8276Kb max_used=8276Kb free=111723Kb
 bounds [0x000001a473f30000, 0x000001a474750000, 0x000001a47b460000]
CodeHeap 'profiled nmethods': size=120000Kb used=27934Kb max_used=27934Kb free=92065Kb
 bounds [0x000001a46c460000, 0x000001a46dfb0000, 0x000001a473990000]
CodeHeap 'non-nmethods': size=5760Kb used=2806Kb max_used=2837Kb free=2953Kb
 bounds [0x000001a473990000, 0x000001a473c60000, 0x000001a473f30000]
 total_blobs=14198 nmethods=13276 adapters=826
 compilation: enabled
              stopped_count=0, restarted_count=0
 full_count=0

Compilation events (20 events):
Event: 294.271 Thread 0x000001a47e37e1b0 13950       1       org.gradle.api.internal.artifacts.configurations.DefaultConfiguration::access$2300 (5 bytes)
Event: 294.271 Thread 0x000001a47e37e1b0 nmethod 13950 0x000001a474743b90 code [0x000001a474743d20, 0x000001a474743dd0]
Event: 294.274 Thread 0x000001a47e37e1b0 13951       1       org.gradle.internal.deprecation.DeprecationMessageBuilder::setDocumentation (6 bytes)
Event: 294.275 Thread 0x000001a47e37e1b0 nmethod 13951 0x000001a474743e90 code [0x000001a474744020, 0x000001a474744130]
Event: 294.275 Thread 0x000001a47e37e1b0 13952       3       kotlin.jvm.internal.Intrinsics::checkNotNullExpressionValue (38 bytes)
Event: 294.276 Thread 0x000001a47e37e1b0 nmethod 13952 0x000001a46df98110 code [0x000001a46df98380, 0x000001a46df98be0]
Event: 294.276 Thread 0x000001a47e37e1b0 13953       3       org.gradle.internal.instantiation.generator.ManagedObjectFactory::displayNameFor (73 bytes)
Event: 294.278 Thread 0x000001a47e37e1b0 nmethod 13953 0x000001a46df98f90 code [0x000001a46df992c0, 0x000001a46df9a710]
Event: 294.278 Thread 0x000001a47e37e1b0 13955       3       org.gradle.internal.event.ListenerBroadcast::<init> (18 bytes)
Event: 294.279 Thread 0x000001a47e37e1b0 nmethod 13955 0x000001a46df9ad90 code [0x000001a46df9af80, 0x000001a46df9b490]
Event: 294.279 Thread 0x000001a47e37e1b0 13954       1       org.openapitools.generator.gradle.plugin.extensions.OpenApiGeneratorGenerateExtension_Decorated::getModelIdentityDisplayName (5 bytes)
Event: 294.279 Thread 0x000001a47e37e1b0 nmethod 13954 0x000001a474744190 code [0x000001a474744320, 0x000001a4747443f0]
Event: 294.285 Thread 0x000001a47e37e1b0 13956   !   3       org.gradle.internal.snapshot.impl.DefaultIsolatableFactory::isolate (24 bytes)
Event: 294.285 Thread 0x000001a47e37e1b0 nmethod 13956 0x000001a46df9b690 code [0x000001a46df9b860, 0x000001a46df9bc48]
Event: 294.299 Thread 0x000001a47e37e1b0 13957       1       java.nio.channels.FileLock::position (5 bytes)
Event: 294.299 Thread 0x000001a47e37e1b0 nmethod 13957 0x000001a474744490 code [0x000001a474744620, 0x000001a4747446e8]
Event: 294.299 Thread 0x000001a47e37e1b0 13958       1       java.nio.channels.FileLock::size (5 bytes)
Event: 294.299 Thread 0x000001a47e37e1b0 nmethod 13958 0x000001a474744790 code [0x000001a474744920, 0x000001a4747449e8]
Event: 294.302 Thread 0x000001a47e37e1b0 13959       3       java.lang.CompoundEnumeration::next (58 bytes)
Event: 294.302 Thread 0x000001a47e37e1b0 nmethod 13959 0x000001a46df9bd90 code [0x000001a46df9bf60, 0x000001a46df9c2a8]

GC Heap History (20 events):
Event: 2.963 GC heap before
{Heap before GC invocations=1 (full 0):
 garbage-first heap   total 262144K, used 27551K [0x00000000e0000000, 0x0000000100000000)
  region size 1024K, 22 young (22528K), 2 survivors (2048K)
 Metaspace       used 4103K, committed 4288K, reserved 393216K
  class space    used 496K, committed 576K, reserved 327680K
}
Event: 2.968 GC heap after
{Heap after GC invocations=2 (full 0):
 garbage-first heap   total 262144K, used 10584K [0x00000000e0000000, 0x0000000100000000)
  region size 1024K, 3 young (3072K), 3 survivors (3072K)
 Metaspace       used 4103K, committed 4288K, reserved 393216K
  class space    used 496K, committed 576K, reserved 327680K
}
Event: 9.154 GC heap before
{Heap before GC invocations=2 (full 0):
 garbage-first heap   total 262144K, used 36184K [0x00000000e0000000, 0x0000000100000000)
  region size 1024K, 28 young (28672K), 3 survivors (3072K)
 Metaspace       used 4231K, committed 4416K, reserved 393216K
  class space    used 498K, committed 576K, reserved 327680K
}
Event: 9.179 GC heap after
{Heap after GC invocations=3 (full 0):
 garbage-first heap   total 262144K, used 14735K [0x00000000e0000000, 0x0000000100000000)
  region size 1024K, 4 young (4096K), 4 survivors (4096K)
 Metaspace       used 4231K, committed 4416K, reserved 393216K
  class space    used 498K, committed 576K, reserved 327680K
}
Event: 21.971 GC heap before
{Heap before GC invocations=3 (full 0):
 garbage-first heap   total 262144K, used 113039K [0x00000000e0000000, 0x0000000100000000)
  region size 1024K, 102 young (104448K), 4 survivors (4096K)
 Metaspace       used 20841K, committed 21504K, reserved 393216K
  class space    used 3016K, committed 3328K, reserved 327680K
}
Event: 22.020 GC heap after
{Heap after GC invocations=4 (full 0):
 garbage-first heap   total 262144K, used 23210K [0x00000000e0000000, 0x0000000100000000)
  region size 1024K, 12 young (12288K), 12 survivors (12288K)
 Metaspace       used 20841K, committed 21504K, reserved 393216K
  class space    used 3016K, committed 3328K, reserved 327680K
}
Event: 25.903 GC heap before
{Heap before GC invocations=5 (full 0):
 garbage-first heap   total 262144K, used 122538K [0x00000000e0000000, 0x0000000100000000)
  region size 1024K, 110 young (112640K), 12 survivors (12288K)
 Metaspace       used 34314K, committed 35584K, reserved 393216K
  class space    used 4859K, committed 5504K, reserved 327680K
}
Event: 25.927 GC heap after
{Heap after GC invocations=6 (full 0):
 garbage-first heap   total 262144K, used 30760K [0x00000000e0000000, 0x0000000100000000)
  region size 1024K, 8 young (8192K), 8 survivors (8192K)
 Metaspace       used 34314K, committed 35584K, reserved 393216K
  class space    used 4859K, committed 5504K, reserved 327680K
}
Event: 26.159 GC heap before
{Heap before GC invocations=6 (full 0):
 garbage-first heap   total 262144K, used 42024K [0x00000000e0000000, 0x0000000100000000)
  region size 1024K, 15 young (15360K), 8 survivors (8192K)
 Metaspace       used 34901K, committed 36096K, reserved 393216K
  class space    used 4906K, committed 5504K, reserved 327680K
}
Event: 26.170 GC heap after
{Heap after GC invocations=7 (full 0):
 garbage-first heap   total 262144K, used 32993K [0x00000000e0000000, 0x0000000100000000)
  region size 1024K, 8 young (8192K), 8 survivors (8192K)
 Metaspace       used 34901K, committed 36096K, reserved 393216K
  class space    used 4906K, committed 5504K, reserved 327680K
}
Event: 37.066 GC heap before
{Heap before GC invocations=8 (full 0):
 garbage-first heap   total 262144K, used 171233K [0x00000000e0000000, 0x0000000100000000)
  region size 1024K, 142 young (145408K), 8 survivors (8192K)
 Metaspace       used 49789K, committed 51520K, reserved 393216K
  class space    used 7091K, committed 7936K, reserved 327680K
}
Event: 37.108 GC heap after
{Heap after GC invocations=9 (full 0):
 garbage-first heap   total 262144K, used 42316K [0x00000000e0000000, 0x0000000100000000)
  region size 1024K, 18 young (18432K), 18 survivors (18432K)
 Metaspace       used 49789K, committed 51520K, reserved 393216K
  class space    used 7091K, committed 7936K, reserved 327680K
}
Event: 44.206 GC heap before
{Heap before GC invocations=9 (full 0):
 garbage-first heap   total 262144K, used 179532K [0x00000000e0000000, 0x0000000100000000)
  region size 1024K, 153 young (156672K), 18 survivors (18432K)
 Metaspace       used 57594K, committed 59520K, reserved 393216K
  class space    used 8180K, committed 9152K, reserved 327680K
}
Event: 44.247 GC heap after
{Heap after GC invocations=10 (full 0):
 garbage-first heap   total 262144K, used 53984K [0x00000000e0000000, 0x0000000100000000)
  region size 1024K, 11 young (11264K), 11 survivors (11264K)
 Metaspace       used 57594K, committed 59520K, reserved 393216K
  class space    used 8180K, committed 9152K, reserved 327680K
}
Event: 56.205 GC heap before
{Heap before GC invocations=10 (full 0):
 garbage-first heap   total 262144K, used 190176K [0x00000000e0000000, 0x0000000100000000)
  region size 1024K, 145 young (148480K), 11 survivors (11264K)
 Metaspace       used 59210K, committed 61248K, reserved 393216K
  class space    used 8257K, committed 9280K, reserved 327680K
}
Event: 56.241 GC heap after
{Heap after GC invocations=11 (full 0):
 garbage-first heap   total 262144K, used 70144K [0x00000000e0000000, 0x0000000100000000)
  region size 1024K, 15 young (15360K), 15 survivors (15360K)
 Metaspace       used 59210K, committed 61248K, reserved 393216K
  class space    used 8257K, committed 9280K, reserved 327680K
}
Event: 62.312 GC heap before
{Heap before GC invocations=12 (full 0):
 garbage-first heap   total 262144K, used 211456K [0x00000000e0000000, 0x0000000100000000)
  region size 1024K, 153 young (156672K), 15 survivors (15360K)
 Metaspace       used 67554K, committed 69632K, reserved 393216K
  class space    used 9322K, committed 10368K, reserved 327680K
}
Event: 62.379 GC heap after
{Heap after GC invocations=13 (full 0):
 garbage-first heap   total 262144K, used 82944K [0x00000000e0000000, 0x0000000100000000)
  region size 1024K, 20 young (20480K), 20 survivors (20480K)
 Metaspace       used 67554K, committed 69632K, reserved 393216K
  class space    used 9322K, committed 10368K, reserved 327680K
}
Event: 287.380 GC heap before
{Heap before GC invocations=13 (full 0):
 garbage-first heap   total 262144K, used 217088K [0x00000000e0000000, 0x0000000100000000)
  region size 1024K, 151 young (154624K), 20 survivors (20480K)
 Metaspace       used 75759K, committed 77952K, reserved 458752K
  class space    used 10444K, committed 11520K, reserved 327680K
}
Event: 287.429 GC heap after
{Heap after GC invocations=14 (full 0):
 garbage-first heap   total 262144K, used 84709K [0x00000000e0000000, 0x0000000100000000)
  region size 1024K, 7 young (7168K), 7 survivors (7168K)
 Metaspace       used 75759K, committed 77952K, reserved 458752K
  class space    used 10444K, committed 11520K, reserved 327680K
}

Dll operation events (15 events):
Event: 0.013 Loaded shared library C:\Program Files\Java\jdk-21.0.10\bin\java.dll
Event: 0.058 Loaded shared library C:\Program Files\Java\jdk-21.0.10\bin\jsvml.dll
Event: 0.148 Loaded shared library C:\Program Files\Java\jdk-21.0.10\bin\zip.dll
Event: 0.155 Loaded shared library C:\Program Files\Java\jdk-21.0.10\bin\instrument.dll
Event: 0.162 Loaded shared library C:\Program Files\Java\jdk-21.0.10\bin\net.dll
Event: 0.165 Loaded shared library C:\Program Files\Java\jdk-21.0.10\bin\nio.dll
Event: 0.175 Loaded shared library C:\Program Files\Java\jdk-21.0.10\bin\zip.dll
Event: 0.601 Loaded shared library C:\Program Files\Java\jdk-21.0.10\bin\jimage.dll
Event: 0.884 Loaded shared library C:\Program Files\Java\jdk-21.0.10\bin\verify.dll
Event: 1.601 Loaded shared library C:\Users\Sarobidy\.gradle\native\c067742578af261105cb4f569cf0c3c89f3d7b1fecec35dd04571415982c5e48\windows-amd64\native-platform.dll
Event: 1.684 Loaded shared library C:\Users\Sarobidy\.gradle\native\38dada09dfb8b06ba9b0570ebf7e218e3eb74d4ef43ca46872605cf95ebc2f47\windows-amd64\native-platform-file-events.dll
Event: 13.101 Loaded shared library C:\Program Files\Java\jdk-21.0.10\bin\management.dll
Event: 13.241 Loaded shared library C:\Program Files\Java\jdk-21.0.10\bin\management_ext.dll
Event: 15.850 Loaded shared library C:\Program Files\Java\jdk-21.0.10\bin\extnet.dll
Event: 16.932 Loaded shared library C:\Program Files\Java\jdk-21.0.10\bin\sunmscapi.dll

Deoptimization events (20 events):
Event: 290.920 Thread 0x000001a41a52ac00 DEOPT PACKING pc=0x000001a474737c6c sp=0x0000000a75df75a0
Event: 290.920 Thread 0x000001a41a52ac00 DEOPT UNPACKING pc=0x000001a4739e46a2 sp=0x0000000a75df7548 mode 2
Event: 293.777 Thread 0x000001a419858d70 DEOPT PACKING pc=0x000001a46dcaae01 sp=0x0000000a762feaa0
Event: 293.777 Thread 0x000001a419858d70 DEOPT UNPACKING pc=0x000001a4739e4e42 sp=0x0000000a762fdf40 mode 0
Event: 293.860 Thread 0x000001a41a52ac00 DEOPT PACKING pc=0x000001a46da1e7e6 sp=0x0000000a75df6990
Event: 293.860 Thread 0x000001a41a52ac00 DEOPT UNPACKING pc=0x000001a4739e4e42 sp=0x0000000a75df5f10 mode 0
Event: 293.982 Thread 0x000001a41a52e710 DEOPT PACKING pc=0x000001a46da1e7e6 sp=0x0000000a769fd570
Event: 293.982 Thread 0x000001a41a52e710 DEOPT UNPACKING pc=0x000001a4739e4e42 sp=0x0000000a769fcaf0 mode 0
Event: 294.063 Thread 0x000001a419f9e430 DEOPT PACKING pc=0x000001a46da1e7e6 sp=0x0000000a76dfea20
Event: 294.064 Thread 0x000001a419f9e430 DEOPT UNPACKING pc=0x000001a4739e4e42 sp=0x0000000a76dfdfa0 mode 0
Event: 294.087 Thread 0x000001a419f9e430 Uncommon trap: trap_request=0xffffff45 fr.pc=0x000001a474314400 relative=0x00000000000004c0
Event: 294.087 Thread 0x000001a419f9e430 Uncommon trap: reason=unstable_if action=reinterpret pc=0x000001a474314400 method=java.util.concurrent.ConcurrentLinkedQueue.poll()Ljava/lang/Object; @ 24 c2
Event: 294.087 Thread 0x000001a419f9e430 DEOPT PACKING pc=0x000001a474314400 sp=0x0000000a76dfe9f0
Event: 294.087 Thread 0x000001a419f9e430 DEOPT UNPACKING pc=0x000001a4739e46a2 sp=0x0000000a76dfe998 mode 2
Event: 294.125 Thread 0x000001a41a52ac00 DEOPT PACKING pc=0x000001a46da1e7e6 sp=0x0000000a75df74c0
Event: 294.125 Thread 0x000001a41a52ac00 DEOPT UNPACKING pc=0x000001a4739e4e42 sp=0x0000000a75df6a40 mode 0
Event: 294.288 Thread 0x000001a41a52ac00 Uncommon trap: trap_request=0xffffffc6 fr.pc=0x000001a474479804 relative=0x0000000000001204
Event: 294.288 Thread 0x000001a41a52ac00 Uncommon trap: reason=bimorphic_or_optimized_type_check action=maybe_recompile pc=0x000001a474479804 method=java.util.concurrent.ConcurrentHashMap.putAll(Ljava/util/Map;)V @ 23 c2
Event: 294.288 Thread 0x000001a41a52ac00 DEOPT PACKING pc=0x000001a474479804 sp=0x0000000a75df9430
Event: 294.288 Thread 0x000001a41a52ac00 DEOPT UNPACKING pc=0x000001a4739e46a2 sp=0x0000000a75df9400 mode 2

Classes loaded (20 events):
Event: 288.401 Loading class java/util/stream/ReduceOps$CountingSink done
Event: 288.401 Loading class java/util/stream/ReduceOps$CountingSink$OfInt done
Event: 289.956 Loading class jdk/internal/vm/annotation/Stable
Event: 289.970 Loading class jdk/internal/vm/annotation/Stable done
Event: 289.976 Loading class jdk/internal/vm/annotation/ForceInline
Event: 289.976 Loading class jdk/internal/vm/annotation/ForceInline done
Event: 290.007 Loading class java/lang/NegativeArraySizeException
Event: 290.020 Loading class java/lang/NegativeArraySizeException done
Event: 290.175 Loading class java/security/PermissionsEnumerator
Event: 290.196 Loading class java/security/PermissionsEnumerator done
Event: 290.199 Loading class java/util/stream/ReduceOps$5
Event: 290.216 Loading class java/util/stream/ReduceOps$5 done
Event: 290.217 Loading class java/util/stream/ReduceOps$CountingSink$OfRef
Event: 290.217 Loading class java/util/stream/ReduceOps$CountingSink$OfRef done
Event: 290.295 Loading class sun/nio/cs/ISO_8859_1$Encoder
Event: 290.322 Loading class sun/nio/cs/ISO_8859_1$Encoder done
Event: 290.322 Loading class sun/nio/cs/Surrogate$Parser
Event: 290.334 Loading class sun/nio/cs/Surrogate$Parser done
Event: 290.335 Loading class sun/nio/cs/Surrogate
Event: 290.335 Loading class sun/nio/cs/Surrogate done

Classes unloaded (0 events):
No events

Classes redefined (0 events):
No events

Internal exceptions (20 events):
Event: 66.178 Thread 0x000001a4198586e0 Exception <a 'java/lang/NoSuchMethodError'{0x00000000ea536b20}: static Lorg/gradle/internal/build/event/types/AbstractTaskResult;.<clinit>()V> (0x00000000ea536b20) 
thrown [s\open\src\hotspot\share\prims\jni.cpp, line 1111]
Event: 66.179 Thread 0x000001a4198586e0 Exception <a 'java/lang/NoSuchMethodError'{0x00000000ea538310}: static Lorg/gradle/internal/build/event/types/AbstractResult;.<clinit>()V> (0x00000000ea538310) 
thrown [s\open\src\hotspot\share\prims\jni.cpp, line 1111]
Event: 66.181 Thread 0x000001a4198586e0 Implicit null exception at 0x000001a4745eca88 to 0x000001a4745ed1a8
Event: 66.182 Thread 0x000001a4198586e0 Exception <a 'java/lang/NoSuchMethodError'{0x00000000ea55c498}: static [Ljava/lang/Object;.<clinit>()V> (0x00000000ea55c498) 
thrown [s\open\src\hotspot\share\prims\jni.cpp, line 1111]
Event: 66.254 Thread 0x000001a4198586e0 Implicit null exception at 0x000001a47440f0cc to 0x000001a47440f5d0
Event: 66.283 Thread 0x000001a419858050 Exception <a 'java/lang/IncompatibleClassChangeError'{0x00000000ea434770}: Found class java.lang.Object, but interface was expected> (0x00000000ea434770) 
thrown [s\open\src\hotspot\share\interpreter\linkResolver.cpp, line 840]
Event: 66.331 Thread 0x000001a419858050 Exception <a 'java/lang/IncompatibleClassChangeError'{0x00000000ea4d7f68}: Found class java.lang.Object, but interface was expected> (0x00000000ea4d7f68) 
thrown [s\open\src\hotspot\share\interpreter\linkResolver.cpp, line 840]
Event: 66.349 Thread 0x000001a419858050 Exception <a 'java/lang/IncompatibleClassChangeError'{0x00000000ea3662a0}: Found class java.lang.Object, but interface was expected> (0x00000000ea3662a0) 
thrown [s\open\src\hotspot\share\interpreter\linkResolver.cpp, line 840]
Event: 277.509 Thread 0x000001a41a5291c0 Implicit null exception at 0x000001a47405f95a to 0x000001a47405f9ac
Event: 280.171 Thread 0x000001a41a529ee0 Exception <a 'java/lang/NoSuchMethodError'{0x00000000e989f6b8}: static Lorg/gradle/launcher/daemon/protocol/Command;.<clinit>()V> (0x00000000e989f6b8) 
thrown [s\open\src\hotspot\share\prims\jni.cpp, line 1111]
Event: 280.172 Thread 0x000001a41a529ee0 Exception <a 'java/lang/NoSuchMethodError'{0x00000000e98a9f38}: static Lorg/gradle/launcher/daemon/protocol/InvalidateVirtualFileSystem;.<clinit>()V> (0x00000000e98a9f38) 
thrown [s\open\src\hotspot\share\prims\jni.cpp, line 1111]
Event: 286.027 Thread 0x000001a41a52ac00 Exception <a 'sun/nio/fs/WindowsException'{0x00000000e96817b0}> (0x00000000e96817b0) 
thrown [s\open\src\hotspot\share\prims\jni.cpp, line 520]
Event: 286.029 Thread 0x000001a41a52ac00 Exception <a 'sun/nio/fs/WindowsException'{0x00000000e9682c98}> (0x00000000e9682c98) 
thrown [s\open\src\hotspot\share\prims\jni.cpp, line 520]
Event: 286.030 Thread 0x000001a41a52ac00 Exception <a 'sun/nio/fs/WindowsException'{0x00000000e9684178}> (0x00000000e9684178) 
thrown [s\open\src\hotspot\share\prims\jni.cpp, line 520]
Event: 286.033 Thread 0x000001a41a52ac00 Exception <a 'sun/nio/fs/WindowsException'{0x00000000e9685650}> (0x00000000e9685650) 
thrown [s\open\src\hotspot\share\prims\jni.cpp, line 520]
Event: 288.607 Thread 0x000001a41a52ac00 Exception <a 'java/lang/NoSuchMethodError'{0x00000000ebac5e88}: 'void java.lang.invoke.DirectMethodHandle$Holder.invokeSpecialIFC(java.lang.Object, java.lang.Object, java.lang.Object)'> (0x00000000ebac5e88) 
thrown [s\open\src\hotspot\share\interpreter\linkResolver.cpp, line 773]
Event: 290.402 Thread 0x000001a41a52ac00 Exception <a 'java/lang/ClassNotFoundException'{0x00000000eae4d1f8}: build_ay3m8m8x7lovf6t5wzodjq69zBeanInfo> (0x00000000eae4d1f8) 
thrown [s\open\src\hotspot\share\classfile\systemDictionary.cpp, line 312]
Event: 290.403 Thread 0x000001a41a52ac00 Exception <a 'java/lang/ClassNotFoundException'{0x00000000eae53690}: build_ay3m8m8x7lovf6t5wzodjq69zCustomizer> (0x00000000eae53690) 
thrown [s\open\src\hotspot\share\classfile\systemDictionary.cpp, line 312]
Event: 294.230 Thread 0x000001a41a52ac00 Exception <a 'java/lang/NoClassDefFoundError'{0x00000000ea2841c8}: org/jetbrains/kotlin/gradle/plugin/KotlinPluginWrapper> (0x00000000ea2841c8) 
thrown [s\open\src\hotspot\share\oops\constantPool.cpp, line 873]
Event: 294.230 Thread 0x000001a41a52ac00 Exception <a 'java/lang/NoClassDefFoundError'{0x00000000ea286880}: org/graalvm/buildtools/gradle/NativeImagePlugin> (0x00000000ea286880) 
thrown [s\open\src\hotspot\share\oops\constantPool.cpp, line 873]

ZGC Phase Switch (0 events):
No events

VM Operations (20 events):
Event: 288.485 Executing VM operation: ICBufferFull
Event: 288.486 Executing VM operation: ICBufferFull done
Event: 288.932 Executing VM operation: HandshakeAllThreads (Deoptimize)
Event: 288.932 Executing VM operation: HandshakeAllThreads (Deoptimize) done
Event: 288.934 Executing VM operation: HandshakeAllThreads (Deoptimize)
Event: 288.934 Executing VM operation: HandshakeAllThreads (Deoptimize) done
Event: 288.949 Executing VM operation: HandshakeAllThreads (Deoptimize)
Event: 288.949 Executing VM operation: HandshakeAllThreads (Deoptimize) done
Event: 289.951 Executing VM operation: Cleanup
Event: 289.951 Executing VM operation: Cleanup done
Event: 289.990 Executing VM operation: HandshakeAllThreads (Deoptimize)
Event: 289.990 Executing VM operation: HandshakeAllThreads (Deoptimize) done
Event: 290.447 Executing VM operation: ICBufferFull
Event: 290.447 Executing VM operation: ICBufferFull done
Event: 291.453 Executing VM operation: Cleanup
Event: 291.453 Executing VM operation: Cleanup done
Event: 292.459 Executing VM operation: Cleanup
Event: 292.459 Executing VM operation: Cleanup done
Event: 293.460 Executing VM operation: Cleanup
Event: 293.460 Executing VM operation: Cleanup done

Events (20 events):
Event: 279.673 Thread 0x000001a41a528b30 Thread added: 0x000001a41a528b30
Event: 279.965 Thread 0x000001a41a52ccd0 Thread added: 0x000001a41a52ccd0
Event: 279.966 Thread 0x000001a41a52bfb0 Thread added: 0x000001a41a52bfb0
Event: 280.141 Thread 0x000001a41a52a570 Thread added: 0x000001a41a52a570
Event: 280.160 Thread 0x000001a41a52c640 Thread added: 0x000001a41a52c640
Event: 280.285 Thread 0x000001a41a529ee0 Thread exited: 0x000001a41a529ee0
Event: 285.874 Thread 0x000001a41a52d9f0 Thread added: 0x000001a41a52d9f0
Event: 285.879 Thread 0x000001a41a52b920 Thread added: 0x000001a41a52b920
Event: 286.004 Thread 0x000001a47e37fcf0 Thread added: 0x000001a47e37fcf0
Event: 286.044 Thread 0x000001a41a52e080 Thread added: 0x000001a41a52e080
Event: 286.673 Thread 0x000001a47e37fcf0 Thread exited: 0x000001a47e37fcf0
Event: 287.136 Thread 0x000001a47e37dae0 Thread added: 0x000001a47e37dae0
Event: 288.661 Thread 0x000001a47e37dae0 Thread exited: 0x000001a47e37dae0
Event: 290.451 Thread 0x000001a47e37fcf0 Thread added: 0x000001a47e37fcf0
Event: 290.471 Thread 0x000001a41a5270f0 Thread added: 0x000001a41a5270f0
Event: 290.710 Thread 0x000001a47e37fcf0 Thread exited: 0x000001a47e37fcf0
Event: 293.708 Thread 0x000001a41a52e710 Thread added: 0x000001a41a52e710
Event: 293.708 Thread 0x000001a41a5284a0 Thread added: 0x000001a41a5284a0
Event: 293.709 Thread 0x000001a41a527780 Thread added: 0x000001a41a527780
Event: 294.130 Thread 0x000001a47e37e880 Thread added: 0x000001a47e37e880


Dynamic libraries:
0x00007ff6ec400000 - 0x00007ff6ec410000 	C:\Program Files\Java\jdk-21.0.10\bin\java.exe
0x00007ffcb3d30000 - 0x00007ffcb3f28000 	C:\WINDOWS\SYSTEM32\ntdll.dll
0x00007ffcb32f0000 - 0x00007ffcb33b2000 	C:\WINDOWS\System32\KERNEL32.DLL
0x00007ffcb13b0000 - 0x00007ffcb16a7000 	C:\WINDOWS\System32\KERNELBASE.dll
0x00007ffcb16b0000 - 0x00007ffcb17b0000 	C:\WINDOWS\System32\ucrtbase.dll
0x00007ffc9d400000 - 0x00007ffc9d419000 	C:\Program Files\Java\jdk-21.0.10\bin\jli.dll
0x00007ffc9d7e0000 - 0x00007ffc9d7fe000 	C:\Program Files\Java\jdk-21.0.10\bin\VCRUNTIME140.dll
0x00007ffcb1e70000 - 0x00007ffcb1f21000 	C:\WINDOWS\System32\ADVAPI32.dll
0x00007ffcb1dd0000 - 0x00007ffcb1e6e000 	C:\WINDOWS\System32\msvcrt.dll
0x00007ffcb2230000 - 0x00007ffcb22cf000 	C:\WINDOWS\System32\sechost.dll
0x00007ffcb2880000 - 0x00007ffcb29a0000 	C:\WINDOWS\System32\RPCRT4.dll
0x00007ffcb17b0000 - 0x00007ffcb17d7000 	C:\WINDOWS\System32\bcrypt.dll
0x00007ffcb2500000 - 0x00007ffcb26a1000 	C:\WINDOWS\System32\USER32.dll
0x00007ffcb1a80000 - 0x00007ffcb1aa2000 	C:\WINDOWS\System32\win32u.dll
0x00007ffcb1da0000 - 0x00007ffcb1dcb000 	C:\WINDOWS\System32\GDI32.dll
0x00007ffca36b0000 - 0x00007ffca394b000 	C:\WINDOWS\WinSxS\amd64_microsoft.windows.common-controls_6595b64144ccf1df_6.0.19041.6456_none_60b8a6cb71f64256\COMCTL32.dll
0x00007ffcb1b50000 - 0x00007ffcb1c69000 	C:\WINDOWS\System32\gdi32full.dll
0x00007ffcb1ab0000 - 0x00007ffcb1b4d000 	C:\WINDOWS\System32\msvcp_win.dll
0x00007ffca7960000 - 0x00007ffca796a000 	C:\WINDOWS\SYSTEM32\VERSION.dll
0x00007ffcb24b0000 - 0x00007ffcb24df000 	C:\WINDOWS\System32\IMM32.DLL
0x00007ffca7a10000 - 0x00007ffca7a1c000 	C:\Program Files\Java\jdk-21.0.10\bin\vcruntime140_1.dll
0x00007ffc91640000 - 0x00007ffc916cd000 	C:\Program Files\Java\jdk-21.0.10\bin\msvcp140.dll
0x00007ffc71830000 - 0x00007ffc72557000 	C:\Program Files\Java\jdk-21.0.10\bin\server\jvm.dll
0x00007ffcb2800000 - 0x00007ffcb286b000 	C:\WINDOWS\System32\WS2_32.dll
0x00007ffc97b40000 - 0x00007ffc97b67000 	C:\WINDOWS\SYSTEM32\WINMM.dll
0x00007ffcb08b0000 - 0x00007ffcb08fb000 	C:\WINDOWS\SYSTEM32\POWRPROF.dll
0x00007ffcb0770000 - 0x00007ffcb0782000 	C:\WINDOWS\SYSTEM32\UMPDC.dll
0x00007ffcaf100000 - 0x00007ffcaf112000 	C:\WINDOWS\SYSTEM32\kernel.appcore.dll
0x00007ffca7940000 - 0x00007ffca794a000 	C:\Program Files\Java\jdk-21.0.10\bin\jimage.dll
0x00007ffca3950000 - 0x00007ffca3b51000 	C:\WINDOWS\SYSTEM32\DBGHELP.DLL
0x00007ffc9f280000 - 0x00007ffc9f2b4000 	C:\WINDOWS\SYSTEM32\dbgcore.DLL
0x00007ffcb19f0000 - 0x00007ffcb1a72000 	C:\WINDOWS\System32\bcryptPrimitives.dll
0x00007ffca77c0000 - 0x00007ffca77d0000 	C:\Program Files\Java\jdk-21.0.10\bin\instrument.dll
0x00007ffc9f080000 - 0x00007ffc9f0a1000 	C:\Program Files\Java\jdk-21.0.10\bin\java.dll
0x00007ffcb3570000 - 0x00007ffcb3ce1000 	C:\WINDOWS\System32\SHELL32.dll
0x00007ffcaf3e0000 - 0x00007ffcafb86000 	C:\WINDOWS\SYSTEM32\windows.storage.dll
0x00007ffcb2f90000 - 0x00007ffcb32e3000 	C:\WINDOWS\System32\combase.dll
0x00007ffcb0d00000 - 0x00007ffcb0d2b000 	C:\WINDOWS\SYSTEM32\Wldp.dll
0x00007ffcb2730000 - 0x00007ffcb27fd000 	C:\WINDOWS\System32\OLEAUT32.dll
0x00007ffcb2180000 - 0x00007ffcb222d000 	C:\WINDOWS\System32\SHCORE.dll
0x00007ffcb1d40000 - 0x00007ffcb1d9b000 	C:\WINDOWS\System32\shlwapi.dll
0x00007ffcb12e0000 - 0x00007ffcb1304000 	C:\WINDOWS\SYSTEM32\profapi.dll
0x00007ffc90a20000 - 0x00007ffc90af7000 	C:\Program Files\Java\jdk-21.0.10\bin\jsvml.dll
0x00007ffc9d800000 - 0x00007ffc9d818000 	C:\Program Files\Java\jdk-21.0.10\bin\zip.dll
0x00007ffc9d3e0000 - 0x00007ffc9d3f1000 	C:\Program Files\Java\jdk-21.0.10\bin\net.dll
0x00007ffcaa9e0000 - 0x00007ffcaaaea000 	C:\WINDOWS\SYSTEM32\WINHTTP.dll
0x00007ffcb0ae0000 - 0x00007ffcb0b4a000 	C:\WINDOWS\system32\mswsock.dll
0x00007ffc9b430000 - 0x00007ffc9b446000 	C:\Program Files\Java\jdk-21.0.10\bin\nio.dll
0x00007ffcac200000 - 0x00007ffcac210000 	C:\Program Files\Java\jdk-21.0.10\bin\verify.dll
0x00007ffc9d440000 - 0x00007ffc9d467000 	C:\Users\Sarobidy\.gradle\native\c067742578af261105cb4f569cf0c3c89f3d7b1fecec35dd04571415982c5e48\windows-amd64\native-platform.dll
0x00007ffc90860000 - 0x00007ffc909a4000 	C:\Users\Sarobidy\.gradle\native\38dada09dfb8b06ba9b0570ebf7e218e3eb74d4ef43ca46872605cf95ebc2f47\windows-amd64\native-platform-file-events.dll
0x00007ffca53c0000 - 0x00007ffca53ca000 	C:\Program Files\Java\jdk-21.0.10\bin\management.dll
0x00007ffca53b0000 - 0x00007ffca53bc000 	C:\Program Files\Java\jdk-21.0.10\bin\management_ext.dll
0x00007ffcb2870000 - 0x00007ffcb2878000 	C:\WINDOWS\System32\PSAPI.DLL
0x00007ffcb1050000 - 0x00007ffcb1068000 	C:\WINDOWS\SYSTEM32\CRYPTSP.dll
0x00007ffcb03b0000 - 0x00007ffcb03e8000 	C:\WINDOWS\system32\rsaenh.dll
0x00007ffcb12a0000 - 0x00007ffcb12ce000 	C:\WINDOWS\SYSTEM32\USERENV.dll
0x00007ffcb0c70000 - 0x00007ffcb0c7c000 	C:\WINDOWS\SYSTEM32\CRYPTBASE.dll
0x00007ffcb0790000 - 0x00007ffcb07cb000 	C:\WINDOWS\SYSTEM32\IPHLPAPI.DLL
0x00007ffcb2720000 - 0x00007ffcb2728000 	C:\WINDOWS\System32\NSI.dll
0x00007ffca53a0000 - 0x00007ffca53a9000 	C:\Program Files\Java\jdk-21.0.10\bin\extnet.dll
0x00007ffcac290000 - 0x00007ffcac29e000 	C:\Program Files\Java\jdk-21.0.10\bin\sunmscapi.dll
0x00007ffcb17e0000 - 0x00007ffcb193d000 	C:\WINDOWS\System32\CRYPT32.dll
0x00007ffcb0d70000 - 0x00007ffcb0d97000 	C:\WINDOWS\SYSTEM32\ncrypt.dll
0x00007ffcb0d30000 - 0x00007ffcb0d6b000 	C:\WINDOWS\SYSTEM32\NTASN1.dll
0x00007ffca7880000 - 0x00007ffca7887000 	C:\WINDOWS\system32\wshunix.dll

dbghelp: loaded successfully - version: 4.0.5 - missing functions: none
symbol engine: initialized successfully - sym options: 0x614 - pdb path: .;C:\Program Files\Java\jdk-21.0.10\bin;C:\WINDOWS\SYSTEM32;C:\WINDOWS\WinSxS\amd64_microsoft.windows.common-controls_6595b64144ccf1df_6.0.19041.6456_none_60b8a6cb71f64256;C:\Program Files\Java\jdk-21.0.10\bin\server;C:\Users\Sarobidy\.gradle\native\c067742578af261105cb4f569cf0c3c89f3d7b1fecec35dd04571415982c5e48\windows-amd64;C:\Users\Sarobidy\.gradle\native\38dada09dfb8b06ba9b0570ebf7e218e3eb74d4ef43ca46872605cf95ebc2f47\windows-amd64

VM Arguments:
jvm_args: --add-opens=java.base/java.util=ALL-UNNAMED --add-opens=java.base/java.lang=ALL-UNNAMED --add-opens=java.base/java.lang.invoke=ALL-UNNAMED --add-opens=java.prefs/java.util.prefs=ALL-UNNAMED --add-opens=java.base/java.nio.charset=ALL-UNNAMED --add-opens=java.base/java.net=ALL-UNNAMED --add-opens=java.base/java.util.concurrent.atomic=ALL-UNNAMED -XX:MaxMetaspaceSize=384m -XX:+HeapDumpOnOutOfMemoryError -Xms256m -Xmx512m -Dfile.encoding=UTF-8 -Duser.country=FR -Duser.language=fr -Duser.variant -javaagent:C:\Users\Sarobidy\.gradle\wrapper\dists\gradle-8.5-bin\5t9huq95ubn472n8rpzujfbqh\gradle-8.5\lib\agents\gradle-instrumentation-agent-8.5.jar 
java_command: org.gradle.launcher.daemon.bootstrap.GradleDaemon 8.5
java_class_path (initial): C:\Users\Sarobidy\.gradle\wrapper\dists\gradle-8.5-bin\5t9huq95ubn472n8rpzujfbqh\gradle-8.5\lib\gradle-launcher-8.5.jar
Launcher Type: SUN_STANDARD

[Global flags]
     intx CICompilerCount                          = 3                                         {product} {ergonomic}
   size_t CompressedClassSpaceSize                 = 335544320                                 {product} {ergonomic}
     uint ConcGCThreads                            = 1                                         {product} {ergonomic}
     uint G1ConcRefinementThreads                  = 4                                         {product} {ergonomic}
   size_t G1HeapRegionSize                         = 1048576                                   {product} {ergonomic}
    uintx GCDrainStackTargetSize                   = 64                                        {product} {ergonomic}
     bool HeapDumpOnOutOfMemoryError               = true                                   {manageable} {command line}
   size_t InitialHeapSize                          = 268435456                                 {product} {command line}
   size_t MarkStackSize                            = 4194304                                   {product} {ergonomic}
   size_t MaxHeapSize                              = 536870912                                 {product} {command line}
   size_t MaxMetaspaceSize                         = 402653184                                 {product} {command line}
   size_t MaxNewSize                               = 321912832                                 {product} {ergonomic}
   size_t MinHeapDeltaBytes                        = 1048576                                   {product} {ergonomic}
   size_t MinHeapSize                              = 268435456                                 {product} {command line}
    uintx NonNMethodCodeHeapSize                   = 5832780                                {pd product} {ergonomic}
    uintx NonProfiledCodeHeapSize                  = 122912730                              {pd product} {ergonomic}
    uintx ProfiledCodeHeapSize                     = 122912730                              {pd product} {ergonomic}
    uintx ReservedCodeCacheSize                    = 251658240                              {pd product} {ergonomic}
     bool SegmentedCodeCache                       = true                                      {product} {ergonomic}
   size_t SoftMaxHeapSize                          = 536870912                              {manageable} {ergonomic}
     bool UseCompressedOops                        = true                           {product lp64_product} {ergonomic}
     bool UseG1GC                                  = true                                      {product} {ergonomic}
     bool UseLargePagesIndividualAllocation        = false                                  {pd product} {ergonomic}

Logging:
Log output configuration:
 #0: stdout all=warning uptime,level,tags foldmultilines=false
 #1: stderr all=off uptime,level,tags foldmultilines=false

Environment Variables:
JAVA_HOME=C:\Program Files\Java\jdk-21.0.10
PATH=C:\Program Files (x86)\VMware\VMware Workstation\bin\;C:\WINDOWS\system32;C:\WINDOWS;C:\WINDOWS\System32\Wbem;C:\WINDOWS\System32\WindowsPowerShell\v1.0\;C:\WINDOWS\System32\OpenSSH\;C:\Program Files\Git\cmd;C:\php;C:\ProgramData\ComposerSetup\bin;C:\Program Files\Java\jdk-21.0.10\bin;C:\Program Files\Apache\Maven\apache-maven-3.9.13-bin\apache-maven-3.9.13\bin;C:\Program Files\PostgreSQL\17\bin;C:\Program Files\KeePassXC\;%NVM_HOME%;%NVM_SYMLINK%;C:\Program Files\nodejs\;C:\Program Files\Apache\Maven\apache-maven-3.9.13-bin\apache-maven-3.9.13\bin;C:\Users\Sarobidy\AppData\Local\Programs\Microsoft VS Code\bin;C:\Users\Sarobidy\AppData\Local\Python\bin;C:\Users\Sarobidy\AppData\Local\nvm;C:\nvm4w\nodejs;C:\Users\Sarobidy\AppData\Roaming\npm
USERNAME=Sarobidy
OS=Windows_NT
PROCESSOR_IDENTIFIER=Intel64 Family 6 Model 58 Stepping 9, GenuineIntel
TMP=C:\Users\Sarobidy\AppData\Local\Temp
TEMP=C:\Users\Sarobidy\AppData\Local\Temp




Periodic native trim disabled

---------------  S Y S T E M  ---------------

OS:
 Windows 10 , 64 bit Build 19041 (10.0.19041.6807)
OS uptime: 0 days 15:42 hours
Hyper-V role detected

CPU: total 4 (initial active 4) (2 cores per cpu, 2 threads per core) family 6 model 58 stepping 9 microcode 0x21, cx8, cmov, fxsr, ht, mmx, sse, sse2, sse3, ssse3, sse4.1, sse4.2, popcnt, tsc, tscinvbit, avx, aes, erms, clmul, vzeroupper, clflush, hv, rdtscp, f16c
Processor Information for all 4 processors :
  Max Mhz: 2601, Current Mhz: 2601, Mhz Limit: 2601

Memory: 4k page, system-wide physical 6017M (411M free)
TotalPageFile size 8017M (AvailPageFile size 4M)
current process WorkingSet (physical memory assigned to process): 466M, peak: 468M
current process commit charge ("private bytes"): 534M, peak: 534M

vm_info: Java HotSpot(TM) 64-Bit Server VM (21.0.10+8-LTS-217) for windows-amd64 JRE (21.0.10+8-LTS-217), built on 2025-12-18T14:59:28Z by "mach5run" with MS VC++ 17.13 (VS2022)

END.
