#
# There is insufficient memory for the Java Runtime Environment to continue.
# Native memory allocation (malloc) failed to allocate 2098816 bytes for Chunk::new
# Possible reasons:
#   The system is out of physical RAM or swap space
#   The process is running with CompressedOops enabled, and the Java Heap may be blocking the growth of the native heap
# Possible solutions:
#   Reduce memory load on the system
#   Increase physical memory or swap space
#   Check if swap backing store is full
#   Decrease Java heap size (-Xmx/-Xms)
#   Decrease number of Java threads
#   Decrease Java thread stack sizes (-Xss)
#   Set larger code cache with -XX:ReservedCodeCacheSize=
#   JVM is running with Unscaled Compressed Oops mode in which the Java heap is
#     placed in the first 4GB address space. The Java Heap base address is the
#     maximum limit for the native heap growth. Please use -XX:HeapBaseMinAddress
#     to set the Java Heap base and to place the Java Heap above 4GB virtual address.
# This output file may be truncated or incomplete.
#
#  Out of Memory Error (arena.cpp:168), pid=3384, tid=2644
#
# JRE version: Java(TM) SE Runtime Environment (21.0.10+8) (build 21.0.10+8-LTS-217)
# Java VM: Java HotSpot(TM) 64-Bit Server VM (21.0.10+8-LTS-217, mixed mode, sharing, tiered, compressed oops, compressed class ptrs, g1 gc, windows-amd64)
# No core dump will be written. Minidumps are not enabled by default on client versions of Windows
#

---------------  S U M M A R Y ------------

Command Line: --add-opens=java.base/java.util=ALL-UNNAMED --add-opens=java.base/java.lang=ALL-UNNAMED --add-opens=java.base/java.lang.invoke=ALL-UNNAMED --add-opens=java.prefs/java.util.prefs=ALL-UNNAMED --add-opens=java.base/java.nio.charset=ALL-UNNAMED --add-opens=java.base/java.net=ALL-UNNAMED --add-opens=java.base/java.util.concurrent.atomic=ALL-UNNAMED -XX:MaxMetaspaceSize=384m -XX:+HeapDumpOnOutOfMemoryError -Xms256m -Xmx512m -Dfile.encoding=UTF-8 -Duser.country=FR -Duser.language=fr -Duser.variant -javaagent:C:\Users\Sarobidy\.gradle\wrapper\dists\gradle-8.5-bin\5t9huq95ubn472n8rpzujfbqh\gradle-8.5\lib\agents\gradle-instrumentation-agent-8.5.jar org.gradle.launcher.daemon.bootstrap.GradleDaemon 8.5

Host: Intel(R) Core(TM) i5-3230M CPU @ 2.60GHz, 4 cores, 5G,  Windows 10 , 64 bit Build 19041 (10.0.19041.6807)
Time: Sun Jul 12 18:53:33 2026 Jordanie elapsed time: 49.643459 seconds (0d 0h 0m 49s)

---------------  T H R E A D  ---------------

Current thread (0x000002af7f521360):  JavaThread "C2 CompilerThread0" daemon [_thread_in_native, id=2644, stack(0x000000f88aa00000,0x000000f88ab00000) (1024K)]


Current CompileTask:
C2:  49652 8539       4       org.gradle.internal.instantiation.generator.AbstractClassGenerator::inspectType (560 bytes)

Stack: [0x000000f88aa00000,0x000000f88ab00000]
Native frames: (J=compiled Java code, j=interpreted, Vv=VM code, C=native code)
V  [jvm.dll+0x6d0b59]
V  [jvm.dll+0x85fd56]
V  [jvm.dll+0x86224e]
V  [jvm.dll+0x862923]
V  [jvm.dll+0x282a16]
V  [jvm.dll+0xc662d]
V  [jvm.dll+0xc6b71]
V  [jvm.dll+0x3bbb5b]
V  [jvm.dll+0x1e36e2]
V  [jvm.dll+0x24b4c3]
V  [jvm.dll+0x24a94f]
V  [jvm.dll+0x1cacfe]
V  [jvm.dll+0x25a629]
V  [jvm.dll+0x258bb5]
V  [jvm.dll+0x3f4da1]
V  [jvm.dll+0x80a83d]
V  [jvm.dll+0x6cf3fd]
C  [ucrtbase.dll+0x21bb2]
C  [KERNEL32.DLL+0x17374]
C  [ntdll.dll+0x4cc91]


---------------  P R O C E S S  ---------------

Threads class SMR info:
_java_thread_list=0x000002af2c743d10, length=48, elements={
0x000002af71f63aa0, 0x000002af7f5073c0, 0x000002af7f509230, 0x000002af7f50b530,
0x000002af7f50bf90, 0x000002af7f50ce00, 0x000002af7f50d860, 0x000002af7f521360,
0x000002af7f523e10, 0x000002af7f7ca3b0, 0x000002af7f862b10, 0x000002af295030e0,
0x000002af287ee750, 0x000002af28db8380, 0x000002af297ac4a0, 0x000002af297acb10,
0x000002af2859ad10, 0x000002af297484c0, 0x000002af29748b30, 0x000002af280c8640,
0x000002af280c7290, 0x000002af280c8cd0, 0x000002af280c6c00, 0x000002af280ca080,
0x000002af280c9360, 0x000002af280c7fb0, 0x000002af280c99f0, 0x000002af294549a0,
0x000002af29459860, 0x000002af29455030, 0x000002af29456a70, 0x000002af29457e20,
0x000002af29457100, 0x000002af294556c0, 0x000002af294591d0, 0x000002af294535f0,
0x000002af29453c80, 0x000002af2945a580, 0x000002af29454310, 0x000002af294584b0,
0x000002af28950030, 0x000002af2894d8d0, 0x000002af2894aae0, 0x000002af2894a450,
0x000002af2894c520, 0x000002af289506c0, 0x000002af28949dc0, 0x000002af2c9974a0
}

Java Threads: ( => current thread )
  0x000002af71f63aa0 JavaThread "main"                              [_thread_blocked, id=4508, stack(0x000000f889c00000,0x000000f889d00000) (1024K)]
  0x000002af7f5073c0 JavaThread "Reference Handler"          daemon [_thread_blocked, id=9152, stack(0x000000f88a400000,0x000000f88a500000) (1024K)]
  0x000002af7f509230 JavaThread "Finalizer"                  daemon [_thread_blocked, id=7948, stack(0x000000f88a500000,0x000000f88a600000) (1024K)]
  0x000002af7f50b530 JavaThread "Signal Dispatcher"          daemon [_thread_blocked, id=10984, stack(0x000000f88a600000,0x000000f88a700000) (1024K)]
  0x000002af7f50bf90 JavaThread "Attach Listener"            daemon [_thread_blocked, id=7496, stack(0x000000f88a700000,0x000000f88a800000) (1024K)]
  0x000002af7f50ce00 JavaThread "Service Thread"             daemon [_thread_blocked, id=9708, stack(0x000000f88a800000,0x000000f88a900000) (1024K)]
  0x000002af7f50d860 JavaThread "Monitor Deflation Thread"   daemon [_thread_blocked, id=6676, stack(0x000000f88a900000,0x000000f88aa00000) (1024K)]
=>0x000002af7f521360 JavaThread "C2 CompilerThread0"         daemon [_thread_in_native, id=2644, stack(0x000000f88aa00000,0x000000f88ab00000) (1024K)]
  0x000002af7f523e10 JavaThread "C1 CompilerThread0"         daemon [_thread_blocked, id=3200, stack(0x000000f88ab00000,0x000000f88ac00000) (1024K)]
  0x000002af7f7ca3b0 JavaThread "Common-Cleaner"             daemon [_thread_blocked, id=1332, stack(0x000000f88ac00000,0x000000f88ad00000) (1024K)]
  0x000002af7f862b10 JavaThread "Notification Thread"        daemon [_thread_blocked, id=9336, stack(0x000000f88ad00000,0x000000f88ae00000) (1024K)]
  0x000002af295030e0 JavaThread "Daemon health stats"               [_thread_blocked, id=2036, stack(0x000000f88b100000,0x000000f88b200000) (1024K)]
  0x000002af287ee750 JavaThread "Incoming local TCP Connector on port 51428"        [_thread_in_native, id=2812, stack(0x000000f88b200000,0x000000f88b300000) (1024K)]
  0x000002af28db8380 JavaThread "Daemon periodic checks"            [_thread_blocked, id=8668, stack(0x000000f88b300000,0x000000f88b400000) (1024K)]
  0x000002af297ac4a0 JavaThread "Daemon"                            [_thread_blocked, id=4892, stack(0x000000f88b400000,0x000000f88b500000) (1024K)]
  0x000002af297acb10 JavaThread "Handler for socket connection from /127.0.0.1:51428 to /127.0.0.1:51429"        [_thread_in_native, id=6688, stack(0x000000f88b500000,0x000000f88b600000) (1024K)]
  0x000002af2859ad10 JavaThread "Cancel handler"                    [_thread_blocked, id=8952, stack(0x000000f88b600000,0x000000f88b700000) (1024K)]
  0x000002af297484c0 JavaThread "Daemon worker"                     [_thread_in_native, id=10400, stack(0x000000f88b700000,0x000000f88b800000) (1024K)]
  0x000002af29748b30 JavaThread "Asynchronous log dispatcher for DefaultDaemonConnection: socket connection from /127.0.0.1:51428 to /127.0.0.1:51429"        [_thread_blocked, id=1372, stack(0x000000f88b800000,0x000000f88b900000) (1024K)]
  0x000002af280c8640 JavaThread "Stdin handler"                     [_thread_blocked, id=2424, stack(0x000000f88b900000,0x000000f88ba00000) (1024K)]
  0x000002af280c7290 JavaThread "Daemon client event forwarder"        [_thread_blocked, id=10040, stack(0x000000f88ba00000,0x000000f88bb00000) (1024K)]
  0x000002af280c8cd0 JavaThread "Cache worker for journal cache (C:\Users\Sarobidy\.gradle\caches\journal-1)"        [_thread_blocked, id=8132, stack(0x000000f88bb00000,0x000000f88bc00000) (1024K)]
  0x000002af280c6c00 JavaThread "File lock request listener"        [_thread_in_native, id=7372, stack(0x000000f88bc00000,0x000000f88bd00000) (1024K)]
  0x000002af280ca080 JavaThread "Cache worker for file hash cache (C:\Users\Sarobidy\.gradle\caches\8.5\fileHashes)"        [_thread_blocked, id=2860, stack(0x000000f88bd00000,0x000000f88be00000) (1024K)]
  0x000002af280c9360 JavaThread "File watcher server"        daemon [_thread_in_native, id=5024, stack(0x000000f88be00000,0x000000f88bf00000) (1024K)]
  0x000002af280c7fb0 JavaThread "File watcher consumer"      daemon [_thread_blocked, id=7632, stack(0x000000f88bf00000,0x000000f88c000000) (1024K)]
  0x000002af280c99f0 JavaThread "jar transforms"                    [_thread_blocked, id=4440, stack(0x000000f88c000000,0x000000f88c100000) (1024K)]
  0x000002af294549a0 JavaThread "jar transforms Thread 2"           [_thread_blocked, id=6292, stack(0x000000f88c100000,0x000000f88c200000) (1024K)]
  0x000002af29459860 JavaThread "jar transforms Thread 3"           [_thread_blocked, id=2788, stack(0x000000f88c200000,0x000000f88c300000) (1024K)]
  0x000002af29455030 JavaThread "jar transforms Thread 4"           [_thread_blocked, id=3636, stack(0x000000f88c300000,0x000000f88c400000) (1024K)]
  0x000002af29456a70 JavaThread "Cache worker for checksums cache (E:\L2\Exercice\Envoie_email\.gradle\8.5\checksums)"        [_thread_blocked, id=9228, stack(0x000000f88c400000,0x000000f88c500000) (1024K)]
  0x000002af29457e20 JavaThread "Cache worker for file hash cache (E:\L2\Exercice\Envoie_email\.gradle\8.5\fileHashes)"        [_thread_blocked, id=2796, stack(0x000000f88c500000,0x000000f88c600000) (1024K)]
  0x000002af29457100 JavaThread "Cache worker for cache directory md-supplier (C:\Users\Sarobidy\.gradle\caches\8.5\md-supplier)"        [_thread_blocked, id=8744, stack(0x000000f88c600000,0x000000f88c700000) (1024K)]
  0x000002af294556c0 JavaThread "Cache worker for cache directory md-rule (C:\Users\Sarobidy\.gradle\caches\8.5\md-rule)"        [_thread_blocked, id=4112, stack(0x000000f88c700000,0x000000f88c800000) (1024K)]
  0x000002af294591d0 JavaThread "Cache worker for file content cache (C:\Users\Sarobidy\.gradle\caches\8.5\fileContent)"        [_thread_blocked, id=2884, stack(0x000000f88c800000,0x000000f88c900000) (1024K)]
  0x000002af294535f0 JavaThread "Cache worker for execution history cache (C:\Users\Sarobidy\.gradle\caches\8.5\executionHistory)"        [_thread_blocked, id=8824, stack(0x000000f88c900000,0x000000f88ca00000) (1024K)]
  0x000002af29453c80 JavaThread "Cache worker for dependencies-accessors (E:\L2\Exercice\Envoie_email\.gradle\8.5\dependencies-accessors)"        [_thread_blocked, id=9872, stack(0x000000f88ca00000,0x000000f88cb00000) (1024K)]
  0x000002af2945a580 JavaThread "Cache worker for Build Output Cleanup Cache (E:\L2\Exercice\Envoie_email\.gradle\buildOutputCleanup)"        [_thread_blocked, id=4596, stack(0x000000f88cb00000,0x000000f88cc00000) (1024K)]
  0x000002af29454310 JavaThread "Unconstrained build operations"        [_thread_blocked, id=7844, stack(0x000000f88cc00000,0x000000f88cd00000) (1024K)]
  0x000002af294584b0 JavaThread "Unconstrained build operations Thread 2"        [_thread_blocked, id=7080, stack(0x000000f88cd00000,0x000000f88ce00000) (1024K)]
  0x000002af28950030 JavaThread "Unconstrained build operations Thread 3"        [_thread_blocked, id=10724, stack(0x000000f88ce00000,0x000000f88cf00000) (1024K)]
  0x000002af2894d8d0 JavaThread "Memory manager"                    [_thread_blocked, id=8128, stack(0x000000f88cf00000,0x000000f88d000000) (1024K)]
  0x000002af2894aae0 JavaThread "included builds"                   [_thread_blocked, id=6004, stack(0x000000f88d000000,0x000000f88d100000) (1024K)]
  0x000002af2894a450 JavaThread "Execution worker"                  [_thread_blocked, id=6720, stack(0x000000f88d100000,0x000000f88d200000) (1024K)]
  0x000002af2894c520 JavaThread "Execution worker Thread 2"         [_thread_blocked, id=10352, stack(0x000000f88d200000,0x000000f88d300000) (1024K)]
  0x000002af289506c0 JavaThread "Execution worker Thread 3"         [_thread_blocked, id=3000, stack(0x000000f88d300000,0x000000f88d400000) (1024K)]
  0x000002af28949dc0 JavaThread "Cache worker for execution history cache (E:\L2\Exercice\Envoie_email\.gradle\8.5\executionHistory)"        [_thread_blocked, id=5556, stack(0x000000f88d400000,0x000000f88d500000) (1024K)]
  0x000002af2c9974a0 JavaThread "C2 CompilerThread1"         daemon [_thread_in_native, id=4724, stack(0x000000f88d500000,0x000000f88d600000) (1024K)]
Total: 48

Other Threads:
  0x000002af7f4f1260 VMThread "VM Thread"                           [id=7432, stack(0x000000f88a300000,0x000000f88a400000) (1024K)]
  0x000002af7f4e0770 WatcherThread "VM Periodic Task Thread"        [id=3656, stack(0x000000f88a200000,0x000000f88a300000) (1024K)]
  0x000002af741787a0 WorkerThread "GC Thread#0"                     [id=10460, stack(0x000000f889d00000,0x000000f889e00000) (1024K)]
  0x000002af7f98c380 WorkerThread "GC Thread#1"                     [id=10564, stack(0x000000f88ae00000,0x000000f88af00000) (1024K)]
  0x000002af28036b10 WorkerThread "GC Thread#2"                     [id=4380, stack(0x000000f88af00000,0x000000f88b000000) (1024K)]
  0x000002af28036ec0 WorkerThread "GC Thread#3"                     [id=8012, stack(0x000000f88b000000,0x000000f88b100000) (1024K)]
  0x000002af7417d5a0 ConcurrentGCThread "G1 Main Marker"            [id=2188, stack(0x000000f889e00000,0x000000f889f00000) (1024K)]
  0x000002af7417e070 WorkerThread "G1 Conc#0"                       [id=7860, stack(0x000000f889f00000,0x000000f88a000000) (1024K)]
  0x000002af7421eb30 ConcurrentGCThread "G1 Refine#0"               [id=4128, stack(0x000000f88a000000,0x000000f88a100000) (1024K)]
  0x000002af7f3b2700 ConcurrentGCThread "G1 Service"                [id=10320, stack(0x000000f88a100000,0x000000f88a200000) (1024K)]
Total: 10

Threads with active compile tasks:
C2 CompilerThread0    49877 8539       4       org.gradle.internal.instantiation.generator.AbstractClassGenerator::inspectType (560 bytes)
C2 CompilerThread1    49877 8624       4       org.objectweb.asm.MethodWriter::computeMethodInfoSize (571 bytes)
Total: 2

VM state: not at safepoint (normal execution)

VM Mutex/Monitor currently owned by a thread: None

Heap address: 0x00000000e0000000, size: 512 MB, Compressed Oops mode: 32-bit

CDS archive(s) mapped at: [0x000002af0f000000-0x000002af0fc90000-0x000002af0fc90000), size 13172736, SharedBaseAddress: 0x000002af0f000000, ArchiveRelocationMode: 1.
Compressed class space mapped at: 0x000002af10000000-0x000002af24000000, reserved size: 335544320
Narrow klass base: 0x000002af0f000000, Narrow klass shift: 0, Narrow klass range: 0x100000000

GC Precious Log:
 CardTable entry size: 512
 Card Set container configuration: InlinePtr #cards 5 size 8 Array Of Cards #cards 12 size 40 Howl #buckets 4 coarsen threshold 1843 Howl Bitmap #cards 512 size 80 coarsen threshold 460 Card regions per heap region 1 cards per card region 2048
 CPUs: 4 total, 4 available
 Memory: 6017M
 Large Page Support: Disabled
 NUMA Support: Disabled
 Compressed Oops: Enabled (32-bit)
 Heap Region Size: 1M
 Heap Min Capacity: 256M
 Heap Initial Capacity: 256M
 Heap Max Capacity: 512M
 Pre-touch: Disabled
 Parallel Workers: 4
 Concurrent Workers: 1
 Concurrent Refinement Workers: 4
 Periodic GC: Disabled

Heap:
 garbage-first heap   total 262144K, used 202752K [0x00000000e0000000, 0x0000000100000000)
  region size 1024K, 111 young (113664K), 2 survivors (2048K)
 Metaspace       used 66543K, committed 68544K, reserved 393216K
  class space    used 9527K, committed 10496K, reserved 327680K

Heap Regions: E=young(eden), S=young(survivor), O=old, HS=humongous(starts), HC=humongous(continues), CS=collection set, F=free, TAMS=top-at-mark-start, PB=parsable bottom
|   0|0x00000000e0000000, 0x00000000e0100000, 0x00000000e0100000|100%| O|  |TAMS 0x00000000e0000000| PB 0x00000000e0000000| Untracked 
|   1|0x00000000e0100000, 0x00000000e0200000, 0x00000000e0200000|100%| O|  |TAMS 0x00000000e0100000| PB 0x00000000e0100000| Untracked 
|   2|0x00000000e0200000, 0x00000000e0300000, 0x00000000e0300000|100%|HS|  |TAMS 0x00000000e0200000| PB 0x00000000e0200000| Complete 
|   3|0x00000000e0300000, 0x00000000e0400000, 0x00000000e0400000|100%|HC|  |TAMS 0x00000000e0300000| PB 0x00000000e0300000| Complete 
|   4|0x00000000e0400000, 0x00000000e0500000, 0x00000000e0500000|100%|HC|  |TAMS 0x00000000e0400000| PB 0x00000000e0400000| Complete 
|   5|0x00000000e0500000, 0x00000000e0600000, 0x00000000e0600000|100%|HC|  |TAMS 0x00000000e0500000| PB 0x00000000e0500000| Complete 
|   6|0x00000000e0600000, 0x00000000e0700000, 0x00000000e0700000|100%| O|  |TAMS 0x00000000e0600000| PB 0x00000000e0600000| Untracked 
|   7|0x00000000e0700000, 0x00000000e0800000, 0x00000000e0800000|100%| O|  |TAMS 0x00000000e0700000| PB 0x00000000e0700000| Untracked 
|   8|0x00000000e0800000, 0x00000000e0900000, 0x00000000e0900000|100%|HS|  |TAMS 0x00000000e0800000| PB 0x00000000e0800000| Complete 
|   9|0x00000000e0900000, 0x00000000e0a00000, 0x00000000e0a00000|100%| O|  |TAMS 0x00000000e0900000| PB 0x00000000e0900000| Untracked 
|  10|0x00000000e0a00000, 0x00000000e0b00000, 0x00000000e0b00000|100%| O|  |TAMS 0x00000000e0a00000| PB 0x00000000e0a00000| Untracked 
|  11|0x00000000e0b00000, 0x00000000e0c00000, 0x00000000e0c00000|100%| O|  |TAMS 0x00000000e0b00000| PB 0x00000000e0b00000| Untracked 
|  12|0x00000000e0c00000, 0x00000000e0d00000, 0x00000000e0d00000|100%|HS|  |TAMS 0x00000000e0c00000| PB 0x00000000e0c00000| Complete 
|  13|0x00000000e0d00000, 0x00000000e0e00000, 0x00000000e0e00000|100%|HC|  |TAMS 0x00000000e0d00000| PB 0x00000000e0d00000| Complete 
|  14|0x00000000e0e00000, 0x00000000e0f00000, 0x00000000e0f00000|100%|HC|  |TAMS 0x00000000e0e00000| PB 0x00000000e0e00000| Complete 
|  15|0x00000000e0f00000, 0x00000000e1000000, 0x00000000e1000000|100%|HC|  |TAMS 0x00000000e0f00000| PB 0x00000000e0f00000| Complete 
|  16|0x00000000e1000000, 0x00000000e1100000, 0x00000000e1100000|100%|HC|  |TAMS 0x00000000e1000000| PB 0x00000000e1000000| Complete 
|  17|0x00000000e1100000, 0x00000000e1200000, 0x00000000e1200000|100%|HC|  |TAMS 0x00000000e1100000| PB 0x00000000e1100000| Complete 
|  18|0x00000000e1200000, 0x00000000e1300000, 0x00000000e1300000|100%|HS|  |TAMS 0x00000000e1200000| PB 0x00000000e1200000| Complete 
|  19|0x00000000e1300000, 0x00000000e1400000, 0x00000000e1400000|100%|HC|  |TAMS 0x00000000e1300000| PB 0x00000000e1300000| Complete 
|  20|0x00000000e1400000, 0x00000000e1500000, 0x00000000e1500000|100%|HC|  |TAMS 0x00000000e1400000| PB 0x00000000e1400000| Complete 
|  21|0x00000000e1500000, 0x00000000e1600000, 0x00000000e1600000|100%|HS|  |TAMS 0x00000000e1500000| PB 0x00000000e1500000| Complete 
|  22|0x00000000e1600000, 0x00000000e1700000, 0x00000000e1700000|100%|HC|  |TAMS 0x00000000e1600000| PB 0x00000000e1600000| Complete 
|  23|0x00000000e1700000, 0x00000000e1800000, 0x00000000e1800000|100%|HS|  |TAMS 0x00000000e1700000| PB 0x00000000e1700000| Complete 
|  24|0x00000000e1800000, 0x00000000e1900000, 0x00000000e1900000|100%|HC|  |TAMS 0x00000000e1800000| PB 0x00000000e1800000| Complete 
|  25|0x00000000e1900000, 0x00000000e1a00000, 0x00000000e1a00000|100%|HC|  |TAMS 0x00000000e1900000| PB 0x00000000e1900000| Complete 
|  26|0x00000000e1a00000, 0x00000000e1b00000, 0x00000000e1b00000|100%|HC|  |TAMS 0x00000000e1a00000| PB 0x00000000e1a00000| Complete 
|  27|0x00000000e1b00000, 0x00000000e1c00000, 0x00000000e1c00000|100%|HC|  |TAMS 0x00000000e1b00000| PB 0x00000000e1b00000| Complete 
|  28|0x00000000e1c00000, 0x00000000e1d00000, 0x00000000e1d00000|100%|HC|  |TAMS 0x00000000e1c00000| PB 0x00000000e1c00000| Complete 
|  29|0x00000000e1d00000, 0x00000000e1e00000, 0x00000000e1e00000|100%|HS|  |TAMS 0x00000000e1d00000| PB 0x00000000e1d00000| Complete 
|  30|0x00000000e1e00000, 0x00000000e1f00000, 0x00000000e1f00000|100%|HC|  |TAMS 0x00000000e1e00000| PB 0x00000000e1e00000| Complete 
|  31|0x00000000e1f00000, 0x00000000e2000000, 0x00000000e2000000|100%|HC|  |TAMS 0x00000000e1f00000| PB 0x00000000e1f00000| Complete 
|  32|0x00000000e2000000, 0x00000000e2100000, 0x00000000e2100000|100%|HS|  |TAMS 0x00000000e2000000| PB 0x00000000e2000000| Complete 
|  33|0x00000000e2100000, 0x00000000e2200000, 0x00000000e2200000|100%|HC|  |TAMS 0x00000000e2100000| PB 0x00000000e2100000| Complete 
|  34|0x00000000e2200000, 0x00000000e2300000, 0x00000000e2300000|100%|HS|  |TAMS 0x00000000e2200000| PB 0x00000000e2200000| Complete 
|  35|0x00000000e2300000, 0x00000000e2400000, 0x00000000e2400000|100%| O|  |TAMS 0x00000000e2300000| PB 0x00000000e2300000| Untracked 
|  36|0x00000000e2400000, 0x00000000e2500000, 0x00000000e2500000|100%| O|  |TAMS 0x00000000e2400000| PB 0x00000000e2400000| Untracked 
|  37|0x00000000e2500000, 0x00000000e2600000, 0x00000000e2600000|100%| O|  |TAMS 0x00000000e2500000| PB 0x00000000e2500000| Untracked 
|  38|0x00000000e2600000, 0x00000000e2700000, 0x00000000e2700000|100%| O|  |TAMS 0x00000000e2600000| PB 0x00000000e2600000| Untracked 
|  39|0x00000000e2700000, 0x00000000e2800000, 0x00000000e2800000|100%| O|  |TAMS 0x00000000e2700000| PB 0x00000000e2700000| Untracked 
|  40|0x00000000e2800000, 0x00000000e2900000, 0x00000000e2900000|100%| O|  |TAMS 0x00000000e2800000| PB 0x00000000e2800000| Untracked 
|  41|0x00000000e2900000, 0x00000000e2a00000, 0x00000000e2a00000|100%| O|  |TAMS 0x00000000e2900000| PB 0x00000000e2900000| Untracked 
|  42|0x00000000e2a00000, 0x00000000e2b00000, 0x00000000e2b00000|100%| O|  |TAMS 0x00000000e2a00000| PB 0x00000000e2a00000| Untracked 
|  43|0x00000000e2b00000, 0x00000000e2c00000, 0x00000000e2c00000|100%| O|  |TAMS 0x00000000e2b00000| PB 0x00000000e2b00000| Untracked 
|  44|0x00000000e2c00000, 0x00000000e2d00000, 0x00000000e2d00000|100%| O|  |TAMS 0x00000000e2c00000| PB 0x00000000e2c00000| Untracked 
|  45|0x00000000e2d00000, 0x00000000e2e00000, 0x00000000e2e00000|100%|HS|  |TAMS 0x00000000e2d00000| PB 0x00000000e2d00000| Complete 
|  46|0x00000000e2e00000, 0x00000000e2f00000, 0x00000000e2f00000|100%| O|  |TAMS 0x00000000e2e00000| PB 0x00000000e2e00000| Untracked 
|  47|0x00000000e2f00000, 0x00000000e3000000, 0x00000000e3000000|100%| O|  |TAMS 0x00000000e2f00000| PB 0x00000000e2f00000| Untracked 
|  48|0x00000000e3000000, 0x00000000e3100000, 0x00000000e3100000|100%| O|  |TAMS 0x00000000e3000000| PB 0x00000000e3000000| Untracked 
|  49|0x00000000e3100000, 0x00000000e3200000, 0x00000000e3200000|100%| O|  |TAMS 0x00000000e3100000| PB 0x00000000e3100000| Untracked 
|  50|0x00000000e3200000, 0x00000000e3300000, 0x00000000e3300000|100%| O|  |TAMS 0x00000000e3200000| PB 0x00000000e3200000| Untracked 
|  51|0x00000000e3300000, 0x00000000e3400000, 0x00000000e3400000|100%| O|  |TAMS 0x00000000e3300000| PB 0x00000000e3300000| Untracked 
|  52|0x00000000e3400000, 0x00000000e3500000, 0x00000000e3500000|100%| O|  |TAMS 0x00000000e3400000| PB 0x00000000e3400000| Untracked 
|  53|0x00000000e3500000, 0x00000000e3600000, 0x00000000e3600000|100%| O|  |TAMS 0x00000000e3500000| PB 0x00000000e3500000| Untracked 
|  54|0x00000000e3600000, 0x00000000e3700000, 0x00000000e3700000|100%| O|  |TAMS 0x00000000e3600000| PB 0x00000000e3600000| Untracked 
|  55|0x00000000e3700000, 0x00000000e3800000, 0x00000000e3800000|100%| O|  |TAMS 0x00000000e3700000| PB 0x00000000e3700000| Untracked 
|  56|0x00000000e3800000, 0x00000000e3900000, 0x00000000e3900000|100%| O|  |TAMS 0x00000000e3800000| PB 0x00000000e3800000| Untracked 
|  57|0x00000000e3900000, 0x00000000e3a00000, 0x00000000e3a00000|100%| O|  |TAMS 0x00000000e3900000| PB 0x00000000e3900000| Untracked 
|  58|0x00000000e3a00000, 0x00000000e3b00000, 0x00000000e3b00000|100%| O|  |TAMS 0x00000000e3a00000| PB 0x00000000e3a00000| Untracked 
|  59|0x00000000e3b00000, 0x00000000e3c00000, 0x00000000e3c00000|100%| O|  |TAMS 0x00000000e3b00000| PB 0x00000000e3b00000| Untracked 
|  60|0x00000000e3c00000, 0x00000000e3d00000, 0x00000000e3d00000|100%| O|  |TAMS 0x00000000e3c00000| PB 0x00000000e3c00000| Untracked 
|  61|0x00000000e3d00000, 0x00000000e3e00000, 0x00000000e3e00000|100%| O|  |TAMS 0x00000000e3d00000| PB 0x00000000e3d00000| Untracked 
|  62|0x00000000e3e00000, 0x00000000e3f00000, 0x00000000e3f00000|100%| O|  |TAMS 0x00000000e3e00000| PB 0x00000000e3e00000| Untracked 
|  63|0x00000000e3f00000, 0x00000000e4000000, 0x00000000e4000000|100%| O|  |TAMS 0x00000000e3f00000| PB 0x00000000e3f00000| Untracked 
|  64|0x00000000e4000000, 0x00000000e4100000, 0x00000000e4100000|100%| O|Cm|TAMS 0x00000000e4000000| PB 0x00000000e4000000| Complete 
|  65|0x00000000e4100000, 0x00000000e4200000, 0x00000000e4200000|100%|HS|  |TAMS 0x00000000e4100000| PB 0x00000000e4100000| Complete 
|  66|0x00000000e4200000, 0x00000000e4300000, 0x00000000e4300000|100%|HC|  |TAMS 0x00000000e4200000| PB 0x00000000e4200000| Complete 
|  67|0x00000000e4300000, 0x00000000e4400000, 0x00000000e4400000|100%|HC|  |TAMS 0x00000000e4300000| PB 0x00000000e4300000| Complete 
|  68|0x00000000e4400000, 0x00000000e4500000, 0x00000000e4500000|100%|HC|  |TAMS 0x00000000e4400000| PB 0x00000000e4400000| Complete 
|  69|0x00000000e4500000, 0x00000000e4600000, 0x00000000e4600000|100%|HC|  |TAMS 0x00000000e4500000| PB 0x00000000e4500000| Complete 
|  70|0x00000000e4600000, 0x00000000e4700000, 0x00000000e4700000|100%|HC|  |TAMS 0x00000000e4600000| PB 0x00000000e4600000| Complete 
|  71|0x00000000e4700000, 0x00000000e4800000, 0x00000000e4800000|100%| O|  |TAMS 0x00000000e4700000| PB 0x00000000e4700000| Untracked 
|  72|0x00000000e4800000, 0x00000000e4900000, 0x00000000e4900000|100%| O|  |TAMS 0x00000000e4800000| PB 0x00000000e4800000| Untracked 
|  73|0x00000000e4900000, 0x00000000e4a00000, 0x00000000e4a00000|100%| O|  |TAMS 0x00000000e4900000| PB 0x00000000e4900000| Untracked 
|  74|0x00000000e4a00000, 0x00000000e4b00000, 0x00000000e4b00000|100%| O|  |TAMS 0x00000000e4a00000| PB 0x00000000e4a00000| Untracked 
|  75|0x00000000e4b00000, 0x00000000e4c00000, 0x00000000e4c00000|100%| O|  |TAMS 0x00000000e4b00000| PB 0x00000000e4b00000| Untracked 
|  76|0x00000000e4c00000, 0x00000000e4d00000, 0x00000000e4d00000|100%| O|  |TAMS 0x00000000e4c00000| PB 0x00000000e4c00000| Untracked 
|  77|0x00000000e4d00000, 0x00000000e4e00000, 0x00000000e4e00000|100%| O|  |TAMS 0x00000000e4d00000| PB 0x00000000e4d00000| Untracked 
|  78|0x00000000e4e00000, 0x00000000e4f00000, 0x00000000e4f00000|100%| O|  |TAMS 0x00000000e4e00000| PB 0x00000000e4e00000| Untracked 
|  79|0x00000000e4f00000, 0x00000000e5000000, 0x00000000e5000000|100%| O|  |TAMS 0x00000000e4f00000| PB 0x00000000e4f00000| Untracked 
|  80|0x00000000e5000000, 0x00000000e5100000, 0x00000000e5100000|100%| O|  |TAMS 0x00000000e5000000| PB 0x00000000e5000000| Untracked 
|  81|0x00000000e5100000, 0x00000000e5200000, 0x00000000e5200000|100%| O|  |TAMS 0x00000000e5100000| PB 0x00000000e5100000| Untracked 
|  82|0x00000000e5200000, 0x00000000e5300000, 0x00000000e5300000|100%| O|  |TAMS 0x00000000e5200000| PB 0x00000000e5200000| Untracked 
|  83|0x00000000e5300000, 0x00000000e5400000, 0x00000000e5400000|100%| O|  |TAMS 0x00000000e5300000| PB 0x00000000e5300000| Untracked 
|  84|0x00000000e5400000, 0x00000000e5500000, 0x00000000e5500000|100%| O|  |TAMS 0x00000000e5400000| PB 0x00000000e5400000| Untracked 
|  85|0x00000000e5500000, 0x00000000e5600000, 0x00000000e5600000|100%| O|  |TAMS 0x00000000e5500000| PB 0x00000000e5500000| Untracked 
|  86|0x00000000e5600000, 0x00000000e5700000, 0x00000000e5700000|100%|HS|  |TAMS 0x00000000e5600000| PB 0x00000000e5600000| Complete 
|  87|0x00000000e5700000, 0x00000000e5800000, 0x00000000e5800000|100%|HC|  |TAMS 0x00000000e5700000| PB 0x00000000e5700000| Complete 
|  88|0x00000000e5800000, 0x00000000e5800000, 0x00000000e5900000|  0%| F|  |TAMS 0x00000000e5800000| PB 0x00000000e5800000| Untracked 
|  89|0x00000000e5900000, 0x00000000e5900000, 0x00000000e5a00000|  0%| F|  |TAMS 0x00000000e5900000| PB 0x00000000e5900000| Untracked 
|  90|0x00000000e5a00000, 0x00000000e5a00000, 0x00000000e5b00000|  0%| F|  |TAMS 0x00000000e5a00000| PB 0x00000000e5a00000| Untracked 
|  91|0x00000000e5b00000, 0x00000000e5b00000, 0x00000000e5c00000|  0%| F|  |TAMS 0x00000000e5b00000| PB 0x00000000e5b00000| Untracked 
|  92|0x00000000e5c00000, 0x00000000e5c00000, 0x00000000e5d00000|  0%| F|  |TAMS 0x00000000e5c00000| PB 0x00000000e5c00000| Untracked 
|  93|0x00000000e5d00000, 0x00000000e5d00000, 0x00000000e5e00000|  0%| F|  |TAMS 0x00000000e5d00000| PB 0x00000000e5d00000| Untracked 
|  94|0x00000000e5e00000, 0x00000000e5e00000, 0x00000000e5f00000|  0%| F|  |TAMS 0x00000000e5e00000| PB 0x00000000e5e00000| Untracked 
|  95|0x00000000e5f00000, 0x00000000e5f00000, 0x00000000e6000000|  0%| F|  |TAMS 0x00000000e5f00000| PB 0x00000000e5f00000| Untracked 
|  96|0x00000000e6000000, 0x00000000e6000000, 0x00000000e6100000|  0%| F|  |TAMS 0x00000000e6000000| PB 0x00000000e6000000| Untracked 
|  97|0x00000000e6100000, 0x00000000e6100000, 0x00000000e6200000|  0%| F|  |TAMS 0x00000000e6100000| PB 0x00000000e6100000| Untracked 
|  98|0x00000000e6200000, 0x00000000e6200000, 0x00000000e6300000|  0%| F|  |TAMS 0x00000000e6200000| PB 0x00000000e6200000| Untracked 
|  99|0x00000000e6300000, 0x00000000e6300000, 0x00000000e6400000|  0%| F|  |TAMS 0x00000000e6300000| PB 0x00000000e6300000| Untracked 
| 100|0x00000000e6400000, 0x00000000e6400000, 0x00000000e6500000|  0%| F|  |TAMS 0x00000000e6400000| PB 0x00000000e6400000| Untracked 
| 101|0x00000000e6500000, 0x00000000e6500000, 0x00000000e6600000|  0%| F|  |TAMS 0x00000000e6500000| PB 0x00000000e6500000| Untracked 
| 102|0x00000000e6600000, 0x00000000e6600000, 0x00000000e6700000|  0%| F|  |TAMS 0x00000000e6600000| PB 0x00000000e6600000| Untracked 
| 103|0x00000000e6700000, 0x00000000e6700000, 0x00000000e6800000|  0%| F|  |TAMS 0x00000000e6700000| PB 0x00000000e6700000| Untracked 
| 104|0x00000000e6800000, 0x00000000e6800000, 0x00000000e6900000|  0%| F|  |TAMS 0x00000000e6800000| PB 0x00000000e6800000| Untracked 
| 105|0x00000000e6900000, 0x00000000e6900000, 0x00000000e6a00000|  0%| F|  |TAMS 0x00000000e6900000| PB 0x00000000e6900000| Untracked 
| 106|0x00000000e6a00000, 0x00000000e6a00000, 0x00000000e6b00000|  0%| F|  |TAMS 0x00000000e6a00000| PB 0x00000000e6a00000| Untracked 
| 107|0x00000000e6b00000, 0x00000000e6b00000, 0x00000000e6c00000|  0%| F|  |TAMS 0x00000000e6b00000| PB 0x00000000e6b00000| Untracked 
| 108|0x00000000e6c00000, 0x00000000e6c00000, 0x00000000e6d00000|  0%| F|  |TAMS 0x00000000e6c00000| PB 0x00000000e6c00000| Untracked 
| 109|0x00000000e6d00000, 0x00000000e6d00000, 0x00000000e6e00000|  0%| F|  |TAMS 0x00000000e6d00000| PB 0x00000000e6d00000| Untracked 
| 110|0x00000000e6e00000, 0x00000000e6e00000, 0x00000000e6f00000|  0%| F|  |TAMS 0x00000000e6e00000| PB 0x00000000e6e00000| Untracked 
| 111|0x00000000e6f00000, 0x00000000e6f00000, 0x00000000e7000000|  0%| F|  |TAMS 0x00000000e6f00000| PB 0x00000000e6f00000| Untracked 
| 112|0x00000000e7000000, 0x00000000e7000000, 0x00000000e7100000|  0%| F|  |TAMS 0x00000000e7000000| PB 0x00000000e7000000| Untracked 
| 113|0x00000000e7100000, 0x00000000e7100000, 0x00000000e7200000|  0%| F|  |TAMS 0x00000000e7100000| PB 0x00000000e7100000| Untracked 
| 114|0x00000000e7200000, 0x00000000e7200000, 0x00000000e7300000|  0%| F|  |TAMS 0x00000000e7200000| PB 0x00000000e7200000| Untracked 
| 115|0x00000000e7300000, 0x00000000e7300000, 0x00000000e7400000|  0%| F|  |TAMS 0x00000000e7300000| PB 0x00000000e7300000| Untracked 
| 116|0x00000000e7400000, 0x00000000e7400000, 0x00000000e7500000|  0%| F|  |TAMS 0x00000000e7400000| PB 0x00000000e7400000| Untracked 
| 117|0x00000000e7500000, 0x00000000e7500000, 0x00000000e7600000|  0%| F|  |TAMS 0x00000000e7500000| PB 0x00000000e7500000| Untracked 
| 118|0x00000000e7600000, 0x00000000e7600000, 0x00000000e7700000|  0%| F|  |TAMS 0x00000000e7600000| PB 0x00000000e7600000| Untracked 
| 119|0x00000000e7700000, 0x00000000e7700000, 0x00000000e7800000|  0%| F|  |TAMS 0x00000000e7700000| PB 0x00000000e7700000| Untracked 
| 120|0x00000000e7800000, 0x00000000e7800000, 0x00000000e7900000|  0%| F|  |TAMS 0x00000000e7800000| PB 0x00000000e7800000| Untracked 
| 121|0x00000000e7900000, 0x00000000e7900000, 0x00000000e7a00000|  0%| F|  |TAMS 0x00000000e7900000| PB 0x00000000e7900000| Untracked 
| 122|0x00000000e7a00000, 0x00000000e7a00000, 0x00000000e7b00000|  0%| F|  |TAMS 0x00000000e7a00000| PB 0x00000000e7a00000| Untracked 
| 123|0x00000000e7b00000, 0x00000000e7b00000, 0x00000000e7c00000|  0%| F|  |TAMS 0x00000000e7b00000| PB 0x00000000e7b00000| Untracked 
| 124|0x00000000e7c00000, 0x00000000e7c00000, 0x00000000e7d00000|  0%| F|  |TAMS 0x00000000e7c00000| PB 0x00000000e7c00000| Untracked 
| 125|0x00000000e7d00000, 0x00000000e7d00000, 0x00000000e7e00000|  0%| F|  |TAMS 0x00000000e7d00000| PB 0x00000000e7d00000| Untracked 
| 126|0x00000000e7e00000, 0x00000000e7e00000, 0x00000000e7f00000|  0%| F|  |TAMS 0x00000000e7e00000| PB 0x00000000e7e00000| Untracked 
| 127|0x00000000e7f00000, 0x00000000e7f00000, 0x00000000e8000000|  0%| F|  |TAMS 0x00000000e7f00000| PB 0x00000000e7f00000| Untracked 
| 128|0x00000000e8000000, 0x00000000e8000000, 0x00000000e8100000|  0%| F|  |TAMS 0x00000000e8000000| PB 0x00000000e8000000| Untracked 
| 129|0x00000000e8100000, 0x00000000e8100000, 0x00000000e8200000|  0%| F|  |TAMS 0x00000000e8100000| PB 0x00000000e8100000| Untracked 
| 130|0x00000000e8200000, 0x00000000e8200000, 0x00000000e8300000|  0%| F|  |TAMS 0x00000000e8200000| PB 0x00000000e8200000| Untracked 
| 131|0x00000000e8300000, 0x00000000e8300000, 0x00000000e8400000|  0%| F|  |TAMS 0x00000000e8300000| PB 0x00000000e8300000| Untracked 
| 132|0x00000000e8400000, 0x00000000e8400000, 0x00000000e8500000|  0%| F|  |TAMS 0x00000000e8400000| PB 0x00000000e8400000| Untracked 
| 133|0x00000000e8500000, 0x00000000e8500000, 0x00000000e8600000|  0%| F|  |TAMS 0x00000000e8500000| PB 0x00000000e8500000| Untracked 
| 134|0x00000000e8600000, 0x00000000e8600000, 0x00000000e8700000|  0%| F|  |TAMS 0x00000000e8600000| PB 0x00000000e8600000| Untracked 
| 135|0x00000000e8700000, 0x00000000e8700000, 0x00000000e8800000|  0%| F|  |TAMS 0x00000000e8700000| PB 0x00000000e8700000| Untracked 
| 136|0x00000000e8800000, 0x00000000e8800000, 0x00000000e8900000|  0%| F|  |TAMS 0x00000000e8800000| PB 0x00000000e8800000| Untracked 
| 137|0x00000000e8900000, 0x00000000e8900000, 0x00000000e8a00000|  0%| F|  |TAMS 0x00000000e8900000| PB 0x00000000e8900000| Untracked 
| 138|0x00000000e8a00000, 0x00000000e8a00000, 0x00000000e8b00000|  0%| F|  |TAMS 0x00000000e8a00000| PB 0x00000000e8a00000| Untracked 
| 139|0x00000000e8b00000, 0x00000000e8b00000, 0x00000000e8c00000|  0%| F|  |TAMS 0x00000000e8b00000| PB 0x00000000e8b00000| Untracked 
| 140|0x00000000e8c00000, 0x00000000e8c00000, 0x00000000e8d00000|  0%| F|  |TAMS 0x00000000e8c00000| PB 0x00000000e8c00000| Untracked 
| 141|0x00000000e8d00000, 0x00000000e8d00000, 0x00000000e8e00000|  0%| F|  |TAMS 0x00000000e8d00000| PB 0x00000000e8d00000| Untracked 
| 142|0x00000000e8e00000, 0x00000000e8e00000, 0x00000000e8f00000|  0%| F|  |TAMS 0x00000000e8e00000| PB 0x00000000e8e00000| Untracked 
| 143|0x00000000e8f00000, 0x00000000e8f00000, 0x00000000e9000000|  0%| F|  |TAMS 0x00000000e8f00000| PB 0x00000000e8f00000| Untracked 
| 144|0x00000000e9000000, 0x00000000e9000000, 0x00000000e9100000|  0%| F|  |TAMS 0x00000000e9000000| PB 0x00000000e9000000| Untracked 
| 145|0x00000000e9100000, 0x00000000e919de10, 0x00000000e9200000| 61%| E|  |TAMS 0x00000000e9100000| PB 0x00000000e9100000| Complete 
| 146|0x00000000e9200000, 0x00000000e9300000, 0x00000000e9300000|100%| E|CS|TAMS 0x00000000e9200000| PB 0x00000000e9200000| Complete 
| 147|0x00000000e9300000, 0x00000000e9400000, 0x00000000e9400000|100%| E|CS|TAMS 0x00000000e9300000| PB 0x00000000e9300000| Complete 
| 148|0x00000000e9400000, 0x00000000e9500000, 0x00000000e9500000|100%| E|CS|TAMS 0x00000000e9400000| PB 0x00000000e9400000| Complete 
| 149|0x00000000e9500000, 0x00000000e9600000, 0x00000000e9600000|100%| E|CS|TAMS 0x00000000e9500000| PB 0x00000000e9500000| Complete 
| 150|0x00000000e9600000, 0x00000000e9700000, 0x00000000e9700000|100%| E|CS|TAMS 0x00000000e9600000| PB 0x00000000e9600000| Complete 
| 151|0x00000000e9700000, 0x00000000e9800000, 0x00000000e9800000|100%| E|CS|TAMS 0x00000000e9700000| PB 0x00000000e9700000| Complete 
| 152|0x00000000e9800000, 0x00000000e9900000, 0x00000000e9900000|100%| E|CS|TAMS 0x00000000e9800000| PB 0x00000000e9800000| Complete 
| 153|0x00000000e9900000, 0x00000000e9a00000, 0x00000000e9a00000|100%| E|CS|TAMS 0x00000000e9900000| PB 0x00000000e9900000| Complete 
| 154|0x00000000e9a00000, 0x00000000e9b00000, 0x00000000e9b00000|100%| E|CS|TAMS 0x00000000e9a00000| PB 0x00000000e9a00000| Complete 
| 155|0x00000000e9b00000, 0x00000000e9c00000, 0x00000000e9c00000|100%| E|CS|TAMS 0x00000000e9b00000| PB 0x00000000e9b00000| Complete 
| 156|0x00000000e9c00000, 0x00000000e9d00000, 0x00000000e9d00000|100%| E|CS|TAMS 0x00000000e9c00000| PB 0x00000000e9c00000| Complete 
| 157|0x00000000e9d00000, 0x00000000e9e00000, 0x00000000e9e00000|100%| E|CS|TAMS 0x00000000e9d00000| PB 0x00000000e9d00000| Complete 
| 158|0x00000000e9e00000, 0x00000000e9f00000, 0x00000000e9f00000|100%| E|CS|TAMS 0x00000000e9e00000| PB 0x00000000e9e00000| Complete 
| 159|0x00000000e9f00000, 0x00000000ea000000, 0x00000000ea000000|100%| E|CS|TAMS 0x00000000e9f00000| PB 0x00000000e9f00000| Complete 
| 160|0x00000000ea000000, 0x00000000ea100000, 0x00000000ea100000|100%| E|CS|TAMS 0x00000000ea000000| PB 0x00000000ea000000| Complete 
| 161|0x00000000ea100000, 0x00000000ea200000, 0x00000000ea200000|100%| E|CS|TAMS 0x00000000ea100000| PB 0x00000000ea100000| Complete 
| 162|0x00000000ea200000, 0x00000000ea300000, 0x00000000ea300000|100%| E|CS|TAMS 0x00000000ea200000| PB 0x00000000ea200000| Complete 
| 163|0x00000000ea300000, 0x00000000ea400000, 0x00000000ea400000|100%| E|CS|TAMS 0x00000000ea300000| PB 0x00000000ea300000| Complete 
| 164|0x00000000ea400000, 0x00000000ea500000, 0x00000000ea500000|100%| E|CS|TAMS 0x00000000ea400000| PB 0x00000000ea400000| Complete 
| 165|0x00000000ea500000, 0x00000000ea600000, 0x00000000ea600000|100%| E|CS|TAMS 0x00000000ea500000| PB 0x00000000ea500000| Complete 
| 166|0x00000000ea600000, 0x00000000ea700000, 0x00000000ea700000|100%| E|CS|TAMS 0x00000000ea600000| PB 0x00000000ea600000| Complete 
| 167|0x00000000ea700000, 0x00000000ea800000, 0x00000000ea800000|100%| E|CS|TAMS 0x00000000ea700000| PB 0x00000000ea700000| Complete 
| 168|0x00000000ea800000, 0x00000000ea900000, 0x00000000ea900000|100%| E|CS|TAMS 0x00000000ea800000| PB 0x00000000ea800000| Complete 
| 169|0x00000000ea900000, 0x00000000eaa00000, 0x00000000eaa00000|100%| E|CS|TAMS 0x00000000ea900000| PB 0x00000000ea900000| Complete 
| 170|0x00000000eaa00000, 0x00000000eab00000, 0x00000000eab00000|100%| E|CS|TAMS 0x00000000eaa00000| PB 0x00000000eaa00000| Complete 
| 171|0x00000000eab00000, 0x00000000eac00000, 0x00000000eac00000|100%| E|CS|TAMS 0x00000000eab00000| PB 0x00000000eab00000| Complete 
| 172|0x00000000eac00000, 0x00000000ead00000, 0x00000000ead00000|100%| E|CS|TAMS 0x00000000eac00000| PB 0x00000000eac00000| Complete 
| 173|0x00000000ead00000, 0x00000000eae00000, 0x00000000eae00000|100%| E|CS|TAMS 0x00000000ead00000| PB 0x00000000ead00000| Complete 
| 174|0x00000000eae00000, 0x00000000eaf00000, 0x00000000eaf00000|100%| E|CS|TAMS 0x00000000eae00000| PB 0x00000000eae00000| Complete 
| 175|0x00000000eaf00000, 0x00000000eb000000, 0x00000000eb000000|100%| E|CS|TAMS 0x00000000eaf00000| PB 0x00000000eaf00000| Complete 
| 176|0x00000000eb000000, 0x00000000eb100000, 0x00000000eb100000|100%| E|CS|TAMS 0x00000000eb000000| PB 0x00000000eb000000| Complete 
| 177|0x00000000eb100000, 0x00000000eb200000, 0x00000000eb200000|100%| E|CS|TAMS 0x00000000eb100000| PB 0x00000000eb100000| Complete 
| 178|0x00000000eb200000, 0x00000000eb300000, 0x00000000eb300000|100%| E|CS|TAMS 0x00000000eb200000| PB 0x00000000eb200000| Complete 
| 179|0x00000000eb300000, 0x00000000eb400000, 0x00000000eb400000|100%| E|CS|TAMS 0x00000000eb300000| PB 0x00000000eb300000| Complete 
| 180|0x00000000eb400000, 0x00000000eb500000, 0x00000000eb500000|100%| E|CS|TAMS 0x00000000eb400000| PB 0x00000000eb400000| Complete 
| 181|0x00000000eb500000, 0x00000000eb600000, 0x00000000eb600000|100%| E|CS|TAMS 0x00000000eb500000| PB 0x00000000eb500000| Complete 
| 182|0x00000000eb600000, 0x00000000eb700000, 0x00000000eb700000|100%| E|CS|TAMS 0x00000000eb600000| PB 0x00000000eb600000| Complete 
| 183|0x00000000eb700000, 0x00000000eb800000, 0x00000000eb800000|100%| E|CS|TAMS 0x00000000eb700000| PB 0x00000000eb700000| Complete 
| 184|0x00000000eb800000, 0x00000000eb900000, 0x00000000eb900000|100%| E|CS|TAMS 0x00000000eb800000| PB 0x00000000eb800000| Complete 
| 185|0x00000000eb900000, 0x00000000eba00000, 0x00000000eba00000|100%| E|CS|TAMS 0x00000000eb900000| PB 0x00000000eb900000| Complete 
| 186|0x00000000eba00000, 0x00000000ebb00000, 0x00000000ebb00000|100%| E|CS|TAMS 0x00000000eba00000| PB 0x00000000eba00000| Complete 
| 187|0x00000000ebb00000, 0x00000000ebc00000, 0x00000000ebc00000|100%| E|CS|TAMS 0x00000000ebb00000| PB 0x00000000ebb00000| Complete 
| 188|0x00000000ebc00000, 0x00000000ebd00000, 0x00000000ebd00000|100%| E|CS|TAMS 0x00000000ebc00000| PB 0x00000000ebc00000| Complete 
| 189|0x00000000ebd00000, 0x00000000ebe00000, 0x00000000ebe00000|100%| E|CS|TAMS 0x00000000ebd00000| PB 0x00000000ebd00000| Complete 
| 190|0x00000000ebe00000, 0x00000000ebf00000, 0x00000000ebf00000|100%| E|CS|TAMS 0x00000000ebe00000| PB 0x00000000ebe00000| Complete 
| 191|0x00000000ebf00000, 0x00000000ec000000, 0x00000000ec000000|100%| E|CS|TAMS 0x00000000ebf00000| PB 0x00000000ebf00000| Complete 
| 192|0x00000000ec000000, 0x00000000ec100000, 0x00000000ec100000|100%| E|CS|TAMS 0x00000000ec000000| PB 0x00000000ec000000| Complete 
| 193|0x00000000ec100000, 0x00000000ec200000, 0x00000000ec200000|100%| E|CS|TAMS 0x00000000ec100000| PB 0x00000000ec100000| Complete 
| 194|0x00000000ec200000, 0x00000000ec300000, 0x00000000ec300000|100%| E|CS|TAMS 0x00000000ec200000| PB 0x00000000ec200000| Complete 
| 195|0x00000000ec300000, 0x00000000ec400000, 0x00000000ec400000|100%| E|CS|TAMS 0x00000000ec300000| PB 0x00000000ec300000| Complete 
| 196|0x00000000ec400000, 0x00000000ec500000, 0x00000000ec500000|100%| E|CS|TAMS 0x00000000ec400000| PB 0x00000000ec400000| Complete 
| 197|0x00000000ec500000, 0x00000000ec600000, 0x00000000ec600000|100%| E|CS|TAMS 0x00000000ec500000| PB 0x00000000ec500000| Complete 
| 198|0x00000000ec600000, 0x00000000ec700000, 0x00000000ec700000|100%| E|CS|TAMS 0x00000000ec600000| PB 0x00000000ec600000| Complete 
| 199|0x00000000ec700000, 0x00000000ec800000, 0x00000000ec800000|100%| E|CS|TAMS 0x00000000ec700000| PB 0x00000000ec700000| Complete 
| 200|0x00000000ec800000, 0x00000000ec900000, 0x00000000ec900000|100%| E|CS|TAMS 0x00000000ec800000| PB 0x00000000ec800000| Complete 
| 201|0x00000000ec900000, 0x00000000eca00000, 0x00000000eca00000|100%| E|CS|TAMS 0x00000000ec900000| PB 0x00000000ec900000| Complete 
| 202|0x00000000eca00000, 0x00000000ecb00000, 0x00000000ecb00000|100%| E|CS|TAMS 0x00000000eca00000| PB 0x00000000eca00000| Complete 
| 203|0x00000000ecb00000, 0x00000000ecc00000, 0x00000000ecc00000|100%| E|CS|TAMS 0x00000000ecb00000| PB 0x00000000ecb00000| Complete 
| 204|0x00000000ecc00000, 0x00000000ecd00000, 0x00000000ecd00000|100%| E|CS|TAMS 0x00000000ecc00000| PB 0x00000000ecc00000| Complete 
| 205|0x00000000ecd00000, 0x00000000ece00000, 0x00000000ece00000|100%| E|CS|TAMS 0x00000000ecd00000| PB 0x00000000ecd00000| Complete 
| 206|0x00000000ece00000, 0x00000000ecf00000, 0x00000000ecf00000|100%| E|CS|TAMS 0x00000000ece00000| PB 0x00000000ece00000| Complete 
| 207|0x00000000ecf00000, 0x00000000ed000000, 0x00000000ed000000|100%| E|CS|TAMS 0x00000000ecf00000| PB 0x00000000ecf00000| Complete 
| 208|0x00000000ed000000, 0x00000000ed100000, 0x00000000ed100000|100%| E|CS|TAMS 0x00000000ed000000| PB 0x00000000ed000000| Complete 
| 209|0x00000000ed100000, 0x00000000ed200000, 0x00000000ed200000|100%| E|CS|TAMS 0x00000000ed100000| PB 0x00000000ed100000| Complete 
| 210|0x00000000ed200000, 0x00000000ed300000, 0x00000000ed300000|100%| E|CS|TAMS 0x00000000ed200000| PB 0x00000000ed200000| Complete 
| 211|0x00000000ed300000, 0x00000000ed400000, 0x00000000ed400000|100%| E|CS|TAMS 0x00000000ed300000| PB 0x00000000ed300000| Complete 
| 212|0x00000000ed400000, 0x00000000ed500000, 0x00000000ed500000|100%| E|CS|TAMS 0x00000000ed400000| PB 0x00000000ed400000| Complete 
| 213|0x00000000ed500000, 0x00000000ed600000, 0x00000000ed600000|100%| E|CS|TAMS 0x00000000ed500000| PB 0x00000000ed500000| Complete 
| 214|0x00000000ed600000, 0x00000000ed700000, 0x00000000ed700000|100%| E|CS|TAMS 0x00000000ed600000| PB 0x00000000ed600000| Complete 
| 215|0x00000000ed700000, 0x00000000ed800000, 0x00000000ed800000|100%| E|CS|TAMS 0x00000000ed700000| PB 0x00000000ed700000| Complete 
| 216|0x00000000ed800000, 0x00000000ed900000, 0x00000000ed900000|100%| E|CS|TAMS 0x00000000ed800000| PB 0x00000000ed800000| Complete 
| 217|0x00000000ed900000, 0x00000000eda00000, 0x00000000eda00000|100%| E|CS|TAMS 0x00000000ed900000| PB 0x00000000ed900000| Complete 
| 218|0x00000000eda00000, 0x00000000edb00000, 0x00000000edb00000|100%| E|CS|TAMS 0x00000000eda00000| PB 0x00000000eda00000| Complete 
| 219|0x00000000edb00000, 0x00000000edc00000, 0x00000000edc00000|100%| E|CS|TAMS 0x00000000edb00000| PB 0x00000000edb00000| Complete 
| 220|0x00000000edc00000, 0x00000000edd00000, 0x00000000edd00000|100%| E|CS|TAMS 0x00000000edc00000| PB 0x00000000edc00000| Complete 
| 221|0x00000000edd00000, 0x00000000ede00000, 0x00000000ede00000|100%| E|CS|TAMS 0x00000000edd00000| PB 0x00000000edd00000| Complete 
| 222|0x00000000ede00000, 0x00000000edf00000, 0x00000000edf00000|100%| E|CS|TAMS 0x00000000ede00000| PB 0x00000000ede00000| Complete 
| 223|0x00000000edf00000, 0x00000000ee000000, 0x00000000ee000000|100%| E|CS|TAMS 0x00000000edf00000| PB 0x00000000edf00000| Complete 
| 224|0x00000000ee000000, 0x00000000ee100000, 0x00000000ee100000|100%| E|CS|TAMS 0x00000000ee000000| PB 0x00000000ee000000| Complete 
| 225|0x00000000ee100000, 0x00000000ee200000, 0x00000000ee200000|100%| E|CS|TAMS 0x00000000ee100000| PB 0x00000000ee100000| Complete 
| 226|0x00000000ee200000, 0x00000000ee300000, 0x00000000ee300000|100%| E|CS|TAMS 0x00000000ee200000| PB 0x00000000ee200000| Complete 
| 227|0x00000000ee300000, 0x00000000ee400000, 0x00000000ee400000|100%| E|CS|TAMS 0x00000000ee300000| PB 0x00000000ee300000| Complete 
| 228|0x00000000ee400000, 0x00000000ee500000, 0x00000000ee500000|100%| E|CS|TAMS 0x00000000ee400000| PB 0x00000000ee400000| Complete 
| 229|0x00000000ee500000, 0x00000000ee600000, 0x00000000ee600000|100%| E|CS|TAMS 0x00000000ee500000| PB 0x00000000ee500000| Complete 
| 230|0x00000000ee600000, 0x00000000ee700000, 0x00000000ee700000|100%| E|CS|TAMS 0x00000000ee600000| PB 0x00000000ee600000| Complete 
| 231|0x00000000ee700000, 0x00000000ee800000, 0x00000000ee800000|100%| E|CS|TAMS 0x00000000ee700000| PB 0x00000000ee700000| Complete 
| 232|0x00000000ee800000, 0x00000000ee900000, 0x00000000ee900000|100%| E|CS|TAMS 0x00000000ee800000| PB 0x00000000ee800000| Complete 
| 233|0x00000000ee900000, 0x00000000eea00000, 0x00000000eea00000|100%| E|CS|TAMS 0x00000000ee900000| PB 0x00000000ee900000| Complete 
| 234|0x00000000eea00000, 0x00000000eeb00000, 0x00000000eeb00000|100%| E|CS|TAMS 0x00000000eea00000| PB 0x00000000eea00000| Complete 
| 235|0x00000000eeb00000, 0x00000000eec00000, 0x00000000eec00000|100%| E|CS|TAMS 0x00000000eeb00000| PB 0x00000000eeb00000| Complete 
| 236|0x00000000eec00000, 0x00000000eed00000, 0x00000000eed00000|100%| E|CS|TAMS 0x00000000eec00000| PB 0x00000000eec00000| Complete 
| 237|0x00000000eed00000, 0x00000000eee00000, 0x00000000eee00000|100%| E|CS|TAMS 0x00000000eed00000| PB 0x00000000eed00000| Complete 
| 238|0x00000000eee00000, 0x00000000eef00000, 0x00000000eef00000|100%| E|CS|TAMS 0x00000000eee00000| PB 0x00000000eee00000| Complete 
| 239|0x00000000eef00000, 0x00000000ef000000, 0x00000000ef000000|100%| E|CS|TAMS 0x00000000eef00000| PB 0x00000000eef00000| Complete 
| 240|0x00000000ef000000, 0x00000000ef100000, 0x00000000ef100000|100%| E|CS|TAMS 0x00000000ef000000| PB 0x00000000ef000000| Complete 
| 241|0x00000000ef100000, 0x00000000ef200000, 0x00000000ef200000|100%| E|CS|TAMS 0x00000000ef100000| PB 0x00000000ef100000| Complete 
| 242|0x00000000ef200000, 0x00000000ef300000, 0x00000000ef300000|100%| E|CS|TAMS 0x00000000ef200000| PB 0x00000000ef200000| Complete 
| 243|0x00000000ef300000, 0x00000000ef400000, 0x00000000ef400000|100%| E|CS|TAMS 0x00000000ef300000| PB 0x00000000ef300000| Complete 
| 244|0x00000000ef400000, 0x00000000ef500000, 0x00000000ef500000|100%| E|CS|TAMS 0x00000000ef400000| PB 0x00000000ef400000| Complete 
| 245|0x00000000ef500000, 0x00000000ef600000, 0x00000000ef600000|100%| S|CS|TAMS 0x00000000ef500000| PB 0x00000000ef500000| Complete 
| 246|0x00000000ef600000, 0x00000000ef700000, 0x00000000ef700000|100%| S|CS|TAMS 0x00000000ef600000| PB 0x00000000ef600000| Complete 
| 247|0x00000000ef700000, 0x00000000ef800000, 0x00000000ef800000|100%| E|CS|TAMS 0x00000000ef700000| PB 0x00000000ef700000| Complete 
| 248|0x00000000ef800000, 0x00000000ef900000, 0x00000000ef900000|100%| E|CS|TAMS 0x00000000ef800000| PB 0x00000000ef800000| Complete 
| 249|0x00000000ef900000, 0x00000000efa00000, 0x00000000efa00000|100%| E|CS|TAMS 0x00000000ef900000| PB 0x00000000ef900000| Complete 
| 250|0x00000000efa00000, 0x00000000efb00000, 0x00000000efb00000|100%| E|CS|TAMS 0x00000000efa00000| PB 0x00000000efa00000| Complete 
| 251|0x00000000efb00000, 0x00000000efc00000, 0x00000000efc00000|100%| E|CS|TAMS 0x00000000efb00000| PB 0x00000000efb00000| Complete 
| 252|0x00000000efc00000, 0x00000000efd00000, 0x00000000efd00000|100%| E|CS|TAMS 0x00000000efc00000| PB 0x00000000efc00000| Complete 
| 253|0x00000000efd00000, 0x00000000efe00000, 0x00000000efe00000|100%| E|CS|TAMS 0x00000000efd00000| PB 0x00000000efd00000| Complete 
| 254|0x00000000efe00000, 0x00000000eff00000, 0x00000000eff00000|100%| E|CS|TAMS 0x00000000efe00000| PB 0x00000000efe00000| Complete 
| 255|0x00000000eff00000, 0x00000000f0000000, 0x00000000f0000000|100%| E|CS|TAMS 0x00000000eff00000| PB 0x00000000eff00000| Complete 

Card table byte_map: [0x000002af7c600000,0x000002af7c700000] _byte_map_base: 0x000002af7bf00000

Marking Bits: (CMBitMap*) 0x000002af74178cc0
 Bits: [0x000002af7c700000, 0x000002af7cf00000)

Polling page: 0x000002af72110000

Metaspace:

Usage:
  Non-class:     55.68 MB used.
      Class:      9.30 MB used.
       Both:     64.98 MB used.

Virtual space:
  Non-class space:       64.00 MB reserved,      56.69 MB ( 89%) committed,  1 nodes.
      Class space:      320.00 MB reserved,      10.25 MB (  3%) committed,  1 nodes.
             Both:      384.00 MB reserved,      66.94 MB ( 17%) committed. 

Chunk freelists:
   Non-Class:  7.30 MB
       Class:  5.63 MB
        Both:  12.92 MB

MaxMetaspaceSize: 384.00 MB
CompressedClassSpaceSize: 320.00 MB
Initial GC threshold: 21.00 MB
Current GC threshold: 99.50 MB
CDS: on
 - commit_granule_bytes: 65536.
 - commit_granule_words: 8192.
 - virtual_space_node_default_size: 8388608.
 - enlarge_chunks_in_place: 1.
 - use_allocation_guard: 0.


Internal statistics:

num_allocs_failed_limit: 12.
num_arena_births: 3486.
num_arena_deaths: 0.
num_vsnodes_births: 2.
num_vsnodes_deaths: 0.
num_space_committed: 1071.
num_space_uncommitted: 0.
num_chunks_returned_to_freelist: 12.
num_chunks_taken_from_freelist: 6609.
num_chunk_merges: 12.
num_chunk_splits: 4303.
num_chunks_enlarged: 2662.
num_inconsistent_stats: 0.

CodeHeap 'non-profiled nmethods': size=120000Kb used=4756Kb max_used=4756Kb free=115244Kb
 bounds [0x000002af07ad0000, 0x000002af07f80000, 0x000002af0f000000]
CodeHeap 'profiled nmethods': size=120000Kb used=15625Kb max_used=15625Kb free=104374Kb
 bounds [0x000002af00000000, 0x000002af00f50000, 0x000002af07530000]
CodeHeap 'non-nmethods': size=5760Kb used=2771Kb max_used=2825Kb free=2988Kb
 bounds [0x000002af07530000, 0x000002af07800000, 0x000002af07ad0000]
 total_blobs=8866 nmethods=7972 adapters=797
 compilation: enabled
              stopped_count=0, restarted_count=0
 full_count=0

Compilation events (20 events):
Event: 49.533 Thread 0x000002af2c9974a0 8590       4       org.objectweb.asm.Frame::pop (53 bytes)
Event: 49.550 Thread 0x000002af2c9974a0 nmethod 8590 0x000002af07f67b90 code [0x000002af07f67de0, 0x000002af07f68730]
Event: 49.554 Thread 0x000002af2c9974a0 8591       4       org.gradle.api.internal.project.taskfactory.DefaultTaskClassInfoStore::createTaskAction (187 bytes)
Event: 49.558 Thread 0x000002af7f523e10 8592       3       org.gradle.api.internal.provider.AbstractProperty::assertCanMutate (12 bytes)
Event: 49.558 Thread 0x000002af7f523e10 nmethod 8592 0x000002af00f2a390 code [0x000002af00f2a560, 0x000002af00f2a808]
Event: 49.558 Thread 0x000002af7f523e10 8593       3       org.gradle.api.internal.provider.AbstractProperty$NonFinalizedValue::beforeMutate (34 bytes)
Event: 49.559 Thread 0x000002af7f523e10 nmethod 8593 0x000002af00f2a910 code [0x000002af00f2aba0, 0x000002af00f2b7c0]
Event: 49.559 Thread 0x000002af7f523e10 8594       3       org.gradle.api.internal.provider.DefaultPropertyFactory::property (13 bytes)
Event: 49.560 Thread 0x000002af7f523e10 nmethod 8594 0x000002af00f2bc10 code [0x000002af00f2be60, 0x000002af00f2cb00]
Event: 49.560 Thread 0x000002af7f523e10 8596       3       org.gradle.api.internal.provider.AbstractProperty::getValidationDisplayName (16 bytes)
Event: 49.560 Thread 0x000002af7f523e10 nmethod 8596 0x000002af00f2cf10 code [0x000002af00f2d0c0, 0x000002af00f2d240]
Event: 49.560 Thread 0x000002af7f523e10 8595       3       org.gradle.api.internal.model.DefaultObjectFactory::property (181 bytes)
Event: 49.564 Thread 0x000002af7f523e10 nmethod 8595 0x000002af00f2d310 code [0x000002af00f2daa0, 0x000002af00f310b0]
Event: 49.564 Thread 0x000002af7f523e10 8597       3       java.util.regex.Pattern$$Lambda/0x800000032::is (9 bytes)
Event: 49.565 Thread 0x000002af7f523e10 nmethod 8597 0x000002af00f32490 code [0x000002af00f32640, 0x000002af00f328c8]
Event: 49.565 Thread 0x000002af7f523e10 8598       3       java.util.regex.Pattern::lambda$negate$7 (16 bytes)
Event: 49.565 Thread 0x000002af7f523e10 nmethod 8598 0x000002af00f32990 code [0x000002af00f32b40, 0x000002af00f32d48]
Event: 49.569 Thread 0x000002af7f523e10 8599       3       org.gradle.internal.instantiation.generator.ManagedObjectFactory::attachOwner (24 bytes)
Event: 49.569 Thread 0x000002af7f523e10 nmethod 8599 0x000002af00f32e10 code [0x000002af00f32fe0, 0x000002af00f33448]
Event: 49.575 Thread 0x000002af2c9974a0 nmethod 8591 0x000002af07f68f90 code [0x000002af07f69220, 0x000002af07f69dd8]

GC Heap History (20 events):
Event: 4.898 GC heap before
{Heap before GC invocations=2 (full 0):
 garbage-first heap   total 262144K, used 34372K [0x00000000e0000000, 0x0000000100000000)
  region size 1024K, 26 young (26624K), 3 survivors (3072K)
 Metaspace       used 4188K, committed 4352K, reserved 393216K
  class space    used 495K, committed 576K, reserved 327680K
}
Event: 4.940 GC heap after
{Heap after GC invocations=3 (full 0):
 garbage-first heap   total 262144K, used 12810K [0x00000000e0000000, 0x0000000100000000)
  region size 1024K, 2 young (2048K), 2 survivors (2048K)
 Metaspace       used 4188K, committed 4352K, reserved 393216K
  class space    used 495K, committed 576K, reserved 327680K
}
Event: 15.482 GC heap before
{Heap before GC invocations=3 (full 0):
 garbage-first heap   total 262144K, used 112138K [0x00000000e0000000, 0x0000000100000000)
  region size 1024K, 101 young (103424K), 2 survivors (2048K)
 Metaspace       used 20872K, committed 21504K, reserved 393216K
  class space    used 3003K, committed 3328K, reserved 327680K
}
Event: 15.577 GC heap after
{Heap after GC invocations=4 (full 0):
 garbage-first heap   total 262144K, used 22931K [0x00000000e0000000, 0x0000000100000000)
  region size 1024K, 12 young (12288K), 12 survivors (12288K)
 Metaspace       used 20872K, committed 21504K, reserved 393216K
  class space    used 3003K, committed 3328K, reserved 327680K
}
Event: 25.460 GC heap before
{Heap before GC invocations=5 (full 0):
 garbage-first heap   total 262144K, used 130451K [0x00000000e0000000, 0x0000000100000000)
  region size 1024K, 94 young (96256K), 12 survivors (12288K)
 Metaspace       used 31683K, committed 33024K, reserved 393216K
  class space    used 4697K, committed 5376K, reserved 327680K
}
Event: 25.486 GC heap after
{Heap after GC invocations=6 (full 0):
 garbage-first heap   total 262144K, used 56559K [0x00000000e0000000, 0x0000000100000000)
  region size 1024K, 9 young (9216K), 9 survivors (9216K)
 Metaspace       used 31683K, committed 33024K, reserved 393216K
  class space    used 4697K, committed 5376K, reserved 327680K
}
Event: 26.504 GC heap before
{Heap before GC invocations=6 (full 0):
 garbage-first heap   total 262144K, used 65775K [0x00000000e0000000, 0x0000000100000000)
  region size 1024K, 19 young (19456K), 9 survivors (9216K)
 Metaspace       used 34703K, committed 35968K, reserved 393216K
  class space    used 4999K, committed 5632K, reserved 327680K
}
Event: 26.518 GC heap after
{Heap after GC invocations=7 (full 0):
 garbage-first heap   total 262144K, used 57838K [0x00000000e0000000, 0x0000000100000000)
  region size 1024K, 2 young (2048K), 2 survivors (2048K)
 Metaspace       used 34703K, committed 35968K, reserved 393216K
  class space    used 4999K, committed 5632K, reserved 327680K
}
Event: 26.611 GC heap before
{Heap before GC invocations=7 (full 0):
 garbage-first heap   total 262144K, used 58862K [0x00000000e0000000, 0x0000000100000000)
  region size 1024K, 5 young (5120K), 2 survivors (2048K)
 Metaspace       used 35041K, committed 36288K, reserved 393216K
  class space    used 5046K, committed 5696K, reserved 327680K
}
Event: 26.614 GC heap after
{Heap after GC invocations=8 (full 0):
 garbage-first heap   total 262144K, used 58023K [0x00000000e0000000, 0x0000000100000000)
  region size 1024K, 2 young (2048K), 2 survivors (2048K)
 Metaspace       used 35041K, committed 36288K, reserved 393216K
  class space    used 5046K, committed 5696K, reserved 327680K
}
Event: 30.675 GC heap before
{Heap before GC invocations=9 (full 0):
 garbage-first heap   total 262144K, used 194215K [0x00000000e0000000, 0x0000000100000000)
  region size 1024K, 131 young (134144K), 2 survivors (2048K)
 Metaspace       used 43722K, committed 45120K, reserved 393216K
  class space    used 6190K, committed 6912K, reserved 327680K
}
Event: 30.996 GC heap after
{Heap after GC invocations=10 (full 0):
 garbage-first heap   total 262144K, used 66687K [0x00000000e0000000, 0x0000000100000000)
  region size 1024K, 11 young (11264K), 11 survivors (11264K)
 Metaspace       used 43722K, committed 45120K, reserved 393216K
  class space    used 6190K, committed 6912K, reserved 327680K
}
Event: 31.260 GC heap before
{Heap before GC invocations=10 (full 0):
 garbage-first heap   total 262144K, used 75903K [0x00000000e0000000, 0x0000000100000000)
  region size 1024K, 20 young (20480K), 11 survivors (11264K)
 Metaspace       used 43729K, committed 45184K, reserved 393216K
  class space    used 6190K, committed 6912K, reserved 327680K
}
Event: 31.325 GC heap after
{Heap after GC invocations=11 (full 0):
 garbage-first heap   total 262144K, used 66060K [0x00000000e0000000, 0x0000000100000000)
  region size 1024K, 1 young (1024K), 1 survivors (1024K)
 Metaspace       used 43729K, committed 45184K, reserved 393216K
  class space    used 6190K, committed 6912K, reserved 327680K
}
Event: 34.269 GC heap before
{Heap before GC invocations=11 (full 0):
 garbage-first heap   total 262144K, used 195084K [0x00000000e0000000, 0x0000000100000000)
  region size 1024K, 127 young (130048K), 1 survivors (1024K)
 Metaspace       used 46717K, committed 48128K, reserved 393216K
  class space    used 6517K, committed 7232K, reserved 327680K
}
Event: 34.279 GC heap after
{Heap after GC invocations=12 (full 0):
 garbage-first heap   total 262144K, used 69905K [0x00000000e0000000, 0x0000000100000000)
  region size 1024K, 5 young (5120K), 5 survivors (5120K)
 Metaspace       used 46717K, committed 48128K, reserved 393216K
  class space    used 6517K, committed 7232K, reserved 327680K
}
Event: 44.332 GC heap before
{Heap before GC invocations=12 (full 0):
 garbage-first heap   total 262144K, used 229649K [0x00000000e0000000, 0x0000000100000000)
  region size 1024K, 153 young (156672K), 5 survivors (5120K)
 Metaspace       used 58207K, committed 60096K, reserved 393216K
  class space    used 8231K, committed 9152K, reserved 327680K
}
Event: 44.376 GC heap after
{Heap after GC invocations=13 (full 0):
 garbage-first heap   total 262144K, used 88886K [0x00000000e0000000, 0x0000000100000000)
  region size 1024K, 16 young (16384K), 16 survivors (16384K)
 Metaspace       used 58207K, committed 60096K, reserved 393216K
  class space    used 8231K, committed 9152K, reserved 327680K
}
Event: 45.186 GC heap before
{Heap before GC invocations=13 (full 0):
 garbage-first heap   total 262144K, used 97078K [0x00000000e0000000, 0x0000000100000000)
  region size 1024K, 25 young (25600K), 16 survivors (16384K)
 Metaspace       used 58930K, committed 60800K, reserved 393216K
  class space    used 8329K, committed 9280K, reserved 327680K
}
Event: 45.208 GC heap after
{Heap after GC invocations=14 (full 0):
 garbage-first heap   total 262144K, used 90112K [0x00000000e0000000, 0x0000000100000000)
  region size 1024K, 2 young (2048K), 2 survivors (2048K)
 Metaspace       used 58930K, committed 60800K, reserved 393216K
  class space    used 8329K, committed 9280K, reserved 327680K
}

Dll operation events (15 events):
Event: 0.181 Loaded shared library C:\Program Files\Java\jdk-21.0.10\bin\java.dll
Event: 0.230 Loaded shared library C:\Program Files\Java\jdk-21.0.10\bin\jsvml.dll
Event: 0.616 Loaded shared library C:\Program Files\Java\jdk-21.0.10\bin\zip.dll
Event: 0.631 Loaded shared library C:\Program Files\Java\jdk-21.0.10\bin\instrument.dll
Event: 0.730 Loaded shared library C:\Program Files\Java\jdk-21.0.10\bin\net.dll
Event: 0.776 Loaded shared library C:\Program Files\Java\jdk-21.0.10\bin\nio.dll
Event: 0.832 Loaded shared library C:\Program Files\Java\jdk-21.0.10\bin\zip.dll
Event: 1.643 Loaded shared library C:\Program Files\Java\jdk-21.0.10\bin\jimage.dll
Event: 2.167 Loaded shared library C:\Program Files\Java\jdk-21.0.10\bin\verify.dll
Event: 3.087 Loaded shared library C:\Users\Sarobidy\.gradle\native\c067742578af261105cb4f569cf0c3c89f3d7b1fecec35dd04571415982c5e48\windows-amd64\native-platform.dll
Event: 3.379 Loaded shared library C:\Users\Sarobidy\.gradle\native\38dada09dfb8b06ba9b0570ebf7e218e3eb74d4ef43ca46872605cf95ebc2f47\windows-amd64\native-platform-file-events.dll
Event: 6.156 Loaded shared library C:\Program Files\Java\jdk-21.0.10\bin\management.dll
Event: 6.195 Loaded shared library C:\Program Files\Java\jdk-21.0.10\bin\management_ext.dll
Event: 7.075 Loaded shared library C:\Program Files\Java\jdk-21.0.10\bin\extnet.dll
Event: 7.860 Loaded shared library C:\Program Files\Java\jdk-21.0.10\bin\sunmscapi.dll

Deoptimization events (20 events):
Event: 48.800 Thread 0x000002af297484c0 DEOPT PACKING pc=0x000002af07ec80d4 sp=0x000000f88b7f89a0
Event: 48.800 Thread 0x000002af297484c0 DEOPT UNPACKING pc=0x000002af075846a2 sp=0x000000f88b7f8960 mode 2
Event: 49.168 Thread 0x000002af297484c0 DEOPT PACKING pc=0x000002af00de1b73 sp=0x000000f88b7f6fe0
Event: 49.168 Thread 0x000002af297484c0 DEOPT UNPACKING pc=0x000002af07584e42 sp=0x000000f88b7f6590 mode 0
Event: 49.349 Thread 0x000002af297484c0 Uncommon trap: trap_request=0xffffffde fr.pc=0x000002af07b0e7b8 relative=0x0000000000000278
Event: 49.349 Thread 0x000002af297484c0 Uncommon trap: reason=class_check action=maybe_recompile pc=0x000002af07b0e7b8 method=java.util.stream.StreamOpFlag.fromCharacteristics(Ljava/util/Spliterator;)I @ 14 c2
Event: 49.349 Thread 0x000002af297484c0 DEOPT PACKING pc=0x000002af07b0e7b8 sp=0x000000f88b7f7320
Event: 49.349 Thread 0x000002af297484c0 DEOPT UNPACKING pc=0x000002af075846a2 sp=0x000000f88b7f7208 mode 2
Event: 49.514 Thread 0x000002af297484c0 Uncommon trap: trap_request=0xffffffc6 fr.pc=0x000002af07cf08dc relative=0x000000000000041c
Event: 49.514 Thread 0x000002af297484c0 Uncommon trap: reason=bimorphic_or_optimized_type_check action=maybe_recompile pc=0x000002af07cf08dc method=java.util.Spliterators$IteratorSpliterator.tryAdvance(Ljava/util/function/Consumer;)Z @ 50 c2
Event: 49.514 Thread 0x000002af297484c0 DEOPT PACKING pc=0x000002af07cf08dc sp=0x000000f88b7f8c50
Event: 49.514 Thread 0x000002af297484c0 DEOPT UNPACKING pc=0x000002af075846a2 sp=0x000000f88b7f8bf0 mode 2
Event: 49.560 Thread 0x000002af297484c0 Uncommon trap: trap_request=0xffffffc6 fr.pc=0x000002af07cf08dc relative=0x000000000000041c
Event: 49.560 Thread 0x000002af297484c0 Uncommon trap: reason=bimorphic_or_optimized_type_check action=maybe_recompile pc=0x000002af07cf08dc method=java.util.Spliterators$IteratorSpliterator.tryAdvance(Ljava/util/function/Consumer;)Z @ 50 c2
Event: 49.560 Thread 0x000002af297484c0 DEOPT PACKING pc=0x000002af07cf08dc sp=0x000000f88b7f8bd0
Event: 49.560 Thread 0x000002af297484c0 DEOPT UNPACKING pc=0x000002af075846a2 sp=0x000000f88b7f8b70 mode 2
Event: 49.560 Thread 0x000002af297484c0 Uncommon trap: trap_request=0xffffffc6 fr.pc=0x000002af07cf08dc relative=0x000000000000041c
Event: 49.560 Thread 0x000002af297484c0 Uncommon trap: reason=bimorphic_or_optimized_type_check action=maybe_recompile pc=0x000002af07cf08dc method=java.util.Spliterators$IteratorSpliterator.tryAdvance(Ljava/util/function/Consumer;)Z @ 50 c2
Event: 49.560 Thread 0x000002af297484c0 DEOPT PACKING pc=0x000002af07cf08dc sp=0x000000f88b7f8bd0
Event: 49.560 Thread 0x000002af297484c0 DEOPT UNPACKING pc=0x000002af075846a2 sp=0x000000f88b7f8b70 mode 2

Classes loaded (20 events):
Event: 47.934 Loading class java/util/TreeMap$AscendingSubMap
Event: 47.935 Loading class java/util/TreeMap$NavigableSubMap
Event: 47.935 Loading class java/util/TreeMap$NavigableSubMap done
Event: 47.935 Loading class java/util/TreeMap$AscendingSubMap done
Event: 47.936 Loading class java/util/TreeMap$NavigableSubMap$SubMapKeyIterator
Event: 47.936 Loading class java/util/TreeMap$NavigableSubMap$SubMapIterator
Event: 47.936 Loading class java/util/TreeMap$NavigableSubMap$SubMapIterator done
Event: 47.936 Loading class java/util/TreeMap$NavigableSubMap$SubMapKeyIterator done
Event: 47.982 Loading class java/io/ObjectOutputStream$BlockDataOutputStream
Event: 47.982 Loading class java/io/ObjectOutputStream$BlockDataOutputStream done
Event: 47.982 Loading class java/io/ObjectOutputStream$HandleTable
Event: 47.982 Loading class java/io/ObjectOutputStream$HandleTable done
Event: 47.982 Loading class java/io/ObjectOutputStream$ReplaceTable
Event: 47.982 Loading class java/io/ObjectOutputStream$ReplaceTable done
Event: 48.461 Loading class java/util/TreeMap$KeySpliterator
Event: 48.461 Loading class java/util/TreeMap$TreeMapSpliterator
Event: 48.461 Loading class java/util/TreeMap$TreeMapSpliterator done
Event: 48.461 Loading class java/util/TreeMap$KeySpliterator done
Event: 48.594 Loading class java/util/concurrent/ConcurrentLinkedQueue$Itr
Event: 48.609 Loading class java/util/concurrent/ConcurrentLinkedQueue$Itr done

Classes unloaded (0 events):
No events

Classes redefined (0 events):
No events

Internal exceptions (20 events):
Event: 46.764 Thread 0x000002af297484c0 Exception <a 'java/lang/ClassNotFoundException'{0x00000000ec807350}: org/gradle/api/internal/file/collections/DefaultConfigurableFileTreeCustomizer> (0x00000000ec807350) 
thrown [s\open\src\hotspot\share\classfile\systemDictionary.cpp, line 312]
Event: 47.864 Thread 0x000002af297484c0 Exception <a 'java/lang/NoSuchMethodError'{0x00000000ebda0c98}: 'java.lang.Object java.lang.invoke.DirectMethodHandle$Holder.invokeSpecialIFC(java.lang.Object, java.lang.Object, java.lang.Object)'> (0x00000000ebda0c98) 
thrown [s\open\src\hotspot\share\interpreter\linkResolver.cpp, line 773]
Event: 47.866 Thread 0x000002af2894c520 Implicit null exception at 0x000002af07f0f10b to 0x000002af07f0f1d0
Event: 47.936 Thread 0x000002af297484c0 Exception <a 'java/lang/NoSuchMethodError'{0x00000000ebdd1648}: 'void java.lang.invoke.DirectMethodHandle$Holder.invokeSpecial(java.lang.Object, java.lang.Object, java.lang.Object, java.lang.Object, java.lang.Object, java.lang.Object, java.lang.Object, java.lang.Object, java.lang.Object)'> (0x00000000ebdd1648) 
thrown [s\open\src\hotspot\share\interpreter\linkResolver.cpp, line 773]
Event: 48.003 Thread 0x000002af280c7290 Exception <a 'java/lang/NoSuchMethodError'{0x00000000ebb81178}: static Lorg/gradle/tooling/internal/provider/PhasedBuildActionResult;.<clinit>()V> (0x00000000ebb81178) 
thrown [s\open\src\hotspot\share\prims\jni.cpp, line 1111]
Event: 48.004 Thread 0x000002af280c7290 Exception <a 'java/lang/NoSuchMethodError'{0x00000000ebb892f8}: static Lorg/gradle/tooling/internal/provider/serialization/SerializedPayload;.<clinit>()V> (0x00000000ebb892f8) 
thrown [s\open\src\hotspot\share\prims\jni.cpp, line 1111]
Event: 48.006 Thread 0x000002af280c7290 Exception <a 'java/lang/NoSuchMethodError'{0x00000000ebb8c120}: static [B.<clinit>()V> (0x00000000ebb8c120) 
thrown [s\open\src\hotspot\share\prims\jni.cpp, line 1111]
Event: 48.212 Thread 0x000002af297484c0 Exception <a 'java/lang/NoSuchMethodError'{0x00000000eb809ac0}: 'int java.lang.invoke.DirectMethodHandle$Holder.invokeInterface(java.lang.Object, java.lang.Object, java.lang.Object, java.lang.Object)'> (0x00000000eb809ac0) 
thrown [s\open\src\hotspot\share\interpreter\linkResolver.cpp, line 773]
Event: 48.447 Thread 0x000002af2894c520 Exception <a 'java/lang/NoSuchMethodError'{0x00000000eb3f4000}: 'java.lang.Object java.lang.invoke.DirectMethodHandle$Holder.invokeVirtual(java.lang.Object, java.lang.Object, java.lang.Object, java.lang.Object, java.lang.Object, java.lang.Object, java.lang.Object, java.lang.Object, java.lang.Object, java.lang.Object, java.lang.Object, java.lang.Object, java.lang.Object, java.lang.Object, java.lang.Object, java.lang.Object, java.lang.Object, java.lang.Object, java.lang.Object, java.lang.Object, java.lang.Ob
Event: 48.447 Thread 0x000002af2894c520 Exception <a 'java/lang/NoSuchMethodError'{0x00000000eb3f92a8}: 'java.lang.Object java.lang.invoke.DelegatingMethodHandle$Holder.reinvoke_L(java.lang.Object, java.lang.Object, java.lang.Object, java.lang.Object, java.lang.Object, java.lang.Object, java.lang.Object, java.lang.Object, java.lang.Object, java.lang.Object, java.lang.Object, java.lang.Object, java.lang.Object, java.lang.Object, java.lang.Object, java.lang.Object, java.lang.Object, java.lang.Object, java.lang.Object, java.lang.Object, java.lang.O
Event: 48.547 Thread 0x000002af280c7290 Exception <a 'java/lang/NoSuchMethodError'{0x00000000eb159d30}: static Lorg/gradle/internal/build/event/types/DefaultTaskStartedProgressEvent;.<clinit>()V> (0x00000000eb159d30) 
thrown [s\open\src\hotspot\share\prims\jni.cpp, line 1111]
Event: 48.547 Thread 0x000002af280c7290 Exception <a 'java/lang/NoSuchMethodError'{0x00000000eb15b1f8}: static Lorg/gradle/internal/build/event/types/AbstractProgressEvent;.<clinit>()V> (0x00000000eb15b1f8) 
thrown [s\open\src\hotspot\share\prims\jni.cpp, line 1111]
Event: 48.552 Thread 0x000002af280c7290 Exception <a 'java/lang/NoSuchMethodError'{0x00000000eb164ef8}: static Lorg/gradle/internal/build/event/types/DefaultTaskDescriptor;.<clinit>()V> (0x00000000eb164ef8) 
thrown [s\open\src\hotspot\share\prims\jni.cpp, line 1111]
Event: 48.554 Thread 0x000002af280c7290 Exception <a 'java/lang/NoSuchMethodError'{0x00000000eb1708f0}: static Lorg/gradle/internal/operations/OperationIdentifier;.<clinit>()V> (0x00000000eb1708f0) 
thrown [s\open\src\hotspot\share\prims\jni.cpp, line 1111]
Event: 48.557 Thread 0x000002af280c7290 Exception <a 'java/lang/NoSuchMethodError'{0x00000000eb179520}: static Lorg/gradle/internal/build/event/types/DefaultTaskFinishedProgressEvent;.<clinit>()V> (0x00000000eb179520) 
thrown [s\open\src\hotspot\share\prims\jni.cpp, line 1111]
Event: 48.563 Thread 0x000002af280c7290 Exception <a 'java/lang/NoSuchMethodError'{0x00000000eb193920}: static Lorg/gradle/internal/build/event/types/DefaultTaskSuccessResult;.<clinit>()V> (0x00000000eb193920) 
thrown [s\open\src\hotspot\share\prims\jni.cpp, line 1111]
Event: 48.563 Thread 0x000002af280c7290 Exception <a 'java/lang/NoSuchMethodError'{0x00000000eb194bd8}: static Lorg/gradle/internal/build/event/types/AbstractTaskResult;.<clinit>()V> (0x00000000eb194bd8) 
thrown [s\open\src\hotspot\share\prims\jni.cpp, line 1111]
Event: 48.563 Thread 0x000002af280c7290 Exception <a 'java/lang/NoSuchMethodError'{0x00000000eb1962c8}: static Lorg/gradle/internal/build/event/types/AbstractResult;.<clinit>()V> (0x00000000eb1962c8) 
thrown [s\open\src\hotspot\share\prims\jni.cpp, line 1111]
Event: 48.825 Thread 0x000002af297484c0 Exception <a 'java/lang/NoSuchMethodError'{0x00000000ea800d40}: 'int java.lang.invoke.DirectMethodHandle$Holder.invokeSpecialIFC(java.lang.Object, java.lang.Object, java.lang.Object, java.lang.Object, java.lang.Object)'> (0x00000000ea800d40) 
thrown [s\open\src\hotspot\share\interpreter\linkResolver.cpp, line 773]
Event: 48.867 Thread 0x000002af297484c0 Exception <a 'java/lang/NoSuchMethodError'{0x00000000ea737588}: 'java.lang.Object java.lang.invoke.DirectMethodHandle$Holder.invokeVirtual(java.lang.Object, java.lang.Object, java.lang.Object, java.lang.Object, java.lang.Object, java.lang.Object, java.lang.Object, java.lang.Object, java.lang.Object, java.lang.Object, java.lang.Object, java.lang.Object, java.lang.Object, java.lang.Object, java.lang.Object, java.lang.Object)'> (0x00000000ea737588) 
thrown [s\open\src\hotspot\share\interpreter\linkResolver.cp

ZGC Phase Switch (0 events):
No events

VM Operations (20 events):
Event: 45.570 Executing VM operation: G1PauseCleanup
Event: 45.570 Executing VM operation: G1PauseCleanup done
Event: 46.581 Executing VM operation: Cleanup
Event: 46.584 Executing VM operation: Cleanup done
Event: 47.590 Executing VM operation: Cleanup
Event: 47.590 Executing VM operation: Cleanup done
Event: 48.194 Executing VM operation: HandshakeAllThreads (Deoptimize)
Event: 48.194 Executing VM operation: HandshakeAllThreads (Deoptimize) done
Event: 48.206 Executing VM operation: HandshakeAllThreads (Deoptimize)
Event: 48.206 Executing VM operation: HandshakeAllThreads (Deoptimize) done
Event: 48.442 Executing VM operation: HandshakeAllThreads (Deoptimize)
Event: 48.442 Executing VM operation: HandshakeAllThreads (Deoptimize) done
Event: 48.443 Executing VM operation: HandshakeAllThreads (Deoptimize)
Event: 48.444 Executing VM operation: HandshakeAllThreads (Deoptimize) done
Event: 48.467 Executing VM operation: HandshakeAllThreads (Deoptimize)
Event: 48.467 Executing VM operation: HandshakeAllThreads (Deoptimize) done
Event: 48.541 Executing VM operation: HandshakeAllThreads (Deoptimize)
Event: 48.541 Executing VM operation: HandshakeAllThreads (Deoptimize) done
Event: 48.756 Executing VM operation: ICBufferFull
Event: 48.756 Executing VM operation: ICBufferFull done

Events (20 events):
Event: 45.527 Thread 0x000002af7f4f1260 flushing nmethod 0x000002af003e7f10
Event: 45.527 Thread 0x000002af7f4f1260 flushing nmethod 0x000002af0047a110
Event: 45.527 Thread 0x000002af7f4f1260 flushing nmethod 0x000002af0047c590
Event: 45.527 Thread 0x000002af7f4f1260 flushing nmethod 0x000002af004cb610
Event: 45.527 Thread 0x000002af7f4f1260 flushing nmethod 0x000002af0050e610
Event: 45.527 Thread 0x000002af7f4f1260 flushing nmethod 0x000002af005b7290
Event: 45.527 Thread 0x000002af7f4f1260 flushing nmethod 0x000002af0062e990
Event: 45.527 Thread 0x000002af7f4f1260 flushing nmethod 0x000002af0062f610
Event: 45.527 Thread 0x000002af7f4f1260 flushing nmethod 0x000002af00631210
Event: 45.527 Thread 0x000002af7f4f1260 flushing nmethod 0x000002af006b5310
Event: 45.774 Thread 0x000002af2c383330 Thread added: 0x000002af2c383330
Event: 46.922 Thread 0x000002af2c383330 Thread exited: 0x000002af2c383330
Event: 47.865 Thread 0x000002af2894c520 Thread added: 0x000002af2894c520
Event: 47.981 Thread 0x000002af2894c520 Thread exited: 0x000002af2894c520
Event: 48.309 Thread 0x000002af2894aae0 Thread added: 0x000002af2894aae0
Event: 48.323 Thread 0x000002af2894a450 Thread added: 0x000002af2894a450
Event: 48.324 Thread 0x000002af2894c520 Thread added: 0x000002af2894c520
Event: 48.324 Thread 0x000002af289506c0 Thread added: 0x000002af289506c0
Event: 48.388 Thread 0x000002af28949dc0 Thread added: 0x000002af28949dc0
Event: 48.445 Thread 0x000002af2c9974a0 Thread added: 0x000002af2c9974a0


Dynamic libraries:
0x00007ff6ec400000 - 0x00007ff6ec410000 	C:\Program Files\Java\jdk-21.0.10\bin\java.exe
0x00007ffcb3d30000 - 0x00007ffcb3f28000 	C:\WINDOWS\SYSTEM32\ntdll.dll
0x00007ffcb32f0000 - 0x00007ffcb33b2000 	C:\WINDOWS\System32\KERNEL32.DLL
0x00007ffcb13b0000 - 0x00007ffcb16a7000 	C:\WINDOWS\System32\KERNELBASE.dll
0x00007ffcb16b0000 - 0x00007ffcb17b0000 	C:\WINDOWS\System32\ucrtbase.dll
0x00007ffc9d7e0000 - 0x00007ffc9d7fe000 	C:\Program Files\Java\jdk-21.0.10\bin\VCRUNTIME140.dll
0x00007ffc9d400000 - 0x00007ffc9d419000 	C:\Program Files\Java\jdk-21.0.10\bin\jli.dll
0x00007ffcb1e70000 - 0x00007ffcb1f21000 	C:\WINDOWS\System32\ADVAPI32.dll
0x00007ffcb1dd0000 - 0x00007ffcb1e6e000 	C:\WINDOWS\System32\msvcrt.dll
0x00007ffcb2230000 - 0x00007ffcb22cf000 	C:\WINDOWS\System32\sechost.dll
0x00007ffcb2880000 - 0x00007ffcb29a0000 	C:\WINDOWS\System32\RPCRT4.dll
0x00007ffcb17b0000 - 0x00007ffcb17d7000 	C:\WINDOWS\System32\bcrypt.dll
0x00007ffcb2500000 - 0x00007ffcb26a1000 	C:\WINDOWS\System32\USER32.dll
0x00007ffcb1a80000 - 0x00007ffcb1aa2000 	C:\WINDOWS\System32\win32u.dll
0x00007ffca36b0000 - 0x00007ffca394b000 	C:\WINDOWS\WinSxS\amd64_microsoft.windows.common-controls_6595b64144ccf1df_6.0.19041.6456_none_60b8a6cb71f64256\COMCTL32.dll
0x00007ffcb1da0000 - 0x00007ffcb1dcb000 	C:\WINDOWS\System32\GDI32.dll
0x00007ffcb1b50000 - 0x00007ffcb1c69000 	C:\WINDOWS\System32\gdi32full.dll
0x00007ffcb1ab0000 - 0x00007ffcb1b4d000 	C:\WINDOWS\System32\msvcp_win.dll
0x00007ffca7960000 - 0x00007ffca796a000 	C:\WINDOWS\SYSTEM32\VERSION.dll
0x00007ffcb24b0000 - 0x00007ffcb24df000 	C:\WINDOWS\System32\IMM32.DLL
0x00007ffca7a10000 - 0x00007ffca7a1c000 	C:\Program Files\Java\jdk-21.0.10\bin\vcruntime140_1.dll
0x00007ffc91640000 - 0x00007ffc916cd000 	C:\Program Files\Java\jdk-21.0.10\bin\msvcp140.dll
0x00007ffc71830000 - 0x00007ffc72557000 	C:\Program Files\Java\jdk-21.0.10\bin\server\jvm.dll
0x00007ffcb2800000 - 0x00007ffcb286b000 	C:\WINDOWS\System32\WS2_32.dll
0x00007ffcb08b0000 - 0x00007ffcb08fb000 	C:\WINDOWS\SYSTEM32\POWRPROF.dll
0x00007ffc97b40000 - 0x00007ffc97b67000 	C:\WINDOWS\SYSTEM32\WINMM.dll
0x00007ffcb0770000 - 0x00007ffcb0782000 	C:\WINDOWS\SYSTEM32\UMPDC.dll
0x00007ffcaf100000 - 0x00007ffcaf112000 	C:\WINDOWS\SYSTEM32\kernel.appcore.dll
0x00007ffca7940000 - 0x00007ffca794a000 	C:\Program Files\Java\jdk-21.0.10\bin\jimage.dll
0x00007ffca3950000 - 0x00007ffca3b51000 	C:\WINDOWS\SYSTEM32\DBGHELP.DLL
0x00007ffc9f280000 - 0x00007ffc9f2b4000 	C:\WINDOWS\SYSTEM32\dbgcore.DLL
0x00007ffcb19f0000 - 0x00007ffcb1a72000 	C:\WINDOWS\System32\bcryptPrimitives.dll
0x00007ffca77c0000 - 0x00007ffca77d0000 	C:\Program Files\Java\jdk-21.0.10\bin\instrument.dll
0x00007ffc9f080000 - 0x00007ffc9f0a1000 	C:\Program Files\Java\jdk-21.0.10\bin\java.dll
0x00007ffcb3570000 - 0x00007ffcb3ce1000 	C:\WINDOWS\System32\SHELL32.dll
0x00007ffcaf3e0000 - 0x00007ffcafb86000 	C:\WINDOWS\SYSTEM32\windows.storage.dll
0x00007ffcb2f90000 - 0x00007ffcb32e3000 	C:\WINDOWS\System32\combase.dll
0x00007ffcb0d00000 - 0x00007ffcb0d2b000 	C:\WINDOWS\SYSTEM32\Wldp.dll
0x00007ffcb2730000 - 0x00007ffcb27fd000 	C:\WINDOWS\System32\OLEAUT32.dll
0x00007ffcb2180000 - 0x00007ffcb222d000 	C:\WINDOWS\System32\SHCORE.dll
0x00007ffcb1d40000 - 0x00007ffcb1d9b000 	C:\WINDOWS\System32\shlwapi.dll
0x00007ffcb12e0000 - 0x00007ffcb1304000 	C:\WINDOWS\SYSTEM32\profapi.dll
0x00007ffc901f0000 - 0x00007ffc902c7000 	C:\Program Files\Java\jdk-21.0.10\bin\jsvml.dll
0x00007ffc9d800000 - 0x00007ffc9d818000 	C:\Program Files\Java\jdk-21.0.10\bin\zip.dll
0x00007ffc9d3e0000 - 0x00007ffc9d3f1000 	C:\Program Files\Java\jdk-21.0.10\bin\net.dll
0x00007ffcaa9e0000 - 0x00007ffcaaaea000 	C:\WINDOWS\SYSTEM32\WINHTTP.dll
0x00007ffcb0ae0000 - 0x00007ffcb0b4a000 	C:\WINDOWS\system32\mswsock.dll
0x00007ffc9b430000 - 0x00007ffc9b446000 	C:\Program Files\Java\jdk-21.0.10\bin\nio.dll
0x00007ffc9f900000 - 0x00007ffc9f910000 	C:\Program Files\Java\jdk-21.0.10\bin\verify.dll
0x00007ffc9d440000 - 0x00007ffc9d467000 	C:\Users\Sarobidy\.gradle\native\c067742578af261105cb4f569cf0c3c89f3d7b1fecec35dd04571415982c5e48\windows-amd64\native-platform.dll
0x00007ffc90930000 - 0x00007ffc90a74000 	C:\Users\Sarobidy\.gradle\native\38dada09dfb8b06ba9b0570ebf7e218e3eb74d4ef43ca46872605cf95ebc2f47\windows-amd64\native-platform-file-events.dll
0x00007ffca53c0000 - 0x00007ffca53ca000 	C:\Program Files\Java\jdk-21.0.10\bin\management.dll
0x00007ffca53b0000 - 0x00007ffca53bc000 	C:\Program Files\Java\jdk-21.0.10\bin\management_ext.dll
0x00007ffcb2870000 - 0x00007ffcb2878000 	C:\WINDOWS\System32\PSAPI.DLL
0x00007ffcb1050000 - 0x00007ffcb1068000 	C:\WINDOWS\SYSTEM32\CRYPTSP.dll
0x00007ffcb03b0000 - 0x00007ffcb03e8000 	C:\WINDOWS\system32\rsaenh.dll
0x00007ffcb12a0000 - 0x00007ffcb12ce000 	C:\WINDOWS\SYSTEM32\USERENV.dll
0x00007ffcb0c70000 - 0x00007ffcb0c7c000 	C:\WINDOWS\SYSTEM32\CRYPTBASE.dll
0x00007ffcb0790000 - 0x00007ffcb07cb000 	C:\WINDOWS\SYSTEM32\IPHLPAPI.DLL
0x00007ffcb2720000 - 0x00007ffcb2728000 	C:\WINDOWS\System32\NSI.dll
0x00007ffca53a0000 - 0x00007ffca53a9000 	C:\Program Files\Java\jdk-21.0.10\bin\extnet.dll
0x00007ffcac290000 - 0x00007ffcac29e000 	C:\Program Files\Java\jdk-21.0.10\bin\sunmscapi.dll
0x00007ffcb17e0000 - 0x00007ffcb193d000 	C:\WINDOWS\System32\CRYPT32.dll
0x00007ffcb0d70000 - 0x00007ffcb0d97000 	C:\WINDOWS\SYSTEM32\ncrypt.dll
0x00007ffcb0d30000 - 0x00007ffcb0d6b000 	C:\WINDOWS\SYSTEM32\NTASN1.dll
0x00007ffca7880000 - 0x00007ffca7887000 	C:\WINDOWS\system32\wshunix.dll

dbghelp: loaded successfully - version: 4.0.5 - missing functions: none
symbol engine: initialized successfully - sym options: 0x614 - pdb path: .;C:\Program Files\Java\jdk-21.0.10\bin;C:\WINDOWS\SYSTEM32;C:\WINDOWS\WinSxS\amd64_microsoft.windows.common-controls_6595b64144ccf1df_6.0.19041.6456_none_60b8a6cb71f64256;C:\Program Files\Java\jdk-21.0.10\bin\server;C:\Users\Sarobidy\.gradle\native\c067742578af261105cb4f569cf0c3c89f3d7b1fecec35dd04571415982c5e48\windows-amd64;C:\Users\Sarobidy\.gradle\native\38dada09dfb8b06ba9b0570ebf7e218e3eb74d4ef43ca46872605cf95ebc2f47\windows-amd64

VM Arguments:
jvm_args: --add-opens=java.base/java.util=ALL-UNNAMED --add-opens=java.base/java.lang=ALL-UNNAMED --add-opens=java.base/java.lang.invoke=ALL-UNNAMED --add-opens=java.prefs/java.util.prefs=ALL-UNNAMED --add-opens=java.base/java.nio.charset=ALL-UNNAMED --add-opens=java.base/java.net=ALL-UNNAMED --add-opens=java.base/java.util.concurrent.atomic=ALL-UNNAMED -XX:MaxMetaspaceSize=384m -XX:+HeapDumpOnOutOfMemoryError -Xms256m -Xmx512m -Dfile.encoding=UTF-8 -Duser.country=FR -Duser.language=fr -Duser.variant -javaagent:C:\Users\Sarobidy\.gradle\wrapper\dists\gradle-8.5-bin\5t9huq95ubn472n8rpzujfbqh\gradle-8.5\lib\agents\gradle-instrumentation-agent-8.5.jar 
java_command: org.gradle.launcher.daemon.bootstrap.GradleDaemon 8.5
java_class_path (initial): C:\Users\Sarobidy\.gradle\wrapper\dists\gradle-8.5-bin\5t9huq95ubn472n8rpzujfbqh\gradle-8.5\lib\gradle-launcher-8.5.jar
Launcher Type: SUN_STANDARD

[Global flags]
     intx CICompilerCount                          = 3                                         {product} {ergonomic}
   size_t CompressedClassSpaceSize                 = 335544320                                 {product} {ergonomic}
     uint ConcGCThreads                            = 1                                         {product} {ergonomic}
     uint G1ConcRefinementThreads                  = 4                                         {product} {ergonomic}
   size_t G1HeapRegionSize                         = 1048576                                   {product} {ergonomic}
    uintx GCDrainStackTargetSize                   = 64                                        {product} {ergonomic}
     bool HeapDumpOnOutOfMemoryError               = true                                   {manageable} {command line}
   size_t InitialHeapSize                          = 268435456                                 {product} {command line}
   size_t MarkStackSize                            = 4194304                                   {product} {ergonomic}
   size_t MaxHeapSize                              = 536870912                                 {product} {command line}
   size_t MaxMetaspaceSize                         = 402653184                                 {product} {command line}
   size_t MaxNewSize                               = 321912832                                 {product} {ergonomic}
   size_t MinHeapDeltaBytes                        = 1048576                                   {product} {ergonomic}
   size_t MinHeapSize                              = 268435456                                 {product} {command line}
    uintx NonNMethodCodeHeapSize                   = 5832780                                {pd product} {ergonomic}
    uintx NonProfiledCodeHeapSize                  = 122912730                              {pd product} {ergonomic}
    uintx ProfiledCodeHeapSize                     = 122912730                              {pd product} {ergonomic}
    uintx ReservedCodeCacheSize                    = 251658240                              {pd product} {ergonomic}
     bool SegmentedCodeCache                       = true                                      {product} {ergonomic}
   size_t SoftMaxHeapSize                          = 536870912                              {manageable} {ergonomic}
     bool UseCompressedOops                        = true                           {product lp64_product} {ergonomic}
     bool UseG1GC                                  = true                                      {product} {ergonomic}
     bool UseLargePagesIndividualAllocation        = false                                  {pd product} {ergonomic}

Logging:
Log output configuration:
 #0: stdout all=warning uptime,level,tags foldmultilines=false
 #1: stderr all=off uptime,level,tags foldmultilines=false

Environment Variables:
JAVA_HOME=C:\Program Files\Java\jdk-21.0.10
PATH=C:\Program Files (x86)\VMware\VMware Workstation\bin\;C:\WINDOWS\system32;C:\WINDOWS;C:\WINDOWS\System32\Wbem;C:\WINDOWS\System32\WindowsPowerShell\v1.0\;C:\WINDOWS\System32\OpenSSH\;C:\Program Files\Git\cmd;C:\php;C:\ProgramData\ComposerSetup\bin;C:\Program Files\Java\jdk-21.0.10\bin;C:\Program Files\Apache\Maven\apache-maven-3.9.13-bin\apache-maven-3.9.13\bin;C:\Program Files\PostgreSQL\17\bin;C:\Program Files\KeePassXC\;%NVM_HOME%;%NVM_SYMLINK%;C:\Program Files\nodejs\;C:\Program Files\Apache\Maven\apache-maven-3.9.13-bin\apache-maven-3.9.13\bin;C:\Users\Sarobidy\AppData\Local\Programs\Microsoft VS Code\bin;C:\Users\Sarobidy\AppData\Local\Python\bin;C:\Users\Sarobidy\AppData\Local\nvm;C:\nvm4w\nodejs;C:\Users\Sarobidy\AppData\Roaming\npm
USERNAME=Sarobidy
OS=Windows_NT
PROCESSOR_IDENTIFIER=Intel64 Family 6 Model 58 Stepping 9, GenuineIntel
TMP=C:\Users\Sarobidy\AppData\Local\Temp
TEMP=C:\Users\Sarobidy\AppData\Local\Temp




Periodic native trim disabled

---------------  S Y S T E M  ---------------

OS:
 Windows 10 , 64 bit Build 19041 (10.0.19041.6807)
OS uptime: 0 days 5:33 hours
Hyper-V role detected

CPU: total 4 (initial active 4) (2 cores per cpu, 2 threads per core) family 6 model 58 stepping 9 microcode 0x21, cx8, cmov, fxsr, ht, mmx, sse, sse2, sse3, ssse3, sse4.1, sse4.2, popcnt, tsc, tscinvbit, avx, aes, erms, clmul, vzeroupper, clflush, hv, rdtscp, f16c
Processor Information for all 4 processors :
  Max Mhz: 2601, Current Mhz: 2601, Mhz Limit: 2601

Memory: 4k page, system-wide physical 6017M (452M free)
TotalPageFile size 8017M (AvailPageFile size 5M)
current process WorkingSet (physical memory assigned to process): 415M, peak: 415M
current process commit charge ("private bytes"): 505M, peak: 506M

vm_info: Java HotSpot(TM) 64-Bit Server VM (21.0.10+8-LTS-217) for windows-amd64 JRE (21.0.10+8-LTS-217), built on 2025-12-18T14:59:28Z by "mach5run" with MS VC++ 17.13 (VS2022)

END.
