#
# There is insufficient memory for the Java Runtime Environment to continue.
# Native memory allocation (malloc) failed to allocate 32744 bytes for Chunk::new
# Possible reasons:
#   The system is out of physical RAM or swap space
#   The process is running with CompressedOops enabled, and the Java Heap may be blocking the growth of the native heap
# Possible solutions:
#   Reduce memory load on the system
#   Increase physical memory or swap space
#   Check if swap backing store is full
#   Decrease Java heap size (-Xmx/-Xms)
#   Decrease number of Java threads
#   Decrease Java thread stack sizes (-Xss)
#   Set larger code cache with -XX:ReservedCodeCacheSize=
#   JVM is running with Unscaled Compressed Oops mode in which the Java heap is
#     placed in the first 4GB address space. The Java Heap base address is the
#     maximum limit for the native heap growth. Please use -XX:HeapBaseMinAddress
#     to set the Java Heap base and to place the Java Heap above 4GB virtual address.
# This output file may be truncated or incomplete.
#
#  Out of Memory Error (arena.cpp:168), pid=10924, tid=7740
#
# JRE version: Java(TM) SE Runtime Environment (21.0.10+8) (build 21.0.10+8-LTS-217)
# Java VM: Java HotSpot(TM) 64-Bit Server VM (21.0.10+8-LTS-217, mixed mode, sharing, tiered, compressed oops, compressed class ptrs, g1 gc, windows-amd64)
# No core dump will be written. Minidumps are not enabled by default on client versions of Windows
#

---------------  S U M M A R Y ------------

Command Line: --add-opens=java.base/java.util=ALL-UNNAMED --add-opens=java.base/java.lang=ALL-UNNAMED --add-opens=java.base/java.lang.invoke=ALL-UNNAMED --add-opens=java.prefs/java.util.prefs=ALL-UNNAMED --add-opens=java.base/java.nio.charset=ALL-UNNAMED --add-opens=java.base/java.net=ALL-UNNAMED --add-opens=java.base/java.util.concurrent.atomic=ALL-UNNAMED -XX:MaxMetaspaceSize=384m -XX:+HeapDumpOnOutOfMemoryError -Xms256m -Xmx512m -Dfile.encoding=UTF-8 -Duser.country=FR -Duser.language=fr -Duser.variant -javaagent:C:\Users\Sarobidy\.gradle\wrapper\dists\gradle-8.5-bin\5t9huq95ubn472n8rpzujfbqh\gradle-8.5\lib\agents\gradle-instrumentation-agent-8.5.jar org.gradle.launcher.daemon.bootstrap.GradleDaemon 8.5

Host: Intel(R) Core(TM) i5-3230M CPU @ 2.60GHz, 4 cores, 5G,  Windows 10 , 64 bit Build 19041 (10.0.19041.6807)
Time: Sun Jul 12 18:54:28 2026 Jordanie elapsed time: 15.653344 seconds (0d 0h 0m 15s)

---------------  T H R E A D  ---------------

Current thread (0x0000021bb4deccc0):  JavaThread "C2 CompilerThread0" daemon [_thread_in_native, id=7740, stack(0x0000008ba3b00000,0x0000008ba3c00000) (1024K)]


Current CompileTask:
C2:  15653 3987       4       java.lang.ClassLoader::defineClassSourceLocation (28 bytes)

Stack: [0x0000008ba3b00000,0x0000008ba3c00000]
Native frames: (J=compiled Java code, j=interpreted, Vv=VM code, C=native code)
V  [jvm.dll+0x6d0b59]
V  [jvm.dll+0x85fd56]
V  [jvm.dll+0x86224e]
V  [jvm.dll+0x862923]
V  [jvm.dll+0x282a16]
V  [jvm.dll+0xc662d]
V  [jvm.dll+0xc6b71]
V  [jvm.dll+0x6fc977]
V  [jvm.dll+0x1e39ba]
V  [jvm.dll+0x24b4c3]
V  [jvm.dll+0x24a94f]
V  [jvm.dll+0x1cacfe]
V  [jvm.dll+0x25a629]
V  [jvm.dll+0x258bb5]
V  [jvm.dll+0x3f4da1]
V  [jvm.dll+0x80a83d]
V  [jvm.dll+0x6cf3fd]
C  [ucrtbase.dll+0x21bb2]
C  [KERNEL32.DLL+0x17374]
C  [ntdll.dll+0x4cc91]


---------------  P R O C E S S  ---------------

Threads class SMR info:
_java_thread_list=0x0000021bd1c81ba0, length=37, elements={
0x0000021b9aa22130, 0x0000021bb4ddda20, 0x0000021bb4ddf6f0, 0x0000021bb4de3420,
0x0000021bb4de3e80, 0x0000021bb4de7090, 0x0000021bb4de8290, 0x0000021bb4deccc0,
0x0000021bb4df1f20, 0x0000021bce21ea00, 0x0000021bce265920, 0x0000021bcf238090,
0x0000021bceb4d140, 0x0000021bcfa04f30, 0x0000021bce06fcd0, 0x0000021bcf1ca4d0,
0x0000021bce177920, 0x0000021bcf204a70, 0x0000021bcf2043e0, 0x0000021bcf205100,
0x0000021bcf202310, 0x0000021bcf2029a0, 0x0000021bcf203030, 0x0000021bcf2036c0,
0x0000021bcf205790, 0x0000021bcec69230, 0x0000021bcec64a00, 0x0000021bcec68510,
0x0000021bcec65090, 0x0000021bcec677f0, 0x0000021bcec65db0, 0x0000021bcec66440,
0x0000021bcec65720, 0x0000021bcec68ba0, 0x0000021bcec698c0, 0x0000021bcec66ad0,
0x0000021bcec31000
}

Java Threads: ( => current thread )
  0x0000021b9aa22130 JavaThread "main"                              [_thread_blocked, id=9316, stack(0x0000008ba2d00000,0x0000008ba2e00000) (1024K)]
  0x0000021bb4ddda20 JavaThread "Reference Handler"          daemon [_thread_blocked, id=7000, stack(0x0000008ba3500000,0x0000008ba3600000) (1024K)]
  0x0000021bb4ddf6f0 JavaThread "Finalizer"                  daemon [_thread_blocked, id=10624, stack(0x0000008ba3600000,0x0000008ba3700000) (1024K)]
  0x0000021bb4de3420 JavaThread "Signal Dispatcher"          daemon [_thread_blocked, id=2516, stack(0x0000008ba3700000,0x0000008ba3800000) (1024K)]
  0x0000021bb4de3e80 JavaThread "Attach Listener"            daemon [_thread_blocked, id=9272, stack(0x0000008ba3800000,0x0000008ba3900000) (1024K)]
  0x0000021bb4de7090 JavaThread "Service Thread"             daemon [_thread_blocked, id=7344, stack(0x0000008ba3900000,0x0000008ba3a00000) (1024K)]
  0x0000021bb4de8290 JavaThread "Monitor Deflation Thread"   daemon [_thread_blocked, id=8120, stack(0x0000008ba3a00000,0x0000008ba3b00000) (1024K)]
=>0x0000021bb4deccc0 JavaThread "C2 CompilerThread0"         daemon [_thread_in_native, id=7740, stack(0x0000008ba3b00000,0x0000008ba3c00000) (1024K)]
  0x0000021bb4df1f20 JavaThread "C1 CompilerThread0"         daemon [_thread_blocked, id=8108, stack(0x0000008ba3c00000,0x0000008ba3d00000) (1024K)]
  0x0000021bce21ea00 JavaThread "Common-Cleaner"             daemon [_thread_blocked, id=1120, stack(0x0000008ba3d00000,0x0000008ba3e00000) (1024K)]
  0x0000021bce265920 JavaThread "Notification Thread"        daemon [_thread_blocked, id=1424, stack(0x0000008ba3e00000,0x0000008ba3f00000) (1024K)]
  0x0000021bcf238090 JavaThread "Daemon health stats"               [_thread_blocked, id=10196, stack(0x0000008ba3f00000,0x0000008ba4000000) (1024K)]
  0x0000021bceb4d140 JavaThread "Incoming local TCP Connector on port 51450"        [_thread_in_native, id=10472, stack(0x0000008ba4300000,0x0000008ba4400000) (1024K)]
  0x0000021bcfa04f30 JavaThread "Daemon periodic checks"            [_thread_blocked, id=9156, stack(0x0000008ba4400000,0x0000008ba4500000) (1024K)]
  0x0000021bce06fcd0 JavaThread "Daemon"                            [_thread_blocked, id=4372, stack(0x0000008ba4500000,0x0000008ba4600000) (1024K)]
  0x0000021bcf1ca4d0 JavaThread "Handler for socket connection from /127.0.0.1:51450 to /127.0.0.1:51451"        [_thread_in_native, id=884, stack(0x0000008ba4600000,0x0000008ba4700000) (1024K)]
  0x0000021bce177920 JavaThread "Cancel handler"                    [_thread_blocked, id=8544, stack(0x0000008ba4700000,0x0000008ba4800000) (1024K)]
  0x0000021bcf204a70 JavaThread "Daemon worker"                     [_thread_in_vm, id=4636, stack(0x0000008ba4800000,0x0000008ba4900000) (1024K)]
  0x0000021bcf2043e0 JavaThread "Asynchronous log dispatcher for DefaultDaemonConnection: socket connection from /127.0.0.1:51450 to /127.0.0.1:51451"        [_thread_blocked, id=10728, stack(0x0000008ba4900000,0x0000008ba4a00000) (1024K)]
  0x0000021bcf205100 JavaThread "Stdin handler"                     [_thread_blocked, id=8004, stack(0x0000008ba4a00000,0x0000008ba4b00000) (1024K)]
  0x0000021bcf202310 JavaThread "Daemon client event forwarder"        [_thread_blocked, id=3740, stack(0x0000008ba4b00000,0x0000008ba4c00000) (1024K)]
  0x0000021bcf2029a0 JavaThread "Cache worker for journal cache (C:\Users\Sarobidy\.gradle\caches\journal-1)"        [_thread_blocked, id=2896, stack(0x0000008ba4c00000,0x0000008ba4d00000) (1024K)]
  0x0000021bcf203030 JavaThread "File lock request listener"        [_thread_in_native, id=9416, stack(0x0000008ba4d00000,0x0000008ba4e00000) (1024K)]
  0x0000021bcf2036c0 JavaThread "Cache worker for file hash cache (C:\Users\Sarobidy\.gradle\caches\8.5\fileHashes)"        [_thread_blocked, id=2076, stack(0x0000008ba4f00000,0x0000008ba5000000) (1024K)]
  0x0000021bcf205790 JavaThread "File watcher server"        daemon [_thread_in_native, id=10652, stack(0x0000008ba4e00000,0x0000008ba4f00000) (1024K)]
  0x0000021bcec69230 JavaThread "File watcher consumer"      daemon [_thread_blocked, id=4132, stack(0x0000008ba5000000,0x0000008ba5100000) (1024K)]
  0x0000021bcec64a00 JavaThread "jar transforms"                    [_thread_blocked, id=9148, stack(0x0000008ba5200000,0x0000008ba5300000) (1024K)]
  0x0000021bcec68510 JavaThread "jar transforms Thread 2"           [_thread_blocked, id=4472, stack(0x0000008ba5300000,0x0000008ba5400000) (1024K)]
  0x0000021bcec65090 JavaThread "jar transforms Thread 3"           [_thread_blocked, id=1220, stack(0x0000008ba5400000,0x0000008ba5500000) (1024K)]
  0x0000021bcec677f0 JavaThread "jar transforms Thread 4"           [_thread_blocked, id=7456, stack(0x0000008ba5500000,0x0000008ba5600000) (1024K)]
  0x0000021bcec65db0 JavaThread "Cache worker for checksums cache (E:\L2\Exercice\Envoie_email\.gradle\8.5\checksums)"        [_thread_blocked, id=2348, stack(0x0000008ba5600000,0x0000008ba5700000) (1024K)]
  0x0000021bcec66440 JavaThread "Cache worker for file hash cache (E:\L2\Exercice\Envoie_email\.gradle\8.5\fileHashes)"        [_thread_blocked, id=7352, stack(0x0000008ba5700000,0x0000008ba5800000) (1024K)]
  0x0000021bcec65720 JavaThread "Cache worker for cache directory md-supplier (C:\Users\Sarobidy\.gradle\caches\8.5\md-supplier)"        [_thread_blocked, id=564, stack(0x0000008ba5800000,0x0000008ba5900000) (1024K)]
  0x0000021bcec68ba0 JavaThread "Cache worker for cache directory md-rule (C:\Users\Sarobidy\.gradle\caches\8.5\md-rule)"        [_thread_blocked, id=1304, stack(0x0000008ba5900000,0x0000008ba5a00000) (1024K)]
  0x0000021bcec698c0 JavaThread "Cache worker for file content cache (C:\Users\Sarobidy\.gradle\caches\8.5\fileContent)"        [_thread_blocked, id=9928, stack(0x0000008ba5100000,0x0000008ba5200000) (1024K)]
  0x0000021bcec66ad0 JavaThread "Cache worker for execution history cache (C:\Users\Sarobidy\.gradle\caches\8.5\executionHistory)"        [_thread_blocked, id=5828, stack(0x0000008ba5a00000,0x0000008ba5b00000) (1024K)]
  0x0000021bcec31000 JavaThread "C2 CompilerThread1"         daemon [_thread_in_native, id=6276, stack(0x0000008ba5b00000,0x0000008ba5c00000) (1024K)]
Total: 37

Other Threads:
  0x0000021bb4dc5330 VMThread "VM Thread"                           [id=10408, stack(0x0000008ba3400000,0x0000008ba3500000) (1024K)]
  0x0000021bb4db5ad0 WatcherThread "VM Periodic Task Thread"        [id=6928, stack(0x0000008ba3300000,0x0000008ba3400000) (1024K)]
  0x0000021b9aa4bc30 WorkerThread "GC Thread#0"                     [id=5032, stack(0x0000008ba2e00000,0x0000008ba2f00000) (1024K)]
  0x0000021bce4b01e0 WorkerThread "GC Thread#1"                     [id=10640, stack(0x0000008ba4000000,0x0000008ba4100000) (1024K)]
  0x0000021bce4b0590 WorkerThread "GC Thread#2"                     [id=8196, stack(0x0000008ba4100000,0x0000008ba4200000) (1024K)]
  0x0000021bce4b0940 WorkerThread "GC Thread#3"                     [id=8876, stack(0x0000008ba4200000,0x0000008ba4300000) (1024K)]
  0x0000021b9aa50ce0 ConcurrentGCThread "G1 Main Marker"            [id=8488, stack(0x0000008ba2f00000,0x0000008ba3000000) (1024K)]
  0x0000021b9aa51ea0 WorkerThread "G1 Conc#0"                       [id=7808, stack(0x0000008ba3000000,0x0000008ba3100000) (1024K)]
  0x0000021b9aaee080 ConcurrentGCThread "G1 Refine#0"               [id=7716, stack(0x0000008ba3100000,0x0000008ba3200000) (1024K)]
  0x0000021b9aaeeb10 ConcurrentGCThread "G1 Service"                [id=10848, stack(0x0000008ba3200000,0x0000008ba3300000) (1024K)]
Total: 10

Threads with active compile tasks:
C2 CompilerThread0    15692 3987       4       java.lang.ClassLoader::defineClassSourceLocation (28 bytes)
C2 CompilerThread1    15692 4061       4       java.util.regex.Matcher::search (154 bytes)
Total: 2

VM state: not at safepoint (normal execution)

VM Mutex/Monitor currently owned by a thread: None

Heap address: 0x00000000e0000000, size: 512 MB, Compressed Oops mode: 32-bit

CDS archive(s) mapped at: [0x0000021bb5000000-0x0000021bb5c90000-0x0000021bb5c90000), size 13172736, SharedBaseAddress: 0x0000021bb5000000, ArchiveRelocationMode: 1.
Compressed class space mapped at: 0x0000021bb6000000-0x0000021bca000000, reserved size: 335544320
Narrow klass base: 0x0000021bb5000000, Narrow klass shift: 0, Narrow klass range: 0x100000000

GC Precious Log:
 CardTable entry size: 512
 Card Set container configuration: InlinePtr #cards 5 size 8 Array Of Cards #cards 12 size 40 Howl #buckets 4 coarsen threshold 1843 Howl Bitmap #cards 512 size 80 coarsen threshold 460 Card regions per heap region 1 cards per card region 2048
 CPUs: 4 total, 4 available
 Memory: 6017M
 Large Page Support: Disabled
 NUMA Support: Disabled
 Compressed Oops: Enabled (32-bit)
 Heap Region Size: 1M
 Heap Min Capacity: 256M
 Heap Initial Capacity: 256M
 Heap Max Capacity: 512M
 Pre-touch: Disabled
 Parallel Workers: 4
 Concurrent Workers: 1
 Concurrent Refinement Workers: 4
 Periodic GC: Disabled

Heap:
 garbage-first heap   total 262144K, used 59957K [0x00000000e0000000, 0x0000000100000000)
  region size 1024K, 3 young (3072K), 2 survivors (2048K)
 Metaspace       used 35591K, committed 36864K, reserved 393216K
  class space    used 5078K, committed 5696K, reserved 327680K

Heap Regions: E=young(eden), S=young(survivor), O=old, HS=humongous(starts), HC=humongous(continues), CS=collection set, F=free, TAMS=top-at-mark-start, PB=parsable bottom
|   0|0x00000000e0000000, 0x00000000e0100000, 0x00000000e0100000|100%| O|  |TAMS 0x00000000e0100000| PB 0x00000000e0000000| Untracked 
|   1|0x00000000e0100000, 0x00000000e0200000, 0x00000000e0200000|100%| O|  |TAMS 0x00000000e0200000| PB 0x00000000e0100000| Updating 
|   2|0x00000000e0200000, 0x00000000e0300000, 0x00000000e0300000|100%|HS|  |TAMS 0x00000000e0300000| PB 0x00000000e0200000| Complete 
|   3|0x00000000e0300000, 0x00000000e0400000, 0x00000000e0400000|100%|HC|  |TAMS 0x00000000e0400000| PB 0x00000000e0300000| Complete 
|   4|0x00000000e0400000, 0x00000000e0500000, 0x00000000e0500000|100%|HC|  |TAMS 0x00000000e0500000| PB 0x00000000e0400000| Complete 
|   5|0x00000000e0500000, 0x00000000e0600000, 0x00000000e0600000|100%|HC|  |TAMS 0x00000000e0600000| PB 0x00000000e0500000| Complete 
|   6|0x00000000e0600000, 0x00000000e0700000, 0x00000000e0700000|100%| O|  |TAMS 0x00000000e0700000| PB 0x00000000e0600000| Untracked 
|   7|0x00000000e0700000, 0x00000000e0800000, 0x00000000e0800000|100%| O|  |TAMS 0x00000000e0800000| PB 0x00000000e0700000| Untracked 
|   8|0x00000000e0800000, 0x00000000e0900000, 0x00000000e0900000|100%|HS|  |TAMS 0x00000000e0900000| PB 0x00000000e0800000| Complete 
|   9|0x00000000e0900000, 0x00000000e0900000, 0x00000000e0a00000|  0%| F|  |TAMS 0x00000000e0900000| PB 0x00000000e0900000| Untracked 
|  10|0x00000000e0a00000, 0x00000000e0b00000, 0x00000000e0b00000|100%| O|  |TAMS 0x00000000e0b00000| PB 0x00000000e0a00000| Untracked 
|  11|0x00000000e0b00000, 0x00000000e0c00000, 0x00000000e0c00000|100%| O|  |TAMS 0x00000000e0c00000| PB 0x00000000e0b00000| Untracked 
|  12|0x00000000e0c00000, 0x00000000e0d00000, 0x00000000e0d00000|100%|HS|  |TAMS 0x00000000e0d00000| PB 0x00000000e0c00000| Complete 
|  13|0x00000000e0d00000, 0x00000000e0e00000, 0x00000000e0e00000|100%|HC|  |TAMS 0x00000000e0e00000| PB 0x00000000e0d00000| Complete 
|  14|0x00000000e0e00000, 0x00000000e0f00000, 0x00000000e0f00000|100%|HC|  |TAMS 0x00000000e0f00000| PB 0x00000000e0e00000| Complete 
|  15|0x00000000e0f00000, 0x00000000e1000000, 0x00000000e1000000|100%|HC|  |TAMS 0x00000000e1000000| PB 0x00000000e0f00000| Complete 
|  16|0x00000000e1000000, 0x00000000e1100000, 0x00000000e1100000|100%|HC|  |TAMS 0x00000000e1100000| PB 0x00000000e1000000| Complete 
|  17|0x00000000e1100000, 0x00000000e1200000, 0x00000000e1200000|100%|HC|  |TAMS 0x00000000e1200000| PB 0x00000000e1100000| Complete 
|  18|0x00000000e1200000, 0x00000000e1300000, 0x00000000e1300000|100%|HS|  |TAMS 0x00000000e1300000| PB 0x00000000e1200000| Complete 
|  19|0x00000000e1300000, 0x00000000e1400000, 0x00000000e1400000|100%|HC|  |TAMS 0x00000000e1400000| PB 0x00000000e1300000| Complete 
|  20|0x00000000e1400000, 0x00000000e1500000, 0x00000000e1500000|100%|HC|  |TAMS 0x00000000e1500000| PB 0x00000000e1400000| Complete 
|  21|0x00000000e1500000, 0x00000000e1600000, 0x00000000e1600000|100%|HS|  |TAMS 0x00000000e1600000| PB 0x00000000e1500000| Complete 
|  22|0x00000000e1600000, 0x00000000e1700000, 0x00000000e1700000|100%|HC|  |TAMS 0x00000000e1700000| PB 0x00000000e1600000| Complete 
|  23|0x00000000e1700000, 0x00000000e1800000, 0x00000000e1800000|100%|HS|  |TAMS 0x00000000e1800000| PB 0x00000000e1700000| Complete 
|  24|0x00000000e1800000, 0x00000000e1900000, 0x00000000e1900000|100%|HC|  |TAMS 0x00000000e1900000| PB 0x00000000e1800000| Complete 
|  25|0x00000000e1900000, 0x00000000e1a00000, 0x00000000e1a00000|100%|HC|  |TAMS 0x00000000e1a00000| PB 0x00000000e1900000| Complete 
|  26|0x00000000e1a00000, 0x00000000e1b00000, 0x00000000e1b00000|100%|HC|  |TAMS 0x00000000e1b00000| PB 0x00000000e1a00000| Complete 
|  27|0x00000000e1b00000, 0x00000000e1c00000, 0x00000000e1c00000|100%|HC|  |TAMS 0x00000000e1c00000| PB 0x00000000e1b00000| Complete 
|  28|0x00000000e1c00000, 0x00000000e1d00000, 0x00000000e1d00000|100%|HC|  |TAMS 0x00000000e1d00000| PB 0x00000000e1c00000| Complete 
|  29|0x00000000e1d00000, 0x00000000e1e00000, 0x00000000e1e00000|100%|HS|  |TAMS 0x00000000e1e00000| PB 0x00000000e1d00000| Complete 
|  30|0x00000000e1e00000, 0x00000000e1f00000, 0x00000000e1f00000|100%|HC|  |TAMS 0x00000000e1f00000| PB 0x00000000e1e00000| Complete 
|  31|0x00000000e1f00000, 0x00000000e2000000, 0x00000000e2000000|100%|HC|  |TAMS 0x00000000e2000000| PB 0x00000000e1f00000| Complete 
|  32|0x00000000e2000000, 0x00000000e2100000, 0x00000000e2100000|100%|HS|  |TAMS 0x00000000e2100000| PB 0x00000000e2000000| Complete 
|  33|0x00000000e2100000, 0x00000000e2200000, 0x00000000e2200000|100%|HC|  |TAMS 0x00000000e2200000| PB 0x00000000e2100000| Complete 
|  34|0x00000000e2200000, 0x00000000e2300000, 0x00000000e2300000|100%|HS|  |TAMS 0x00000000e2300000| PB 0x00000000e2200000| Complete 
|  35|0x00000000e2300000, 0x00000000e2400000, 0x00000000e2400000|100%| O|  |TAMS 0x00000000e2400000| PB 0x00000000e2300000| Untracked 
|  36|0x00000000e2400000, 0x00000000e2500000, 0x00000000e2500000|100%| O|  |TAMS 0x00000000e2500000| PB 0x00000000e2400000| Untracked 
|  37|0x00000000e2500000, 0x00000000e2600000, 0x00000000e2600000|100%| O|  |TAMS 0x00000000e2600000| PB 0x00000000e2500000| Untracked 
|  38|0x00000000e2600000, 0x00000000e2700000, 0x00000000e2700000|100%| O|  |TAMS 0x00000000e2700000| PB 0x00000000e2600000| Untracked 
|  39|0x00000000e2700000, 0x00000000e2800000, 0x00000000e2800000|100%| O|  |TAMS 0x00000000e2800000| PB 0x00000000e2700000| Untracked 
|  40|0x00000000e2800000, 0x00000000e2900000, 0x00000000e2900000|100%| O|  |TAMS 0x00000000e2900000| PB 0x00000000e2800000| Untracked 
|  41|0x00000000e2900000, 0x00000000e2a00000, 0x00000000e2a00000|100%| O|  |TAMS 0x00000000e2a00000| PB 0x00000000e2900000| Untracked 
|  42|0x00000000e2a00000, 0x00000000e2b00000, 0x00000000e2b00000|100%| O|  |TAMS 0x00000000e2b00000| PB 0x00000000e2a00000| Untracked 
|  43|0x00000000e2b00000, 0x00000000e2c00000, 0x00000000e2c00000|100%| O|  |TAMS 0x00000000e2c00000| PB 0x00000000e2b00000| Untracked 
|  44|0x00000000e2c00000, 0x00000000e2d00000, 0x00000000e2d00000|100%| O|  |TAMS 0x00000000e2d00000| PB 0x00000000e2c00000| Untracked 
|  45|0x00000000e2d00000, 0x00000000e2e00000, 0x00000000e2e00000|100%| O|  |TAMS 0x00000000e2e00000| PB 0x00000000e2d00000| Updating 
|  46|0x00000000e2e00000, 0x00000000e2f00000, 0x00000000e2f00000|100%| O|  |TAMS 0x00000000e2f00000| PB 0x00000000e2e00000| Updating 
|  47|0x00000000e2f00000, 0x00000000e3000000, 0x00000000e3000000|100%| O|  |TAMS 0x00000000e3000000| PB 0x00000000e2f00000| Untracked 
|  48|0x00000000e3000000, 0x00000000e3100000, 0x00000000e3100000|100%| O|  |TAMS 0x00000000e3100000| PB 0x00000000e3000000| Updating 
|  49|0x00000000e3100000, 0x00000000e3200000, 0x00000000e3200000|100%| O|  |TAMS 0x00000000e3200000| PB 0x00000000e3100000| Untracked 
|  50|0x00000000e3200000, 0x00000000e3300000, 0x00000000e3300000|100%| O|  |TAMS 0x00000000e3300000| PB 0x00000000e3200000| Updating 
|  51|0x00000000e3300000, 0x00000000e3400000, 0x00000000e3400000|100%| O|  |TAMS 0x00000000e3400000| PB 0x00000000e3400000| Untracked 
|  52|0x00000000e3400000, 0x00000000e3500000, 0x00000000e3500000|100%| O|  |TAMS 0x00000000e3500000| PB 0x00000000e3500000| Untracked 
|  53|0x00000000e3500000, 0x00000000e3600000, 0x00000000e3600000|100%| O|  |TAMS 0x00000000e3600000| PB 0x00000000e3600000| Untracked 
|  54|0x00000000e3600000, 0x00000000e3700000, 0x00000000e3700000|100%| O|  |TAMS 0x00000000e3700000| PB 0x00000000e3700000| Untracked 
|  55|0x00000000e3700000, 0x00000000e3800000, 0x00000000e3800000|100%| O|  |TAMS 0x00000000e3800000| PB 0x00000000e3800000| Untracked 
|  56|0x00000000e3800000, 0x00000000e3900000, 0x00000000e3900000|100%| O|  |TAMS 0x00000000e3900000| PB 0x00000000e3900000| Untracked 
|  57|0x00000000e3900000, 0x00000000e39d5668, 0x00000000e3a00000| 83%| O|  |TAMS 0x00000000e39d5668| PB 0x00000000e39d5668| Updating 
|  58|0x00000000e3a00000, 0x00000000e3a00000, 0x00000000e3b00000|  0%| F|  |TAMS 0x00000000e3a00000| PB 0x00000000e3a00000| Untracked 
|  59|0x00000000e3b00000, 0x00000000e3b00000, 0x00000000e3c00000|  0%| F|  |TAMS 0x00000000e3b00000| PB 0x00000000e3b00000| Untracked 
|  60|0x00000000e3c00000, 0x00000000e3c00000, 0x00000000e3d00000|  0%| F|  |TAMS 0x00000000e3c00000| PB 0x00000000e3c00000| Untracked 
|  61|0x00000000e3d00000, 0x00000000e3d00000, 0x00000000e3e00000|  0%| F|  |TAMS 0x00000000e3d00000| PB 0x00000000e3d00000| Untracked 
|  62|0x00000000e3e00000, 0x00000000e3e00000, 0x00000000e3f00000|  0%| F|  |TAMS 0x00000000e3e00000| PB 0x00000000e3e00000| Untracked 
|  63|0x00000000e3f00000, 0x00000000e3f00000, 0x00000000e4000000|  0%| F|  |TAMS 0x00000000e3f00000| PB 0x00000000e3f00000| Untracked 
|  64|0x00000000e4000000, 0x00000000e4000000, 0x00000000e4100000|  0%| F|  |TAMS 0x00000000e4000000| PB 0x00000000e4000000| Untracked 
|  65|0x00000000e4100000, 0x00000000e4100000, 0x00000000e4200000|  0%| F|  |TAMS 0x00000000e4100000| PB 0x00000000e4100000| Untracked 
|  66|0x00000000e4200000, 0x00000000e4200000, 0x00000000e4300000|  0%| F|  |TAMS 0x00000000e4200000| PB 0x00000000e4200000| Untracked 
|  67|0x00000000e4300000, 0x00000000e4300000, 0x00000000e4400000|  0%| F|  |TAMS 0x00000000e4300000| PB 0x00000000e4300000| Untracked 
|  68|0x00000000e4400000, 0x00000000e4400000, 0x00000000e4500000|  0%| F|  |TAMS 0x00000000e4400000| PB 0x00000000e4400000| Untracked 
|  69|0x00000000e4500000, 0x00000000e4500000, 0x00000000e4600000|  0%| F|  |TAMS 0x00000000e4500000| PB 0x00000000e4500000| Untracked 
|  70|0x00000000e4600000, 0x00000000e4600000, 0x00000000e4700000|  0%| F|  |TAMS 0x00000000e4600000| PB 0x00000000e4600000| Untracked 
|  71|0x00000000e4700000, 0x00000000e4700000, 0x00000000e4800000|  0%| F|  |TAMS 0x00000000e4700000| PB 0x00000000e4700000| Untracked 
|  72|0x00000000e4800000, 0x00000000e4800000, 0x00000000e4900000|  0%| F|  |TAMS 0x00000000e4800000| PB 0x00000000e4800000| Untracked 
|  73|0x00000000e4900000, 0x00000000e4900000, 0x00000000e4a00000|  0%| F|  |TAMS 0x00000000e4900000| PB 0x00000000e4900000| Untracked 
|  74|0x00000000e4a00000, 0x00000000e4a00000, 0x00000000e4b00000|  0%| F|  |TAMS 0x00000000e4a00000| PB 0x00000000e4a00000| Untracked 
|  75|0x00000000e4b00000, 0x00000000e4b00000, 0x00000000e4c00000|  0%| F|  |TAMS 0x00000000e4b00000| PB 0x00000000e4b00000| Untracked 
|  76|0x00000000e4c00000, 0x00000000e4c00000, 0x00000000e4d00000|  0%| F|  |TAMS 0x00000000e4c00000| PB 0x00000000e4c00000| Untracked 
|  77|0x00000000e4d00000, 0x00000000e4d00000, 0x00000000e4e00000|  0%| F|  |TAMS 0x00000000e4d00000| PB 0x00000000e4d00000| Untracked 
|  78|0x00000000e4e00000, 0x00000000e4e00000, 0x00000000e4f00000|  0%| F|  |TAMS 0x00000000e4e00000| PB 0x00000000e4e00000| Untracked 
|  79|0x00000000e4f00000, 0x00000000e4f00000, 0x00000000e5000000|  0%| F|  |TAMS 0x00000000e4f00000| PB 0x00000000e4f00000| Untracked 
|  80|0x00000000e5000000, 0x00000000e5000000, 0x00000000e5100000|  0%| F|  |TAMS 0x00000000e5000000| PB 0x00000000e5000000| Untracked 
|  81|0x00000000e5100000, 0x00000000e5100000, 0x00000000e5200000|  0%| F|  |TAMS 0x00000000e5100000| PB 0x00000000e5100000| Untracked 
|  82|0x00000000e5200000, 0x00000000e5200000, 0x00000000e5300000|  0%| F|  |TAMS 0x00000000e5200000| PB 0x00000000e5200000| Untracked 
|  83|0x00000000e5300000, 0x00000000e5300000, 0x00000000e5400000|  0%| F|  |TAMS 0x00000000e5300000| PB 0x00000000e5300000| Untracked 
|  84|0x00000000e5400000, 0x00000000e5400000, 0x00000000e5500000|  0%| F|  |TAMS 0x00000000e5400000| PB 0x00000000e5400000| Untracked 
|  85|0x00000000e5500000, 0x00000000e5500000, 0x00000000e5600000|  0%| F|  |TAMS 0x00000000e5500000| PB 0x00000000e5500000| Untracked 
|  86|0x00000000e5600000, 0x00000000e5600000, 0x00000000e5700000|  0%| F|  |TAMS 0x00000000e5600000| PB 0x00000000e5600000| Untracked 
|  87|0x00000000e5700000, 0x00000000e5700000, 0x00000000e5800000|  0%| F|  |TAMS 0x00000000e5700000| PB 0x00000000e5700000| Untracked 
|  88|0x00000000e5800000, 0x00000000e5800000, 0x00000000e5900000|  0%| F|  |TAMS 0x00000000e5800000| PB 0x00000000e5800000| Untracked 
|  89|0x00000000e5900000, 0x00000000e5900000, 0x00000000e5a00000|  0%| F|  |TAMS 0x00000000e5900000| PB 0x00000000e5900000| Untracked 
|  90|0x00000000e5a00000, 0x00000000e5a00000, 0x00000000e5b00000|  0%| F|  |TAMS 0x00000000e5a00000| PB 0x00000000e5a00000| Untracked 
|  91|0x00000000e5b00000, 0x00000000e5b00000, 0x00000000e5c00000|  0%| F|  |TAMS 0x00000000e5b00000| PB 0x00000000e5b00000| Untracked 
|  92|0x00000000e5c00000, 0x00000000e5c00000, 0x00000000e5d00000|  0%| F|  |TAMS 0x00000000e5c00000| PB 0x00000000e5c00000| Untracked 
|  93|0x00000000e5d00000, 0x00000000e5d00000, 0x00000000e5e00000|  0%| F|  |TAMS 0x00000000e5d00000| PB 0x00000000e5d00000| Untracked 
|  94|0x00000000e5e00000, 0x00000000e5e00000, 0x00000000e5f00000|  0%| F|  |TAMS 0x00000000e5e00000| PB 0x00000000e5e00000| Untracked 
|  95|0x00000000e5f00000, 0x00000000e5f00000, 0x00000000e6000000|  0%| F|  |TAMS 0x00000000e5f00000| PB 0x00000000e5f00000| Untracked 
|  96|0x00000000e6000000, 0x00000000e6000000, 0x00000000e6100000|  0%| F|  |TAMS 0x00000000e6000000| PB 0x00000000e6000000| Untracked 
|  97|0x00000000e6100000, 0x00000000e6100000, 0x00000000e6200000|  0%| F|  |TAMS 0x00000000e6100000| PB 0x00000000e6100000| Untracked 
|  98|0x00000000e6200000, 0x00000000e6200000, 0x00000000e6300000|  0%| F|  |TAMS 0x00000000e6200000| PB 0x00000000e6200000| Untracked 
|  99|0x00000000e6300000, 0x00000000e6300000, 0x00000000e6400000|  0%| F|  |TAMS 0x00000000e6300000| PB 0x00000000e6300000| Untracked 
| 100|0x00000000e6400000, 0x00000000e6400000, 0x00000000e6500000|  0%| F|  |TAMS 0x00000000e6400000| PB 0x00000000e6400000| Untracked 
| 101|0x00000000e6500000, 0x00000000e6500000, 0x00000000e6600000|  0%| F|  |TAMS 0x00000000e6500000| PB 0x00000000e6500000| Untracked 
| 102|0x00000000e6600000, 0x00000000e6600000, 0x00000000e6700000|  0%| F|  |TAMS 0x00000000e6600000| PB 0x00000000e6600000| Untracked 
| 103|0x00000000e6700000, 0x00000000e6700000, 0x00000000e6800000|  0%| F|  |TAMS 0x00000000e6700000| PB 0x00000000e6700000| Untracked 
| 104|0x00000000e6800000, 0x00000000e6800000, 0x00000000e6900000|  0%| F|  |TAMS 0x00000000e6800000| PB 0x00000000e6800000| Untracked 
| 105|0x00000000e6900000, 0x00000000e6900000, 0x00000000e6a00000|  0%| F|  |TAMS 0x00000000e6900000| PB 0x00000000e6900000| Untracked 
| 106|0x00000000e6a00000, 0x00000000e6a00000, 0x00000000e6b00000|  0%| F|  |TAMS 0x00000000e6a00000| PB 0x00000000e6a00000| Untracked 
| 107|0x00000000e6b00000, 0x00000000e6b00000, 0x00000000e6c00000|  0%| F|  |TAMS 0x00000000e6b00000| PB 0x00000000e6b00000| Untracked 
| 108|0x00000000e6c00000, 0x00000000e6c00000, 0x00000000e6d00000|  0%| F|  |TAMS 0x00000000e6c00000| PB 0x00000000e6c00000| Untracked 
| 109|0x00000000e6d00000, 0x00000000e6d00000, 0x00000000e6e00000|  0%| F|  |TAMS 0x00000000e6d00000| PB 0x00000000e6d00000| Untracked 
| 110|0x00000000e6e00000, 0x00000000e6e00000, 0x00000000e6f00000|  0%| F|  |TAMS 0x00000000e6e00000| PB 0x00000000e6e00000| Untracked 
| 111|0x00000000e6f00000, 0x00000000e6f00000, 0x00000000e7000000|  0%| F|  |TAMS 0x00000000e6f00000| PB 0x00000000e6f00000| Untracked 
| 112|0x00000000e7000000, 0x00000000e7000000, 0x00000000e7100000|  0%| F|  |TAMS 0x00000000e7000000| PB 0x00000000e7000000| Untracked 
| 113|0x00000000e7100000, 0x00000000e7100000, 0x00000000e7200000|  0%| F|  |TAMS 0x00000000e7100000| PB 0x00000000e7100000| Untracked 
| 114|0x00000000e7200000, 0x00000000e7200000, 0x00000000e7300000|  0%| F|  |TAMS 0x00000000e7200000| PB 0x00000000e7200000| Untracked 
| 115|0x00000000e7300000, 0x00000000e7300000, 0x00000000e7400000|  0%| F|  |TAMS 0x00000000e7300000| PB 0x00000000e7300000| Untracked 
| 116|0x00000000e7400000, 0x00000000e7400000, 0x00000000e7500000|  0%| F|  |TAMS 0x00000000e7400000| PB 0x00000000e7400000| Untracked 
| 117|0x00000000e7500000, 0x00000000e7500000, 0x00000000e7600000|  0%| F|  |TAMS 0x00000000e7500000| PB 0x00000000e7500000| Untracked 
| 118|0x00000000e7600000, 0x00000000e7600000, 0x00000000e7700000|  0%| F|  |TAMS 0x00000000e7600000| PB 0x00000000e7600000| Untracked 
| 119|0x00000000e7700000, 0x00000000e7700000, 0x00000000e7800000|  0%| F|  |TAMS 0x00000000e7700000| PB 0x00000000e7700000| Untracked 
| 120|0x00000000e7800000, 0x00000000e7800000, 0x00000000e7900000|  0%| F|  |TAMS 0x00000000e7800000| PB 0x00000000e7800000| Untracked 
| 121|0x00000000e7900000, 0x00000000e7900000, 0x00000000e7a00000|  0%| F|  |TAMS 0x00000000e7900000| PB 0x00000000e7900000| Untracked 
| 122|0x00000000e7a00000, 0x00000000e7a00000, 0x00000000e7b00000|  0%| F|  |TAMS 0x00000000e7a00000| PB 0x00000000e7a00000| Untracked 
| 123|0x00000000e7b00000, 0x00000000e7b00000, 0x00000000e7c00000|  0%| F|  |TAMS 0x00000000e7b00000| PB 0x00000000e7b00000| Untracked 
| 124|0x00000000e7c00000, 0x00000000e7c00000, 0x00000000e7d00000|  0%| F|  |TAMS 0x00000000e7c00000| PB 0x00000000e7c00000| Untracked 
| 125|0x00000000e7d00000, 0x00000000e7d00000, 0x00000000e7e00000|  0%| F|  |TAMS 0x00000000e7d00000| PB 0x00000000e7d00000| Untracked 
| 126|0x00000000e7e00000, 0x00000000e7e00000, 0x00000000e7f00000|  0%| F|  |TAMS 0x00000000e7e00000| PB 0x00000000e7e00000| Untracked 
| 127|0x00000000e7f00000, 0x00000000e7f00000, 0x00000000e8000000|  0%| F|  |TAMS 0x00000000e7f00000| PB 0x00000000e7f00000| Untracked 
| 128|0x00000000e8000000, 0x00000000e8000000, 0x00000000e8100000|  0%| F|  |TAMS 0x00000000e8000000| PB 0x00000000e8000000| Untracked 
| 129|0x00000000e8100000, 0x00000000e8100000, 0x00000000e8200000|  0%| F|  |TAMS 0x00000000e8100000| PB 0x00000000e8100000| Untracked 
| 130|0x00000000e8200000, 0x00000000e8200000, 0x00000000e8300000|  0%| F|  |TAMS 0x00000000e8200000| PB 0x00000000e8200000| Untracked 
| 131|0x00000000e8300000, 0x00000000e8300000, 0x00000000e8400000|  0%| F|  |TAMS 0x00000000e8300000| PB 0x00000000e8300000| Untracked 
| 132|0x00000000e8400000, 0x00000000e8400000, 0x00000000e8500000|  0%| F|  |TAMS 0x00000000e8400000| PB 0x00000000e8400000| Untracked 
| 133|0x00000000e8500000, 0x00000000e8500000, 0x00000000e8600000|  0%| F|  |TAMS 0x00000000e8500000| PB 0x00000000e8500000| Untracked 
| 134|0x00000000e8600000, 0x00000000e8600000, 0x00000000e8700000|  0%| F|  |TAMS 0x00000000e8600000| PB 0x00000000e8600000| Untracked 
| 135|0x00000000e8700000, 0x00000000e8700000, 0x00000000e8800000|  0%| F|  |TAMS 0x00000000e8700000| PB 0x00000000e8700000| Untracked 
| 136|0x00000000e8800000, 0x00000000e8800000, 0x00000000e8900000|  0%| F|  |TAMS 0x00000000e8800000| PB 0x00000000e8800000| Untracked 
| 137|0x00000000e8900000, 0x00000000e8900000, 0x00000000e8a00000|  0%| F|  |TAMS 0x00000000e8900000| PB 0x00000000e8900000| Untracked 
| 138|0x00000000e8a00000, 0x00000000e8a00000, 0x00000000e8b00000|  0%| F|  |TAMS 0x00000000e8a00000| PB 0x00000000e8a00000| Untracked 
| 139|0x00000000e8b00000, 0x00000000e8b00000, 0x00000000e8c00000|  0%| F|  |TAMS 0x00000000e8b00000| PB 0x00000000e8b00000| Untracked 
| 140|0x00000000e8c00000, 0x00000000e8c00000, 0x00000000e8d00000|  0%| F|  |TAMS 0x00000000e8c00000| PB 0x00000000e8c00000| Untracked 
| 141|0x00000000e8d00000, 0x00000000e8d00000, 0x00000000e8e00000|  0%| F|  |TAMS 0x00000000e8d00000| PB 0x00000000e8d00000| Untracked 
| 142|0x00000000e8e00000, 0x00000000e8e00000, 0x00000000e8f00000|  0%| F|  |TAMS 0x00000000e8e00000| PB 0x00000000e8e00000| Untracked 
| 143|0x00000000e8f00000, 0x00000000e8f00000, 0x00000000e9000000|  0%| F|  |TAMS 0x00000000e8f00000| PB 0x00000000e8f00000| Untracked 
| 144|0x00000000e9000000, 0x00000000e9000000, 0x00000000e9100000|  0%| F|  |TAMS 0x00000000e9000000| PB 0x00000000e9000000| Untracked 
| 145|0x00000000e9100000, 0x00000000e9100000, 0x00000000e9200000|  0%| F|  |TAMS 0x00000000e9100000| PB 0x00000000e9100000| Untracked 
| 146|0x00000000e9200000, 0x00000000e9200000, 0x00000000e9300000|  0%| F|  |TAMS 0x00000000e9200000| PB 0x00000000e9200000| Untracked 
| 147|0x00000000e9300000, 0x00000000e9300000, 0x00000000e9400000|  0%| F|  |TAMS 0x00000000e9300000| PB 0x00000000e9300000| Untracked 
| 148|0x00000000e9400000, 0x00000000e9400000, 0x00000000e9500000|  0%| F|  |TAMS 0x00000000e9400000| PB 0x00000000e9400000| Untracked 
| 149|0x00000000e9500000, 0x00000000e9500000, 0x00000000e9600000|  0%| F|  |TAMS 0x00000000e9500000| PB 0x00000000e9500000| Untracked 
| 150|0x00000000e9600000, 0x00000000e9600000, 0x00000000e9700000|  0%| F|  |TAMS 0x00000000e9600000| PB 0x00000000e9600000| Untracked 
| 151|0x00000000e9700000, 0x00000000e9700000, 0x00000000e9800000|  0%| F|  |TAMS 0x00000000e9700000| PB 0x00000000e9700000| Untracked 
| 152|0x00000000e9800000, 0x00000000e9800000, 0x00000000e9900000|  0%| F|  |TAMS 0x00000000e9800000| PB 0x00000000e9800000| Untracked 
| 153|0x00000000e9900000, 0x00000000e9900000, 0x00000000e9a00000|  0%| F|  |TAMS 0x00000000e9900000| PB 0x00000000e9900000| Untracked 
| 154|0x00000000e9a00000, 0x00000000e9a00000, 0x00000000e9b00000|  0%| F|  |TAMS 0x00000000e9a00000| PB 0x00000000e9a00000| Untracked 
| 155|0x00000000e9b00000, 0x00000000e9b00000, 0x00000000e9c00000|  0%| F|  |TAMS 0x00000000e9b00000| PB 0x00000000e9b00000| Untracked 
| 156|0x00000000e9c00000, 0x00000000e9c00000, 0x00000000e9d00000|  0%| F|  |TAMS 0x00000000e9c00000| PB 0x00000000e9c00000| Untracked 
| 157|0x00000000e9d00000, 0x00000000e9d00000, 0x00000000e9e00000|  0%| F|  |TAMS 0x00000000e9d00000| PB 0x00000000e9d00000| Untracked 
| 158|0x00000000e9e00000, 0x00000000e9e00000, 0x00000000e9f00000|  0%| F|  |TAMS 0x00000000e9e00000| PB 0x00000000e9e00000| Untracked 
| 159|0x00000000e9f00000, 0x00000000e9f00000, 0x00000000ea000000|  0%| F|  |TAMS 0x00000000e9f00000| PB 0x00000000e9f00000| Untracked 
| 160|0x00000000ea000000, 0x00000000ea000000, 0x00000000ea100000|  0%| F|  |TAMS 0x00000000ea000000| PB 0x00000000ea000000| Untracked 
| 161|0x00000000ea100000, 0x00000000ea100000, 0x00000000ea200000|  0%| F|  |TAMS 0x00000000ea100000| PB 0x00000000ea100000| Untracked 
| 162|0x00000000ea200000, 0x00000000ea200000, 0x00000000ea300000|  0%| F|  |TAMS 0x00000000ea200000| PB 0x00000000ea200000| Untracked 
| 163|0x00000000ea300000, 0x00000000ea300000, 0x00000000ea400000|  0%| F|  |TAMS 0x00000000ea300000| PB 0x00000000ea300000| Untracked 
| 164|0x00000000ea400000, 0x00000000ea400000, 0x00000000ea500000|  0%| F|  |TAMS 0x00000000ea400000| PB 0x00000000ea400000| Untracked 
| 165|0x00000000ea500000, 0x00000000ea500000, 0x00000000ea600000|  0%| F|  |TAMS 0x00000000ea500000| PB 0x00000000ea500000| Untracked 
| 166|0x00000000ea600000, 0x00000000ea600000, 0x00000000ea700000|  0%| F|  |TAMS 0x00000000ea600000| PB 0x00000000ea600000| Untracked 
| 167|0x00000000ea700000, 0x00000000ea700000, 0x00000000ea800000|  0%| F|  |TAMS 0x00000000ea700000| PB 0x00000000ea700000| Untracked 
| 168|0x00000000ea800000, 0x00000000ea800000, 0x00000000ea900000|  0%| F|  |TAMS 0x00000000ea800000| PB 0x00000000ea800000| Untracked 
| 169|0x00000000ea900000, 0x00000000ea900000, 0x00000000eaa00000|  0%| F|  |TAMS 0x00000000ea900000| PB 0x00000000ea900000| Untracked 
| 170|0x00000000eaa00000, 0x00000000eaa00000, 0x00000000eab00000|  0%| F|  |TAMS 0x00000000eaa00000| PB 0x00000000eaa00000| Untracked 
| 171|0x00000000eab00000, 0x00000000eab00000, 0x00000000eac00000|  0%| F|  |TAMS 0x00000000eab00000| PB 0x00000000eab00000| Untracked 
| 172|0x00000000eac00000, 0x00000000eac00000, 0x00000000ead00000|  0%| F|  |TAMS 0x00000000eac00000| PB 0x00000000eac00000| Untracked 
| 173|0x00000000ead00000, 0x00000000ead00000, 0x00000000eae00000|  0%| F|  |TAMS 0x00000000ead00000| PB 0x00000000ead00000| Untracked 
| 174|0x00000000eae00000, 0x00000000eae00000, 0x00000000eaf00000|  0%| F|  |TAMS 0x00000000eae00000| PB 0x00000000eae00000| Untracked 
| 175|0x00000000eaf00000, 0x00000000eaf00000, 0x00000000eb000000|  0%| F|  |TAMS 0x00000000eaf00000| PB 0x00000000eaf00000| Untracked 
| 176|0x00000000eb000000, 0x00000000eb000000, 0x00000000eb100000|  0%| F|  |TAMS 0x00000000eb000000| PB 0x00000000eb000000| Untracked 
| 177|0x00000000eb100000, 0x00000000eb100000, 0x00000000eb200000|  0%| F|  |TAMS 0x00000000eb100000| PB 0x00000000eb100000| Untracked 
| 178|0x00000000eb200000, 0x00000000eb200000, 0x00000000eb300000|  0%| F|  |TAMS 0x00000000eb200000| PB 0x00000000eb200000| Untracked 
| 179|0x00000000eb300000, 0x00000000eb300000, 0x00000000eb400000|  0%| F|  |TAMS 0x00000000eb300000| PB 0x00000000eb300000| Untracked 
| 180|0x00000000eb400000, 0x00000000eb400000, 0x00000000eb500000|  0%| F|  |TAMS 0x00000000eb400000| PB 0x00000000eb400000| Untracked 
| 181|0x00000000eb500000, 0x00000000eb500000, 0x00000000eb600000|  0%| F|  |TAMS 0x00000000eb500000| PB 0x00000000eb500000| Untracked 
| 182|0x00000000eb600000, 0x00000000eb600000, 0x00000000eb700000|  0%| F|  |TAMS 0x00000000eb600000| PB 0x00000000eb600000| Untracked 
| 183|0x00000000eb700000, 0x00000000eb700000, 0x00000000eb800000|  0%| F|  |TAMS 0x00000000eb700000| PB 0x00000000eb700000| Untracked 
| 184|0x00000000eb800000, 0x00000000eb800000, 0x00000000eb900000|  0%| F|  |TAMS 0x00000000eb800000| PB 0x00000000eb800000| Untracked 
| 185|0x00000000eb900000, 0x00000000eb900000, 0x00000000eba00000|  0%| F|  |TAMS 0x00000000eb900000| PB 0x00000000eb900000| Untracked 
| 186|0x00000000eba00000, 0x00000000eba00000, 0x00000000ebb00000|  0%| F|  |TAMS 0x00000000eba00000| PB 0x00000000eba00000| Untracked 
| 187|0x00000000ebb00000, 0x00000000ebb00000, 0x00000000ebc00000|  0%| F|  |TAMS 0x00000000ebb00000| PB 0x00000000ebb00000| Untracked 
| 188|0x00000000ebc00000, 0x00000000ebc00000, 0x00000000ebd00000|  0%| F|  |TAMS 0x00000000ebc00000| PB 0x00000000ebc00000| Untracked 
| 189|0x00000000ebd00000, 0x00000000ebd00000, 0x00000000ebe00000|  0%| F|  |TAMS 0x00000000ebd00000| PB 0x00000000ebd00000| Untracked 
| 190|0x00000000ebe00000, 0x00000000ebe00000, 0x00000000ebf00000|  0%| F|  |TAMS 0x00000000ebe00000| PB 0x00000000ebe00000| Untracked 
| 191|0x00000000ebf00000, 0x00000000ebf00000, 0x00000000ec000000|  0%| F|  |TAMS 0x00000000ebf00000| PB 0x00000000ebf00000| Untracked 
| 192|0x00000000ec000000, 0x00000000ec000000, 0x00000000ec100000|  0%| F|  |TAMS 0x00000000ec000000| PB 0x00000000ec000000| Untracked 
| 193|0x00000000ec100000, 0x00000000ec100000, 0x00000000ec200000|  0%| F|  |TAMS 0x00000000ec100000| PB 0x00000000ec100000| Untracked 
| 194|0x00000000ec200000, 0x00000000ec200000, 0x00000000ec300000|  0%| F|  |TAMS 0x00000000ec200000| PB 0x00000000ec200000| Untracked 
| 195|0x00000000ec300000, 0x00000000ec300000, 0x00000000ec400000|  0%| F|  |TAMS 0x00000000ec300000| PB 0x00000000ec300000| Untracked 
| 196|0x00000000ec400000, 0x00000000ec400000, 0x00000000ec500000|  0%| F|  |TAMS 0x00000000ec400000| PB 0x00000000ec400000| Untracked 
| 197|0x00000000ec500000, 0x00000000ec500000, 0x00000000ec600000|  0%| F|  |TAMS 0x00000000ec500000| PB 0x00000000ec500000| Untracked 
| 198|0x00000000ec600000, 0x00000000ec600000, 0x00000000ec700000|  0%| F|  |TAMS 0x00000000ec600000| PB 0x00000000ec600000| Untracked 
| 199|0x00000000ec700000, 0x00000000ec700000, 0x00000000ec800000|  0%| F|  |TAMS 0x00000000ec700000| PB 0x00000000ec700000| Untracked 
| 200|0x00000000ec800000, 0x00000000ec800000, 0x00000000ec900000|  0%| F|  |TAMS 0x00000000ec800000| PB 0x00000000ec800000| Untracked 
| 201|0x00000000ec900000, 0x00000000ec900000, 0x00000000eca00000|  0%| F|  |TAMS 0x00000000ec900000| PB 0x00000000ec900000| Untracked 
| 202|0x00000000eca00000, 0x00000000eca00000, 0x00000000ecb00000|  0%| F|  |TAMS 0x00000000eca00000| PB 0x00000000eca00000| Untracked 
| 203|0x00000000ecb00000, 0x00000000ecb00000, 0x00000000ecc00000|  0%| F|  |TAMS 0x00000000ecb00000| PB 0x00000000ecb00000| Untracked 
| 204|0x00000000ecc00000, 0x00000000ecc00000, 0x00000000ecd00000|  0%| F|  |TAMS 0x00000000ecc00000| PB 0x00000000ecc00000| Untracked 
| 205|0x00000000ecd00000, 0x00000000ecd00000, 0x00000000ece00000|  0%| F|  |TAMS 0x00000000ecd00000| PB 0x00000000ecd00000| Untracked 
| 206|0x00000000ece00000, 0x00000000ece00000, 0x00000000ecf00000|  0%| F|  |TAMS 0x00000000ece00000| PB 0x00000000ece00000| Untracked 
| 207|0x00000000ecf00000, 0x00000000ecf00000, 0x00000000ed000000|  0%| F|  |TAMS 0x00000000ecf00000| PB 0x00000000ecf00000| Untracked 
| 208|0x00000000ed000000, 0x00000000ed000000, 0x00000000ed100000|  0%| F|  |TAMS 0x00000000ed000000| PB 0x00000000ed000000| Untracked 
| 209|0x00000000ed100000, 0x00000000ed100000, 0x00000000ed200000|  0%| F|  |TAMS 0x00000000ed100000| PB 0x00000000ed100000| Untracked 
| 210|0x00000000ed200000, 0x00000000ed200000, 0x00000000ed300000|  0%| F|  |TAMS 0x00000000ed200000| PB 0x00000000ed200000| Untracked 
| 211|0x00000000ed300000, 0x00000000ed300000, 0x00000000ed400000|  0%| F|  |TAMS 0x00000000ed300000| PB 0x00000000ed300000| Untracked 
| 212|0x00000000ed400000, 0x00000000ed400000, 0x00000000ed500000|  0%| F|  |TAMS 0x00000000ed400000| PB 0x00000000ed400000| Untracked 
| 213|0x00000000ed500000, 0x00000000ed500000, 0x00000000ed600000|  0%| F|  |TAMS 0x00000000ed500000| PB 0x00000000ed500000| Untracked 
| 214|0x00000000ed600000, 0x00000000ed600000, 0x00000000ed700000|  0%| F|  |TAMS 0x00000000ed600000| PB 0x00000000ed600000| Untracked 
| 215|0x00000000ed700000, 0x00000000ed700000, 0x00000000ed800000|  0%| F|  |TAMS 0x00000000ed700000| PB 0x00000000ed700000| Untracked 
| 216|0x00000000ed800000, 0x00000000ed800000, 0x00000000ed900000|  0%| F|  |TAMS 0x00000000ed800000| PB 0x00000000ed800000| Untracked 
| 217|0x00000000ed900000, 0x00000000ed900000, 0x00000000eda00000|  0%| F|  |TAMS 0x00000000ed900000| PB 0x00000000ed900000| Untracked 
| 218|0x00000000eda00000, 0x00000000eda00000, 0x00000000edb00000|  0%| F|  |TAMS 0x00000000eda00000| PB 0x00000000eda00000| Untracked 
| 219|0x00000000edb00000, 0x00000000edb00000, 0x00000000edc00000|  0%| F|  |TAMS 0x00000000edb00000| PB 0x00000000edb00000| Untracked 
| 220|0x00000000edc00000, 0x00000000edc00000, 0x00000000edd00000|  0%| F|  |TAMS 0x00000000edc00000| PB 0x00000000edc00000| Untracked 
| 221|0x00000000edd00000, 0x00000000edd00000, 0x00000000ede00000|  0%| F|  |TAMS 0x00000000edd00000| PB 0x00000000edd00000| Untracked 
| 222|0x00000000ede00000, 0x00000000ede00000, 0x00000000edf00000|  0%| F|  |TAMS 0x00000000ede00000| PB 0x00000000ede00000| Untracked 
| 223|0x00000000edf00000, 0x00000000edf00000, 0x00000000ee000000|  0%| F|  |TAMS 0x00000000edf00000| PB 0x00000000edf00000| Untracked 
| 224|0x00000000ee000000, 0x00000000ee000000, 0x00000000ee100000|  0%| F|  |TAMS 0x00000000ee000000| PB 0x00000000ee000000| Untracked 
| 225|0x00000000ee100000, 0x00000000ee100000, 0x00000000ee200000|  0%| F|  |TAMS 0x00000000ee100000| PB 0x00000000ee100000| Untracked 
| 226|0x00000000ee200000, 0x00000000ee200000, 0x00000000ee300000|  0%| F|  |TAMS 0x00000000ee200000| PB 0x00000000ee200000| Untracked 
| 227|0x00000000ee300000, 0x00000000ee300000, 0x00000000ee400000|  0%| F|  |TAMS 0x00000000ee300000| PB 0x00000000ee300000| Untracked 
| 228|0x00000000ee400000, 0x00000000ee400000, 0x00000000ee500000|  0%| F|  |TAMS 0x00000000ee400000| PB 0x00000000ee400000| Untracked 
| 229|0x00000000ee500000, 0x00000000ee500000, 0x00000000ee600000|  0%| F|  |TAMS 0x00000000ee500000| PB 0x00000000ee500000| Untracked 
| 230|0x00000000ee600000, 0x00000000ee600000, 0x00000000ee700000|  0%| F|  |TAMS 0x00000000ee600000| PB 0x00000000ee600000| Untracked 
| 231|0x00000000ee700000, 0x00000000ee700000, 0x00000000ee800000|  0%| F|  |TAMS 0x00000000ee700000| PB 0x00000000ee700000| Untracked 
| 232|0x00000000ee800000, 0x00000000ee800000, 0x00000000ee900000|  0%| F|  |TAMS 0x00000000ee800000| PB 0x00000000ee800000| Untracked 
| 233|0x00000000ee900000, 0x00000000ee900000, 0x00000000eea00000|  0%| F|  |TAMS 0x00000000ee900000| PB 0x00000000ee900000| Untracked 
| 234|0x00000000eea00000, 0x00000000eea00000, 0x00000000eeb00000|  0%| F|  |TAMS 0x00000000eea00000| PB 0x00000000eea00000| Untracked 
| 235|0x00000000eeb00000, 0x00000000eeb00000, 0x00000000eec00000|  0%| F|  |TAMS 0x00000000eeb00000| PB 0x00000000eeb00000| Untracked 
| 236|0x00000000eec00000, 0x00000000eec00000, 0x00000000eed00000|  0%| F|  |TAMS 0x00000000eec00000| PB 0x00000000eec00000| Untracked 
| 237|0x00000000eed00000, 0x00000000eed00000, 0x00000000eee00000|  0%| F|  |TAMS 0x00000000eed00000| PB 0x00000000eed00000| Untracked 
| 238|0x00000000eee00000, 0x00000000eee00000, 0x00000000eef00000|  0%| F|  |TAMS 0x00000000eee00000| PB 0x00000000eee00000| Untracked 
| 239|0x00000000eef00000, 0x00000000eef00000, 0x00000000ef000000|  0%| F|  |TAMS 0x00000000eef00000| PB 0x00000000eef00000| Untracked 
| 240|0x00000000ef000000, 0x00000000ef000000, 0x00000000ef100000|  0%| F|  |TAMS 0x00000000ef000000| PB 0x00000000ef000000| Untracked 
| 241|0x00000000ef100000, 0x00000000ef100000, 0x00000000ef200000|  0%| F|  |TAMS 0x00000000ef100000| PB 0x00000000ef100000| Untracked 
| 242|0x00000000ef200000, 0x00000000ef200000, 0x00000000ef300000|  0%| F|  |TAMS 0x00000000ef200000| PB 0x00000000ef200000| Untracked 
| 243|0x00000000ef300000, 0x00000000ef300000, 0x00000000ef400000|  0%| F|  |TAMS 0x00000000ef300000| PB 0x00000000ef300000| Untracked 
| 244|0x00000000ef400000, 0x00000000ef400000, 0x00000000ef500000|  0%| F|  |TAMS 0x00000000ef400000| PB 0x00000000ef400000| Untracked 
| 245|0x00000000ef500000, 0x00000000ef500000, 0x00000000ef600000|  0%| F|  |TAMS 0x00000000ef500000| PB 0x00000000ef500000| Untracked 
| 246|0x00000000ef600000, 0x00000000ef600000, 0x00000000ef700000|  0%| F|  |TAMS 0x00000000ef600000| PB 0x00000000ef600000| Untracked 
| 247|0x00000000ef700000, 0x00000000ef700000, 0x00000000ef800000|  0%| F|  |TAMS 0x00000000ef700000| PB 0x00000000ef700000| Untracked 
| 248|0x00000000ef800000, 0x00000000ef800000, 0x00000000ef900000|  0%| F|  |TAMS 0x00000000ef800000| PB 0x00000000ef800000| Untracked 
| 249|0x00000000ef900000, 0x00000000ef900000, 0x00000000efa00000|  0%| F|  |TAMS 0x00000000ef900000| PB 0x00000000ef900000| Untracked 
| 250|0x00000000efa00000, 0x00000000efab7da0, 0x00000000efb00000| 71%| S|CS|TAMS 0x00000000efa00000| PB 0x00000000efa00000| Complete 
| 251|0x00000000efb00000, 0x00000000efc00000, 0x00000000efc00000|100%| S|CS|TAMS 0x00000000efb00000| PB 0x00000000efb00000| Complete 
| 252|0x00000000efc00000, 0x00000000efc00000, 0x00000000efd00000|  0%| F|  |TAMS 0x00000000efc00000| PB 0x00000000efc00000| Untracked 
| 253|0x00000000efd00000, 0x00000000efd00000, 0x00000000efe00000|  0%| F|  |TAMS 0x00000000efd00000| PB 0x00000000efd00000| Untracked 
| 254|0x00000000efe00000, 0x00000000efe00000, 0x00000000eff00000|  0%| F|  |TAMS 0x00000000efe00000| PB 0x00000000efe00000| Untracked 
| 255|0x00000000eff00000, 0x00000000effa1ce0, 0x00000000f0000000| 63%| E|  |TAMS 0x00000000eff00000| PB 0x00000000eff00000| Complete 

Card table byte_map: [0x0000021bb1ed0000,0x0000021bb1fd0000] _byte_map_base: 0x0000021bb17d0000

Marking Bits: (CMBitMap*) 0x0000021b9aa4c250
 Bits: [0x0000021bb1fd0000, 0x0000021bb27d0000)

Polling page: 0x0000021b9a1f0000

Metaspace:

Usage:
  Non-class:     29.80 MB used.
      Class:      4.96 MB used.
       Both:     34.76 MB used.

Virtual space:
  Non-class space:       64.00 MB reserved,      30.44 MB ( 48%) committed,  1 nodes.
      Class space:      320.00 MB reserved,       5.56 MB (  2%) committed,  1 nodes.
             Both:      384.00 MB reserved,      36.00 MB (  9%) committed. 

Chunk freelists:
   Non-Class:  1.36 MB
       Class:  10.47 MB
        Both:  11.83 MB

MaxMetaspaceSize: 384.00 MB
CompressedClassSpaceSize: 320.00 MB
Initial GC threshold: 21.00 MB
Current GC threshold: 60.00 MB
CDS: on
 - commit_granule_bytes: 65536.
 - commit_granule_words: 8192.
 - virtual_space_node_default_size: 8388608.
 - enlarge_chunks_in_place: 1.
 - use_allocation_guard: 0.


Internal statistics:

num_allocs_failed_limit: 12.
num_arena_births: 2134.
num_arena_deaths: 0.
num_vsnodes_births: 2.
num_vsnodes_deaths: 0.
num_space_committed: 576.
num_space_uncommitted: 0.
num_chunks_returned_to_freelist: 12.
num_chunks_taken_from_freelist: 3688.
num_chunk_merges: 12.
num_chunk_splits: 2401.
num_chunks_enlarged: 1472.
num_inconsistent_stats: 0.

CodeHeap 'non-profiled nmethods': size=120000Kb used=1972Kb max_used=2298Kb free=118027Kb
 bounds [0x0000021baa9a0000, 0x0000021baac10000, 0x0000021bb1ed0000]
CodeHeap 'profiled nmethods': size=120000Kb used=6961Kb max_used=8169Kb free=113038Kb
 bounds [0x0000021ba2ed0000, 0x0000021ba36d0000, 0x0000021baa400000]
CodeHeap 'non-nmethods': size=5760Kb used=1904Kb max_used=1920Kb free=3855Kb
 bounds [0x0000021baa400000, 0x0000021baa670000, 0x0000021baa9a0000]
 total_blobs=4263 nmethods=3584 adapters=583
 compilation: enabled
              stopped_count=0, restarted_count=0
 full_count=0

Compilation events (20 events):
Event: 15.639 Thread 0x0000021bb4df1f20 nmethod 4028 0x0000021ba36bc810 code [0x0000021ba36bc9e0, 0x0000021ba36bcc58]
Event: 15.639 Thread 0x0000021bb4df1f20 4029       3       java.time.LocalDate::compareTo0 (40 bytes)
Event: 15.639 Thread 0x0000021bb4df1f20 nmethod 4029 0x0000021ba36bcd90 code [0x0000021ba36bcf40, 0x0000021ba36bd0d8]
Event: 15.640 Thread 0x0000021bb4df1f20 4030       3       jdk.nio.zipfs.ZipConstants::LG (22 bytes)
Event: 15.640 Thread 0x0000021bb4df1f20 nmethod 4030 0x0000021ba36bd190 code [0x0000021ba36bd360, 0x0000021ba36bd738]
Event: 15.640 Thread 0x0000021bb4df1f20 4031   !   3       java.util.regex.Pattern::<init> (144 bytes)
Event: 15.642 Thread 0x0000021bb4df1f20 nmethod 4031 0x0000021ba36bd910 code [0x0000021ba36bdc20, 0x0000021ba36bec90]
Event: 15.642 Thread 0x0000021bb4df1f20 4032       3       java.util.regex.Pattern$CharProperty::study (29 bytes)
Event: 15.642 Thread 0x0000021bb4df1f20 nmethod 4032 0x0000021ba36bf210 code [0x0000021ba36bf3c0, 0x0000021ba36bf5b8]
Event: 15.643 Thread 0x0000021bb4df1f20 4033       1       java.util.concurrent.locks.ReentrantReadWriteLock::readLock (5 bytes)
Event: 15.643 Thread 0x0000021bb4df1f20 nmethod 4033 0x0000021baabdd090 code [0x0000021baabdd220, 0x0000021baabdd2e8]
Event: 15.644 Thread 0x0000021bb4df1f20 4034       3       java.nio.file.Files::readAttributes (11 bytes)
Event: 15.644 Thread 0x0000021bb4df1f20 nmethod 4034 0x0000021ba36bf690 code [0x0000021ba36bf860, 0x0000021ba36bfc20]
Event: 15.645 Thread 0x0000021bb4df1f20 4035       3       jdk.nio.zipfs.ZipFileSystem$IndexNode::<init> (10 bytes)
Event: 15.645 Thread 0x0000021bb4df1f20 nmethod 4035 0x0000021ba36bfd90 code [0x0000021ba36bff40, 0x0000021ba36c00b0]
Event: 15.647 Thread 0x0000021bb4df1f20 4036       3       java.time.LocalDateTime::<init> (15 bytes)
Event: 15.647 Thread 0x0000021bb4df1f20 nmethod 4036 0x0000021ba36c0190 code [0x0000021ba36c0340, 0x0000021ba36c0560]
Event: 15.648 Thread 0x0000021bcec31000 4037       4       java.util.regex.Pattern::has (15 bytes)
Event: 15.648 Thread 0x0000021bcec31000 nmethod 4037 0x0000021baabdd390 code [0x0000021baabdd520, 0x0000021baabdd5c8]
Event: 15.649 Thread 0x0000021bb4df1f20 4038       3       java.util.Arrays::copyOf (33 bytes)

GC Heap History (14 events):
Event: 0.928 GC heap before
{Heap before GC invocations=0 (full 0):
 garbage-first heap   total 262144K, used 12288K [0x00000000e0000000, 0x0000000100000000)
  region size 1024K, 13 young (13312K), 0 survivors (0K)
 Metaspace       used 1011K, committed 1152K, reserved 393216K
  class space    used 80K, committed 128K, reserved 327680K
}
Event: 0.936 GC heap after
{Heap after GC invocations=1 (full 0):
 garbage-first heap   total 262144K, used 3120K [0x00000000e0000000, 0x0000000100000000)
  region size 1024K, 2 young (2048K), 2 survivors (2048K)
 Metaspace       used 1011K, committed 1152K, reserved 393216K
  class space    used 80K, committed 128K, reserved 327680K
}
Event: 2.952 GC heap before
{Heap before GC invocations=1 (full 0):
 garbage-first heap   total 262144K, used 26672K [0x00000000e0000000, 0x0000000100000000)
  region size 1024K, 22 young (22528K), 2 survivors (2048K)
 Metaspace       used 4088K, committed 4288K, reserved 393216K
  class space    used 495K, committed 576K, reserved 327680K
}
Event: 2.956 GC heap after
{Heap after GC invocations=2 (full 0):
 garbage-first heap   total 262144K, used 10864K [0x00000000e0000000, 0x0000000100000000)
  region size 1024K, 3 young (3072K), 3 survivors (3072K)
 Metaspace       used 4088K, committed 4288K, reserved 393216K
  class space    used 495K, committed 576K, reserved 327680K
}
Event: 3.636 GC heap before
{Heap before GC invocations=2 (full 0):
 garbage-first heap   total 262144K, used 36464K [0x00000000e0000000, 0x0000000100000000)
  region size 1024K, 28 young (28672K), 3 survivors (3072K)
 Metaspace       used 4215K, committed 4352K, reserved 393216K
  class space    used 497K, committed 576K, reserved 327680K
}
Event: 3.640 GC heap after
{Heap after GC invocations=3 (full 0):
 garbage-first heap   total 262144K, used 14906K [0x00000000e0000000, 0x0000000100000000)
  region size 1024K, 4 young (4096K), 4 survivors (4096K)
 Metaspace       used 4215K, committed 4352K, reserved 393216K
  class space    used 497K, committed 576K, reserved 327680K
}
Event: 10.780 GC heap before
{Heap before GC invocations=3 (full 0):
 garbage-first heap   total 262144K, used 112186K [0x00000000e0000000, 0x0000000100000000)
  region size 1024K, 101 young (103424K), 4 survivors (4096K)
 Metaspace       used 20893K, committed 21504K, reserved 393216K
  class space    used 3012K, committed 3328K, reserved 327680K
}
Event: 10.795 GC heap after
{Heap after GC invocations=4 (full 0):
 garbage-first heap   total 262144K, used 23242K [0x00000000e0000000, 0x0000000100000000)
  region size 1024K, 12 young (12288K), 12 survivors (12288K)
 Metaspace       used 20893K, committed 21504K, reserved 393216K
  class space    used 3012K, committed 3328K, reserved 327680K
}
Event: 15.299 GC heap before
{Heap before GC invocations=5 (full 0):
 garbage-first heap   total 262144K, used 141002K [0x00000000e0000000, 0x0000000100000000)
  region size 1024K, 105 young (107520K), 12 survivors (12288K)
 Metaspace       used 34855K, committed 36160K, reserved 393216K
  class space    used 5024K, committed 5696K, reserved 327680K
}
Event: 15.362 GC heap after
{Heap after GC invocations=6 (full 0):
 garbage-first heap   total 262144K, used 57754K [0x00000000e0000000, 0x0000000100000000)
  region size 1024K, 10 young (10240K), 10 survivors (10240K)
 Metaspace       used 34855K, committed 36160K, reserved 393216K
  class space    used 5024K, committed 5696K, reserved 327680K
}
Event: 15.452 GC heap before
{Heap before GC invocations=6 (full 0):
 garbage-first heap   total 262144K, used 57754K [0x00000000e0000000, 0x0000000100000000)
  region size 1024K, 12 young (12288K), 10 survivors (10240K)
 Metaspace       used 35225K, committed 36480K, reserved 393216K
  class space    used 5039K, committed 5696K, reserved 327680K
}
Event: 15.471 GC heap after
{Heap after GC invocations=7 (full 0):
 garbage-first heap   total 262144K, used 59221K [0x00000000e0000000, 0x0000000100000000)
  region size 1024K, 1 young (1024K), 1 survivors (1024K)
 Metaspace       used 35225K, committed 36480K, reserved 393216K
  class space    used 5039K, committed 5696K, reserved 327680K
}
Event: 15.590 GC heap before
{Heap before GC invocations=7 (full 0):
 garbage-first heap   total 262144K, used 60245K [0x00000000e0000000, 0x0000000100000000)
  region size 1024K, 4 young (4096K), 1 survivors (1024K)
 Metaspace       used 35574K, committed 36800K, reserved 393216K
  class space    used 5078K, committed 5696K, reserved 327680K
}
Event: 15.592 GC heap after
{Heap after GC invocations=8 (full 0):
 garbage-first heap   total 262144K, used 59957K [0x00000000e0000000, 0x0000000100000000)
  region size 1024K, 2 young (2048K), 2 survivors (2048K)
 Metaspace       used 35574K, committed 36800K, reserved 393216K
  class space    used 5078K, committed 5696K, reserved 327680K
}

Dll operation events (15 events):
Event: 0.048 Loaded shared library C:\Program Files\Java\jdk-21.0.10\bin\java.dll
Event: 0.087 Loaded shared library C:\Program Files\Java\jdk-21.0.10\bin\jsvml.dll
Event: 0.184 Loaded shared library C:\Program Files\Java\jdk-21.0.10\bin\zip.dll
Event: 0.204 Loaded shared library C:\Program Files\Java\jdk-21.0.10\bin\instrument.dll
Event: 0.223 Loaded shared library C:\Program Files\Java\jdk-21.0.10\bin\net.dll
Event: 0.234 Loaded shared library C:\Program Files\Java\jdk-21.0.10\bin\nio.dll
Event: 0.241 Loaded shared library C:\Program Files\Java\jdk-21.0.10\bin\zip.dll
Event: 0.691 Loaded shared library C:\Program Files\Java\jdk-21.0.10\bin\jimage.dll
Event: 0.974 Loaded shared library C:\Program Files\Java\jdk-21.0.10\bin\verify.dll
Event: 1.793 Loaded shared library C:\Users\Sarobidy\.gradle\native\c067742578af261105cb4f569cf0c3c89f3d7b1fecec35dd04571415982c5e48\windows-amd64\native-platform.dll
Event: 1.868 Loaded shared library C:\Users\Sarobidy\.gradle\native\38dada09dfb8b06ba9b0570ebf7e218e3eb74d4ef43ca46872605cf95ebc2f47\windows-amd64\native-platform-file-events.dll
Event: 5.088 Loaded shared library C:\Program Files\Java\jdk-21.0.10\bin\management.dll
Event: 5.102 Loaded shared library C:\Program Files\Java\jdk-21.0.10\bin\management_ext.dll
Event: 5.807 Loaded shared library C:\Program Files\Java\jdk-21.0.10\bin\extnet.dll
Event: 6.292 Loaded shared library C:\Program Files\Java\jdk-21.0.10\bin\sunmscapi.dll

Deoptimization events (20 events):
Event: 14.331 Thread 0x0000021bcf204a70 Uncommon trap: trap_request=0xffffff45 fr.pc=0x0000021baab88e84 relative=0x0000000000000964
Event: 14.331 Thread 0x0000021bcf204a70 Uncommon trap: reason=unstable_if action=reinterpret pc=0x0000021baab88e84 method=jdk.internal.org.objectweb.asm.MethodWriter.visitInsn(I)V @ 24 c2
Event: 14.331 Thread 0x0000021bcf204a70 DEOPT PACKING pc=0x0000021baab88e84 sp=0x0000008ba48ef280
Event: 14.331 Thread 0x0000021bcf204a70 DEOPT UNPACKING pc=0x0000021baa4546a2 sp=0x0000008ba48ef268 mode 2
Event: 14.334 Thread 0x0000021bcf204a70 Uncommon trap: trap_request=0xffffff45 fr.pc=0x0000021baab037fc relative=0x0000000000000d1c
Event: 14.334 Thread 0x0000021bcf204a70 Uncommon trap: reason=unstable_if action=reinterpret pc=0x0000021baab037fc method=java.lang.invoke.LambdaForm.useCount(Ljava/lang/invoke/LambdaForm$Name;)I @ 8 c2
Event: 14.334 Thread 0x0000021bcf204a70 DEOPT PACKING pc=0x0000021baab037fc sp=0x0000008ba48f4b50
Event: 14.334 Thread 0x0000021bcf204a70 DEOPT UNPACKING pc=0x0000021baa4546a2 sp=0x0000008ba48f4a20 mode 2
Event: 14.395 Thread 0x0000021bcf204a70 Uncommon trap: trap_request=0xffffff45 fr.pc=0x0000021baabb40c8 relative=0x00000000000011e8
Event: 14.395 Thread 0x0000021bcf204a70 Uncommon trap: reason=unstable_if action=reinterpret pc=0x0000021baabb40c8 method=java.util.concurrent.ConcurrentHashMap.computeIfAbsent(Ljava/lang/Object;Ljava/util/function/Function;)Ljava/lang/Object; @ 312 c2
Event: 14.395 Thread 0x0000021bcf204a70 DEOPT PACKING pc=0x0000021baabb40c8 sp=0x0000008ba48f4720
Event: 14.395 Thread 0x0000021bcf204a70 DEOPT UNPACKING pc=0x0000021baa4546a2 sp=0x0000008ba48f4698 mode 2
Event: 14.552 Thread 0x0000021bcf204a70 Uncommon trap: trap_request=0xffffff45 fr.pc=0x0000021baaa2a370 relative=0x00000000000005d0
Event: 14.552 Thread 0x0000021bcf204a70 Uncommon trap: reason=unstable_if action=reinterpret pc=0x0000021baaa2a370 method=java.util.Properties$LineReader.readLine()I @ 95 c2
Event: 14.552 Thread 0x0000021bcf204a70 DEOPT PACKING pc=0x0000021baaa2a370 sp=0x0000008ba48f7390
Event: 14.552 Thread 0x0000021bcf204a70 DEOPT UNPACKING pc=0x0000021baa4546a2 sp=0x0000008ba48f7340 mode 2
Event: 15.497 Thread 0x0000021bcf204a70 Uncommon trap: trap_request=0xffffffc6 fr.pc=0x0000021baab38468 relative=0x00000000000033e8
Event: 15.497 Thread 0x0000021bcf204a70 Uncommon trap: reason=bimorphic_or_optimized_type_check action=maybe_recompile pc=0x0000021baab38468 method=java.net.URL.<init>(Ljava/net/URL;Ljava/lang/String;Ljava/net/URLStreamHandler;)V @ 504 c2
Event: 15.497 Thread 0x0000021bcf204a70 DEOPT PACKING pc=0x0000021baab38468 sp=0x0000008ba48f6ac0
Event: 15.497 Thread 0x0000021bcf204a70 DEOPT UNPACKING pc=0x0000021baa4546a2 sp=0x0000008ba48f6a40 mode 2

Classes loaded (20 events):
Event: 15.537 Loading class java/nio/file/AccessDeniedException
Event: 15.538 Loading class java/nio/file/AccessDeniedException done
Event: 15.538 Loading class java/nio/file/InvalidPathException
Event: 15.538 Loading class java/nio/file/InvalidPathException done
Event: 15.538 Loading class java/nio/file/attribute/PosixFileAttributeView
Event: 15.539 Loading class java/nio/file/attribute/PosixFileAttributeView done
Event: 15.539 Loading class sun/nio/fs/WindowsSecurityDescriptor
Event: 15.540 Loading class sun/nio/fs/WindowsSecurityDescriptor done
Event: 15.540 Loading class sun/nio/fs/WindowsChannelFactory$2
Event: 15.540 Loading class sun/nio/fs/WindowsChannelFactory$2 done
Event: 15.581 Loading class java/nio/file/SimpleFileVisitor
Event: 15.582 Loading class java/nio/file/SimpleFileVisitor done
Event: 15.584 Loading class java/time/DateTimeException
Event: 15.584 Loading class java/time/DateTimeException done
Event: 15.584 Loading class java/util/regex/PatternSyntaxException
Event: 15.584 Loading class java/util/regex/PatternSyntaxException done
Event: 15.586 Loading class java/nio/file/ClosedDirectoryStreamException
Event: 15.586 Loading class java/nio/file/ClosedDirectoryStreamException done
Event: 15.586 Loading class java/nio/file/DirectoryIteratorException
Event: 15.586 Loading class java/nio/file/DirectoryIteratorException done

Classes unloaded (0 events):
No events

Classes redefined (0 events):
No events

Internal exceptions (20 events):
Event: 13.769 Thread 0x0000021bcf204a70 Exception <a 'java/lang/NoSuchMethodError'{0x00000000ebea8d30}: 'java.lang.Object java.lang.invoke.DirectMethodHandle$Holder.invokeSpecial(java.lang.Object, java.lang.Object, java.lang.Object, java.lang.Object, java.lang.Object, java.lang.Object, java.lang.Object, java.lang.Object, java.lang.Object, java.lang.Object, java.lang.Object, java.lang.Object, java.lang.Object, java.lang.Object, java.lang.Object, java.lang.Object, java.lang.Object, java.lang.Object, java.lang.Object, java.lang.Object, java.lang.Ob
Event: 13.769 Thread 0x0000021bcf204a70 Exception <a 'java/lang/NoSuchMethodError'{0x00000000ebeaeaa0}: 'java.lang.Object java.lang.invoke.DelegatingMethodHandle$Holder.reinvoke_L(java.lang.Object, java.lang.Object, java.lang.Object, java.lang.Object, java.lang.Object, java.lang.Object, java.lang.Object, java.lang.Object, java.lang.Object, java.lang.Object, java.lang.Object, java.lang.Object, java.lang.Object, java.lang.Object, java.lang.Object, java.lang.Object, java.lang.Object, java.lang.Object, java.lang.Object, java.lang.Object)'> (0x000000
Event: 13.816 Thread 0x0000021bcf204a70 Exception <a 'java/lang/NoSuchMethodError'{0x00000000ebdfb1e8}: 'java.lang.Object java.lang.invoke.DirectMethodHandle$Holder.newInvokeSpecial(java.lang.Object, java.lang.Object, java.lang.Object, java.lang.Object, java.lang.Object, java.lang.Object, java.lang.Object, java.lang.Object, java.lang.Object, java.lang.Object, java.lang.Object, java.lang.Object)'> (0x00000000ebdfb1e8) 
thrown [s\open\src\hotspot\share\interpreter\linkResolver.cpp, line 773]
Event: 14.123 Thread 0x0000021bcf204a70 Exception <a 'java/lang/NoSuchMethodError'{0x00000000eb6a1718}: 'void java.lang.invoke.DirectMethodHandle$Holder.invokeInterface(java.lang.Object, java.lang.Object, java.lang.Object, java.lang.Object, java.lang.Object, java.lang.Object, java.lang.Object)'> (0x00000000eb6a1718) 
thrown [s\open\src\hotspot\share\interpreter\linkResolver.cpp, line 773]
Event: 14.124 Thread 0x0000021bcf204a70 Exception <a 'java/lang/NoSuchMethodError'{0x00000000eb6a62c0}: 'void java.lang.invoke.DelegatingMethodHandle$Holder.reinvoke_L(java.lang.Object, java.lang.Object, java.lang.Object, java.lang.Object, java.lang.Object, java.lang.Object, java.lang.Object)'> (0x00000000eb6a62c0) 
thrown [s\open\src\hotspot\share\interpreter\linkResolver.cpp, line 773]
Event: 14.331 Thread 0x0000021bcf204a70 Implicit null exception at 0x0000021baaac19b6 to 0x0000021baaac1ed4
Event: 14.331 Thread 0x0000021bcf204a70 Implicit null exception at 0x0000021baab46019 to 0x0000021baab46394
Event: 14.331 Thread 0x0000021bcf204a70 Implicit null exception at 0x0000021baab885b1 to 0x0000021baab88e74
Event: 14.331 Thread 0x0000021bcf204a70 Exception <a 'java/lang/NoSuchMethodError'{0x00000000eb24c148}: 'java.lang.reflect.Method[] java.lang.Class.getDeclaredMethods(java.lang.Class)'> (0x00000000eb24c148) 
thrown [s\open\src\hotspot\share\interpreter\linkResolver.cpp, line 773]
Event: 14.384 Thread 0x0000021bcf204a70 Exception <a 'java/lang/NoSuchMethodError'{0x00000000eb1e04d0}: 'void java.lang.invoke.DirectMethodHandle$Holder.invokeStaticInit(java.lang.Object, java.lang.Object, java.lang.Object)'> (0x00000000eb1e04d0) 
thrown [s\open\src\hotspot\share\interpreter\linkResolver.cpp, line 773]
Event: 14.385 Thread 0x0000021bcf204a70 Exception <a 'java/lang/NoSuchMethodError'{0x00000000eb1e73e8}: 'void java.lang.invoke.DirectMethodHandle$Holder.invokeStaticInit(java.lang.Object, java.lang.Object, java.lang.Object, java.lang.Object)'> (0x00000000eb1e73e8) 
thrown [s\open\src\hotspot\share\interpreter\linkResolver.cpp, line 773]
Event: 14.388 Thread 0x0000021bcf204a70 Exception <a 'java/lang/NoSuchMethodError'{0x00000000eb0096e0}: 'void java.lang.invoke.DirectMethodHandle$Holder.invokeStaticInit(java.lang.Object, java.lang.Object, java.lang.Object, java.lang.Object, java.lang.Object)'> (0x00000000eb0096e0) 
thrown [s\open\src\hotspot\share\interpreter\linkResolver.cpp, line 773]
Event: 14.411 Thread 0x0000021bcf204a70 Exception <a 'java/lang/NoSuchMethodError'{0x00000000eb062950}: 'int java.lang.invoke.DirectMethodHandle$Holder.invokeStaticInit(java.lang.Object, java.lang.Object, java.lang.Object, java.lang.Object)'> (0x00000000eb062950) 
thrown [s\open\src\hotspot\share\interpreter\linkResolver.cpp, line 773]
Event: 15.155 Thread 0x0000021bcf204a70 Exception <a 'java/lang/ClassNotFoundException'{0x00000000ea6de1d8}: groovy/lang/ExpandoMetaClassBeanInfo> (0x00000000ea6de1d8) 
thrown [s\open\src\hotspot\share\classfile\systemDictionary.cpp, line 312]
Event: 15.156 Thread 0x0000021bcf204a70 Exception <a 'java/lang/ClassNotFoundException'{0x00000000ea6e8890}: groovy/lang/MetaClassImplBeanInfo> (0x00000000ea6e8890) 
thrown [s\open\src\hotspot\share\classfile\systemDictionary.cpp, line 312]
Event: 15.157 Thread 0x0000021bcf204a70 Exception <a 'java/lang/ClassNotFoundException'{0x00000000ea6ee6e8}: java/lang/ObjectBeanInfo> (0x00000000ea6ee6e8) 
thrown [s\open\src\hotspot\share\classfile\systemDictionary.cpp, line 312]
Event: 15.158 Thread 0x0000021bcf204a70 Exception <a 'java/lang/ClassNotFoundException'{0x00000000ea6f59b8}: java/lang/ObjectCustomizer> (0x00000000ea6f59b8) 
thrown [s\open\src\hotspot\share\classfile\systemDictionary.cpp, line 312]
Event: 15.162 Thread 0x0000021bcf204a70 Exception <a 'java/lang/IncompatibleClassChangeError'{0x00000000ea506cc0}: Found class java.lang.Object, but interface was expected> (0x00000000ea506cc0) 
thrown [s\open\src\hotspot\share\interpreter\linkResolver.cpp, line 840]
Event: 15.170 Thread 0x0000021bcf204a70 Exception <a 'java/lang/ClassNotFoundException'{0x00000000ea5239a8}: groovy/lang/MetaClassImplCustomizer> (0x00000000ea5239a8) 
thrown [s\open\src\hotspot\share\classfile\systemDictionary.cpp, line 312]
Event: 15.176 Thread 0x0000021bcf204a70 Exception <a 'java/lang/ClassNotFoundException'{0x00000000ea54d238}: groovy/lang/ExpandoMetaClassCustomizer> (0x00000000ea54d238) 
thrown [s\open\src\hotspot\share\classfile\systemDictionary.cpp, line 312]

ZGC Phase Switch (0 events):
No events

VM Operations (20 events):
Event: 14.306 Executing VM operation: HandshakeAllThreads (Deoptimize)
Event: 14.306 Executing VM operation: HandshakeAllThreads (Deoptimize) done
Event: 14.539 Executing VM operation: ICBufferFull
Event: 14.539 Executing VM operation: ICBufferFull done
Event: 14.761 Executing VM operation: HandshakeAllThreads (Deoptimize)
Event: 14.761 Executing VM operation: HandshakeAllThreads (Deoptimize) done
Event: 14.929 Executing VM operation: HandshakeAllThreads (Deoptimize)
Event: 14.929 Executing VM operation: HandshakeAllThreads (Deoptimize) done
Event: 15.299 Executing VM operation: CollectForMetadataAllocation (Metadata GC Threshold)
Event: 15.362 Executing VM operation: CollectForMetadataAllocation (Metadata GC Threshold) done
Event: 15.452 Executing VM operation: CollectForMetadataAllocation (Metadata GC Threshold)
Event: 15.472 Executing VM operation: CollectForMetadataAllocation (Metadata GC Threshold) done
Event: 15.498 Executing VM operation: HandshakeAllThreads (Deoptimize)
Event: 15.498 Executing VM operation: HandshakeAllThreads (Deoptimize) done
Event: 15.499 Executing VM operation: HandshakeAllThreads (Deoptimize)
Event: 15.499 Executing VM operation: HandshakeAllThreads (Deoptimize) done
Event: 15.509 Executing VM operation: HandshakeAllThreads (Deoptimize)
Event: 15.509 Executing VM operation: HandshakeAllThreads (Deoptimize) done
Event: 15.590 Executing VM operation: CollectForMetadataAllocation (Metadata GC Threshold)
Event: 15.593 Executing VM operation: CollectForMetadataAllocation (Metadata GC Threshold) done

Events (20 events):
Event: 11.351 Thread 0x0000021bcec69230 Thread added: 0x0000021bcec69230
Event: 11.482 Thread 0x0000021bcede9020 Thread added: 0x0000021bcede9020
Event: 11.538 Thread 0x0000021bcec64a00 Thread added: 0x0000021bcec64a00
Event: 11.538 Thread 0x0000021bcec68510 Thread added: 0x0000021bcec68510
Event: 11.538 Thread 0x0000021bcec65090 Thread added: 0x0000021bcec65090
Event: 11.538 Thread 0x0000021bcec677f0 Thread added: 0x0000021bcec677f0
Event: 11.661 Thread 0x0000021bcede9020 Thread exited: 0x0000021bcede9020
Event: 12.296 Thread 0x0000021bd01db180 Thread added: 0x0000021bd01db180
Event: 12.501 Thread 0x0000021bd01db180 Thread exited: 0x0000021bd01db180
Event: 12.586 Thread 0x0000021bceeab410 Thread added: 0x0000021bceeab410
Event: 12.891 Thread 0x0000021bcec65db0 Thread added: 0x0000021bcec65db0
Event: 12.996 Thread 0x0000021bcec66440 Thread added: 0x0000021bcec66440
Event: 13.052 Thread 0x0000021bcec65720 Thread added: 0x0000021bcec65720
Event: 13.074 Thread 0x0000021bcec68ba0 Thread added: 0x0000021bcec68ba0
Event: 13.328 Thread 0x0000021bceeab410 Thread exited: 0x0000021bceeab410
Event: 13.340 Thread 0x0000021bcec698c0 Thread added: 0x0000021bcec698c0
Event: 13.548 Thread 0x0000021bcec66ad0 Thread added: 0x0000021bcec66ad0
Event: 14.402 Thread 0x0000021bd1572030 Thread added: 0x0000021bd1572030
Event: 15.036 Thread 0x0000021bd1572030 Thread exited: 0x0000021bd1572030
Event: 15.572 Thread 0x0000021bcec31000 Thread added: 0x0000021bcec31000


Dynamic libraries:
0x00007ff6ec400000 - 0x00007ff6ec410000 	C:\Program Files\Java\jdk-21.0.10\bin\java.exe
0x00007ffcb3d30000 - 0x00007ffcb3f28000 	C:\WINDOWS\SYSTEM32\ntdll.dll
0x00007ffcb32f0000 - 0x00007ffcb33b2000 	C:\WINDOWS\System32\KERNEL32.DLL
0x00007ffcb13b0000 - 0x00007ffcb16a7000 	C:\WINDOWS\System32\KERNELBASE.dll
0x00007ffcb16b0000 - 0x00007ffcb17b0000 	C:\WINDOWS\System32\ucrtbase.dll
0x00007ffc9d7e0000 - 0x00007ffc9d7fe000 	C:\Program Files\Java\jdk-21.0.10\bin\VCRUNTIME140.dll
0x00007ffc9d400000 - 0x00007ffc9d419000 	C:\Program Files\Java\jdk-21.0.10\bin\jli.dll
0x00007ffcb1e70000 - 0x00007ffcb1f21000 	C:\WINDOWS\System32\ADVAPI32.dll
0x00007ffcb1dd0000 - 0x00007ffcb1e6e000 	C:\WINDOWS\System32\msvcrt.dll
0x00007ffcb2230000 - 0x00007ffcb22cf000 	C:\WINDOWS\System32\sechost.dll
0x00007ffcb2880000 - 0x00007ffcb29a0000 	C:\WINDOWS\System32\RPCRT4.dll
0x00007ffcb17b0000 - 0x00007ffcb17d7000 	C:\WINDOWS\System32\bcrypt.dll
0x00007ffcb2500000 - 0x00007ffcb26a1000 	C:\WINDOWS\System32\USER32.dll
0x00007ffcb1a80000 - 0x00007ffcb1aa2000 	C:\WINDOWS\System32\win32u.dll
0x00007ffcb1da0000 - 0x00007ffcb1dcb000 	C:\WINDOWS\System32\GDI32.dll
0x00007ffca36b0000 - 0x00007ffca394b000 	C:\WINDOWS\WinSxS\amd64_microsoft.windows.common-controls_6595b64144ccf1df_6.0.19041.6456_none_60b8a6cb71f64256\COMCTL32.dll
0x00007ffcb1b50000 - 0x00007ffcb1c69000 	C:\WINDOWS\System32\gdi32full.dll
0x00007ffcb1ab0000 - 0x00007ffcb1b4d000 	C:\WINDOWS\System32\msvcp_win.dll
0x00007ffca7960000 - 0x00007ffca796a000 	C:\WINDOWS\SYSTEM32\VERSION.dll
0x00007ffcb24b0000 - 0x00007ffcb24df000 	C:\WINDOWS\System32\IMM32.DLL
0x00007ffca7a10000 - 0x00007ffca7a1c000 	C:\Program Files\Java\jdk-21.0.10\bin\vcruntime140_1.dll
0x00007ffc91640000 - 0x00007ffc916cd000 	C:\Program Files\Java\jdk-21.0.10\bin\msvcp140.dll
0x00007ffc71830000 - 0x00007ffc72557000 	C:\Program Files\Java\jdk-21.0.10\bin\server\jvm.dll
0x00007ffcb2800000 - 0x00007ffcb286b000 	C:\WINDOWS\System32\WS2_32.dll
0x00007ffcb08b0000 - 0x00007ffcb08fb000 	C:\WINDOWS\SYSTEM32\POWRPROF.dll
0x00007ffc97b40000 - 0x00007ffc97b67000 	C:\WINDOWS\SYSTEM32\WINMM.dll
0x00007ffcb0770000 - 0x00007ffcb0782000 	C:\WINDOWS\SYSTEM32\UMPDC.dll
0x00007ffcaf100000 - 0x00007ffcaf112000 	C:\WINDOWS\SYSTEM32\kernel.appcore.dll
0x00007ffca7940000 - 0x00007ffca794a000 	C:\Program Files\Java\jdk-21.0.10\bin\jimage.dll
0x00007ffca3950000 - 0x00007ffca3b51000 	C:\WINDOWS\SYSTEM32\DBGHELP.DLL
0x00007ffc9f280000 - 0x00007ffc9f2b4000 	C:\WINDOWS\SYSTEM32\dbgcore.DLL
0x00007ffcb19f0000 - 0x00007ffcb1a72000 	C:\WINDOWS\System32\bcryptPrimitives.dll
0x00007ffca77c0000 - 0x00007ffca77d0000 	C:\Program Files\Java\jdk-21.0.10\bin\instrument.dll
0x00007ffc9f080000 - 0x00007ffc9f0a1000 	C:\Program Files\Java\jdk-21.0.10\bin\java.dll
0x00007ffcb3570000 - 0x00007ffcb3ce1000 	C:\WINDOWS\System32\SHELL32.dll
0x00007ffcaf3e0000 - 0x00007ffcafb86000 	C:\WINDOWS\SYSTEM32\windows.storage.dll
0x00007ffcb2f90000 - 0x00007ffcb32e3000 	C:\WINDOWS\System32\combase.dll
0x00007ffcb0d00000 - 0x00007ffcb0d2b000 	C:\WINDOWS\SYSTEM32\Wldp.dll
0x00007ffcb2730000 - 0x00007ffcb27fd000 	C:\WINDOWS\System32\OLEAUT32.dll
0x00007ffcb2180000 - 0x00007ffcb222d000 	C:\WINDOWS\System32\SHCORE.dll
0x00007ffcb1d40000 - 0x00007ffcb1d9b000 	C:\WINDOWS\System32\shlwapi.dll
0x00007ffcb12e0000 - 0x00007ffcb1304000 	C:\WINDOWS\SYSTEM32\profapi.dll
0x00007ffc90ca0000 - 0x00007ffc90d77000 	C:\Program Files\Java\jdk-21.0.10\bin\jsvml.dll
0x00007ffc9d800000 - 0x00007ffc9d818000 	C:\Program Files\Java\jdk-21.0.10\bin\zip.dll
0x00007ffc9d3e0000 - 0x00007ffc9d3f1000 	C:\Program Files\Java\jdk-21.0.10\bin\net.dll
0x00007ffcaa9e0000 - 0x00007ffcaaaea000 	C:\WINDOWS\SYSTEM32\WINHTTP.dll
0x00007ffcb0ae0000 - 0x00007ffcb0b4a000 	C:\WINDOWS\system32\mswsock.dll
0x00007ffc9b430000 - 0x00007ffc9b446000 	C:\Program Files\Java\jdk-21.0.10\bin\nio.dll
0x00007ffcac200000 - 0x00007ffcac210000 	C:\Program Files\Java\jdk-21.0.10\bin\verify.dll
0x00007ffc9d440000 - 0x00007ffc9d467000 	C:\Users\Sarobidy\.gradle\native\c067742578af261105cb4f569cf0c3c89f3d7b1fecec35dd04571415982c5e48\windows-amd64\native-platform.dll
0x00007ffc8ff70000 - 0x00007ffc900b4000 	C:\Users\Sarobidy\.gradle\native\38dada09dfb8b06ba9b0570ebf7e218e3eb74d4ef43ca46872605cf95ebc2f47\windows-amd64\native-platform-file-events.dll
0x00007ffca53c0000 - 0x00007ffca53ca000 	C:\Program Files\Java\jdk-21.0.10\bin\management.dll
0x00007ffca53b0000 - 0x00007ffca53bc000 	C:\Program Files\Java\jdk-21.0.10\bin\management_ext.dll
0x00007ffcb2870000 - 0x00007ffcb2878000 	C:\WINDOWS\System32\PSAPI.DLL
0x00007ffcb1050000 - 0x00007ffcb1068000 	C:\WINDOWS\SYSTEM32\CRYPTSP.dll
0x00007ffcb03b0000 - 0x00007ffcb03e8000 	C:\WINDOWS\system32\rsaenh.dll
0x00007ffcb12a0000 - 0x00007ffcb12ce000 	C:\WINDOWS\SYSTEM32\USERENV.dll
0x00007ffcb0c70000 - 0x00007ffcb0c7c000 	C:\WINDOWS\SYSTEM32\CRYPTBASE.dll
0x00007ffcb0790000 - 0x00007ffcb07cb000 	C:\WINDOWS\SYSTEM32\IPHLPAPI.DLL
0x00007ffcb2720000 - 0x00007ffcb2728000 	C:\WINDOWS\System32\NSI.dll
0x00007ffca53a0000 - 0x00007ffca53a9000 	C:\Program Files\Java\jdk-21.0.10\bin\extnet.dll
0x00007ffcac290000 - 0x00007ffcac29e000 	C:\Program Files\Java\jdk-21.0.10\bin\sunmscapi.dll
0x00007ffcb17e0000 - 0x00007ffcb193d000 	C:\WINDOWS\System32\CRYPT32.dll
0x00007ffcb0d70000 - 0x00007ffcb0d97000 	C:\WINDOWS\SYSTEM32\ncrypt.dll
0x00007ffcb0d30000 - 0x00007ffcb0d6b000 	C:\WINDOWS\SYSTEM32\NTASN1.dll
0x00007ffca7880000 - 0x00007ffca7887000 	C:\WINDOWS\system32\wshunix.dll

dbghelp: loaded successfully - version: 4.0.5 - missing functions: none
symbol engine: initialized successfully - sym options: 0x614 - pdb path: .;C:\Program Files\Java\jdk-21.0.10\bin;C:\WINDOWS\SYSTEM32;C:\WINDOWS\WinSxS\amd64_microsoft.windows.common-controls_6595b64144ccf1df_6.0.19041.6456_none_60b8a6cb71f64256;C:\Program Files\Java\jdk-21.0.10\bin\server;C:\Users\Sarobidy\.gradle\native\c067742578af261105cb4f569cf0c3c89f3d7b1fecec35dd04571415982c5e48\windows-amd64;C:\Users\Sarobidy\.gradle\native\38dada09dfb8b06ba9b0570ebf7e218e3eb74d4ef43ca46872605cf95ebc2f47\windows-amd64

VM Arguments:
jvm_args: --add-opens=java.base/java.util=ALL-UNNAMED --add-opens=java.base/java.lang=ALL-UNNAMED --add-opens=java.base/java.lang.invoke=ALL-UNNAMED --add-opens=java.prefs/java.util.prefs=ALL-UNNAMED --add-opens=java.base/java.nio.charset=ALL-UNNAMED --add-opens=java.base/java.net=ALL-UNNAMED --add-opens=java.base/java.util.concurrent.atomic=ALL-UNNAMED -XX:MaxMetaspaceSize=384m -XX:+HeapDumpOnOutOfMemoryError -Xms256m -Xmx512m -Dfile.encoding=UTF-8 -Duser.country=FR -Duser.language=fr -Duser.variant -javaagent:C:\Users\Sarobidy\.gradle\wrapper\dists\gradle-8.5-bin\5t9huq95ubn472n8rpzujfbqh\gradle-8.5\lib\agents\gradle-instrumentation-agent-8.5.jar 
java_command: org.gradle.launcher.daemon.bootstrap.GradleDaemon 8.5
java_class_path (initial): C:\Users\Sarobidy\.gradle\wrapper\dists\gradle-8.5-bin\5t9huq95ubn472n8rpzujfbqh\gradle-8.5\lib\gradle-launcher-8.5.jar
Launcher Type: SUN_STANDARD

[Global flags]
     intx CICompilerCount                          = 3                                         {product} {ergonomic}
   size_t CompressedClassSpaceSize                 = 335544320                                 {product} {ergonomic}
     uint ConcGCThreads                            = 1                                         {product} {ergonomic}
     uint G1ConcRefinementThreads                  = 4                                         {product} {ergonomic}
   size_t G1HeapRegionSize                         = 1048576                                   {product} {ergonomic}
    uintx GCDrainStackTargetSize                   = 64                                        {product} {ergonomic}
     bool HeapDumpOnOutOfMemoryError               = true                                   {manageable} {command line}
   size_t InitialHeapSize                          = 268435456                                 {product} {command line}
   size_t MarkStackSize                            = 4194304                                   {product} {ergonomic}
   size_t MaxHeapSize                              = 536870912                                 {product} {command line}
   size_t MaxMetaspaceSize                         = 402653184                                 {product} {command line}
   size_t MaxNewSize                               = 321912832                                 {product} {ergonomic}
   size_t MinHeapDeltaBytes                        = 1048576                                   {product} {ergonomic}
   size_t MinHeapSize                              = 268435456                                 {product} {command line}
    uintx NonNMethodCodeHeapSize                   = 5832780                                {pd product} {ergonomic}
    uintx NonProfiledCodeHeapSize                  = 122912730                              {pd product} {ergonomic}
    uintx ProfiledCodeHeapSize                     = 122912730                              {pd product} {ergonomic}
    uintx ReservedCodeCacheSize                    = 251658240                              {pd product} {ergonomic}
     bool SegmentedCodeCache                       = true                                      {product} {ergonomic}
   size_t SoftMaxHeapSize                          = 536870912                              {manageable} {ergonomic}
     bool UseCompressedOops                        = true                           {product lp64_product} {ergonomic}
     bool UseG1GC                                  = true                                      {product} {ergonomic}
     bool UseLargePagesIndividualAllocation        = false                                  {pd product} {ergonomic}

Logging:
Log output configuration:
 #0: stdout all=warning uptime,level,tags foldmultilines=false
 #1: stderr all=off uptime,level,tags foldmultilines=false

Environment Variables:
JAVA_HOME=C:\Program Files\Java\jdk-21.0.10
PATH=C:\Program Files (x86)\VMware\VMware Workstation\bin\;C:\WINDOWS\system32;C:\WINDOWS;C:\WINDOWS\System32\Wbem;C:\WINDOWS\System32\WindowsPowerShell\v1.0\;C:\WINDOWS\System32\OpenSSH\;C:\Program Files\Git\cmd;C:\php;C:\ProgramData\ComposerSetup\bin;C:\Program Files\Java\jdk-21.0.10\bin;C:\Program Files\Apache\Maven\apache-maven-3.9.13-bin\apache-maven-3.9.13\bin;C:\Program Files\PostgreSQL\17\bin;C:\Program Files\KeePassXC\;%NVM_HOME%;%NVM_SYMLINK%;C:\Program Files\nodejs\;C:\Program Files\Apache\Maven\apache-maven-3.9.13-bin\apache-maven-3.9.13\bin;C:\Users\Sarobidy\AppData\Local\Programs\Microsoft VS Code\bin;C:\Users\Sarobidy\AppData\Local\Python\bin;C:\Users\Sarobidy\AppData\Local\nvm;C:\nvm4w\nodejs;C:\Users\Sarobidy\AppData\Roaming\npm
USERNAME=Sarobidy
OS=Windows_NT
PROCESSOR_IDENTIFIER=Intel64 Family 6 Model 58 Stepping 9, GenuineIntel
TMP=C:\Users\Sarobidy\AppData\Local\Temp
TEMP=C:\Users\Sarobidy\AppData\Local\Temp




Periodic native trim disabled

---------------  S Y S T E M  ---------------

OS:
 Windows 10 , 64 bit Build 19041 (10.0.19041.6807)
OS uptime: 0 days 5:34 hours
Hyper-V role detected

CPU: total 4 (initial active 4) (2 cores per cpu, 2 threads per core) family 6 model 58 stepping 9 microcode 0x21, cx8, cmov, fxsr, ht, mmx, sse, sse2, sse3, ssse3, sse4.1, sse4.2, popcnt, tsc, tscinvbit, avx, aes, erms, clmul, vzeroupper, clflush, hv, rdtscp, f16c
Processor Information for all 4 processors :
  Max Mhz: 2601, Current Mhz: 2601, Mhz Limit: 2601

Memory: 4k page, system-wide physical 6017M (974M free)
TotalPageFile size 8017M (AvailPageFile size 1M)
current process WorkingSet (physical memory assigned to process): 297M, peak: 298M
current process commit charge ("private bytes"): 425M, peak: 431M

vm_info: Java HotSpot(TM) 64-Bit Server VM (21.0.10+8-LTS-217) for windows-amd64 JRE (21.0.10+8-LTS-217), built on 2025-12-18T14:59:28Z by "mach5run" with MS VC++ 17.13 (VS2022)

END.
